<?xml version="1.0"?>
<link_info>
   <banner>MSP430 Linker PC v4.2.1</banner>
   <copyright>Copyright (c) 2003-2013 Texas Instruments Incorporated</copyright>
   <link_time>0x5783fb34</link_time>
   <link_errors>0x0</link_errors>
   <output_file>BPS_2015v1.out</output_file>
   <entry_point>
      <name>_c_int00</name>
      <address>0x5e60</address>
   </entry_point>
   <input_file_list>
      <input_file id="fl-2">
         <path>.\</path>
         <kind>object</kind>
         <file>main.obj</file>
         <name>main.obj</name>
      </input_file>
      <input_file id="fl-3">
         <path>.\</path>
         <kind>object</kind>
         <file>io_init.obj</file>
         <name>io_init.obj</name>
      </input_file>
      <input_file id="fl-4">
         <path>.\</path>
         <kind>object</kind>
         <file>clock_init.obj</file>
         <name>clock_init.obj</name>
      </input_file>
      <input_file id="fl-5">
         <path>.\</path>
         <kind>object</kind>
         <file>adcspi.obj</file>
         <name>adcspi.obj</name>
      </input_file>
      <input_file id="fl-6">
         <path>.\</path>
         <kind>object</kind>
         <file>ad7739_func.obj</file>
         <name>ad7739_func.obj</name>
      </input_file>
      <input_file id="fl-7">
         <path>.\</path>
         <kind>object</kind>
         <file>RS232.obj</file>
         <name>RS232.obj</name>
      </input_file>
      <input_file id="fl-8">
         <path>.\</path>
         <kind>object</kind>
         <file>LTCspi.obj</file>
         <name>LTCspi.obj</name>
      </input_file>
      <input_file id="fl-9">
         <path>.\</path>
         <kind>object</kind>
         <file>LTC6803.obj</file>
         <name>LTC6803.obj</name>
      </input_file>
      <input_file id="fl-29">
         <path>C:\ti\ccsv5\tools\compiler\msp430_4.2.1\lib\</path>
         <kind>archive</kind>
         <file>rts430x_lc_sd_eabi.lib</file>
         <name>abs.obj</name>
      </input_file>
      <input_file id="fl-2a">
         <path>C:\ti\ccsv5\tools\compiler\msp430_4.2.1\lib\</path>
         <kind>archive</kind>
         <file>rts430x_lc_sd_eabi.lib</file>
         <name>boot.obj</name>
      </input_file>
      <input_file id="fl-2b">
         <path>C:\ti\ccsv5\tools\compiler\msp430_4.2.1\lib\</path>
         <kind>archive</kind>
         <file>rts430x_lc_sd_eabi.lib</file>
         <name>copy_decompress_none.obj</name>
      </input_file>
      <input_file id="fl-2c">
         <path>C:\ti\ccsv5\tools\compiler\msp430_4.2.1\lib\</path>
         <kind>archive</kind>
         <file>rts430x_lc_sd_eabi.lib</file>
         <name>copy_decompress_rle.obj</name>
      </input_file>
      <input_file id="fl-2d">
         <path>C:\ti\ccsv5\tools\compiler\msp430_4.2.1\lib\</path>
         <kind>archive</kind>
         <file>rts430x_lc_sd_eabi.lib</file>
         <name>copy_zero_init.obj</name>
      </input_file>
      <input_file id="fl-2e">
         <path>C:\ti\ccsv5\tools\compiler\msp430_4.2.1\lib\</path>
         <kind>archive</kind>
         <file>rts430x_lc_sd_eabi.lib</file>
         <name>cpy_util.obj</name>
      </input_file>
      <input_file id="fl-2f">
         <path>C:\ti\ccsv5\tools\compiler\msp430_4.2.1\lib\</path>
         <kind>archive</kind>
         <file>rts430x_lc_sd_eabi.lib</file>
         <name>cvtdf.obj</name>
      </input_file>
      <input_file id="fl-30">
         <path>C:\ti\ccsv5\tools\compiler\msp430_4.2.1\lib\</path>
         <kind>archive</kind>
         <file>rts430x_lc_sd_eabi.lib</file>
         <name>cvtfd.obj</name>
      </input_file>
      <input_file id="fl-31">
         <path>C:\ti\ccsv5\tools\compiler\msp430_4.2.1\lib\</path>
         <kind>archive</kind>
         <file>rts430x_lc_sd_eabi.lib</file>
         <name>div16s.obj</name>
      </input_file>
      <input_file id="fl-32">
         <path>C:\ti\ccsv5\tools\compiler\msp430_4.2.1\lib\</path>
         <kind>archive</kind>
         <file>rts430x_lc_sd_eabi.lib</file>
         <name>div16u.obj</name>
      </input_file>
      <input_file id="fl-33">
         <path>C:\ti\ccsv5\tools\compiler\msp430_4.2.1\lib\</path>
         <kind>archive</kind>
         <file>rts430x_lc_sd_eabi.lib</file>
         <name>divd.obj</name>
      </input_file>
      <input_file id="fl-34">
         <path>C:\ti\ccsv5\tools\compiler\msp430_4.2.1\lib\</path>
         <kind>archive</kind>
         <file>rts430x_lc_sd_eabi.lib</file>
         <name>exit.obj</name>
      </input_file>
      <input_file id="fl-35">
         <path>C:\ti\ccsv5\tools\compiler\msp430_4.2.1\lib\</path>
         <kind>archive</kind>
         <file>rts430x_lc_sd_eabi.lib</file>
         <name>fltud.obj</name>
      </input_file>
      <input_file id="fl-36">
         <path>C:\ti\ccsv5\tools\compiler\msp430_4.2.1\lib\</path>
         <kind>archive</kind>
         <file>rts430x_lc_sd_eabi.lib</file>
         <name>fltuld.obj</name>
      </input_file>
      <input_file id="fl-37">
         <path>C:\ti\ccsv5\tools\compiler\msp430_4.2.1\lib\</path>
         <kind>archive</kind>
         <file>rts430x_lc_sd_eabi.lib</file>
         <name>frcdivd.obj</name>
      </input_file>
      <input_file id="fl-38">
         <path>C:\ti\ccsv5\tools\compiler\msp430_4.2.1\lib\</path>
         <kind>archive</kind>
         <file>rts430x_lc_sd_eabi.lib</file>
         <name>fs_ltof.obj</name>
      </input_file>
      <input_file id="fl-39">
         <path>C:\ti\ccsv5\tools\compiler\msp430_4.2.1\lib\</path>
         <kind>archive</kind>
         <file>rts430x_lc_sd_eabi.lib</file>
         <name>fs_mpy.obj</name>
      </input_file>
      <input_file id="fl-3a">
         <path>C:\ti\ccsv5\tools\compiler\msp430_4.2.1\lib\</path>
         <kind>archive</kind>
         <file>rts430x_lc_sd_eabi.lib</file>
         <name>fs_toi.obj</name>
      </input_file>
      <input_file id="fl-3b">
         <path>C:\ti\ccsv5\tools\compiler\msp430_4.2.1\lib\</path>
         <kind>archive</kind>
         <file>rts430x_lc_sd_eabi.lib</file>
         <name>int41.obj</name>
      </input_file>
      <input_file id="fl-3c">
         <path>C:\ti\ccsv5\tools\compiler\msp430_4.2.1\lib\</path>
         <kind>archive</kind>
         <file>rts430x_lc_sd_eabi.lib</file>
         <name>int42.obj</name>
      </input_file>
      <input_file id="fl-3d">
         <path>C:\ti\ccsv5\tools\compiler\msp430_4.2.1\lib\</path>
         <kind>archive</kind>
         <file>rts430x_lc_sd_eabi.lib</file>
         <name>int43.obj</name>
      </input_file>
      <input_file id="fl-3e">
         <path>C:\ti\ccsv5\tools\compiler\msp430_4.2.1\lib\</path>
         <kind>archive</kind>
         <file>rts430x_lc_sd_eabi.lib</file>
         <name>int45.obj</name>
      </input_file>
      <input_file id="fl-3f">
         <path>C:\ti\ccsv5\tools\compiler\msp430_4.2.1\lib\</path>
         <kind>archive</kind>
         <file>rts430x_lc_sd_eabi.lib</file>
         <name>int46.obj</name>
      </input_file>
      <input_file id="fl-40">
         <path>C:\ti\ccsv5\tools\compiler\msp430_4.2.1\lib\</path>
         <kind>archive</kind>
         <file>rts430x_lc_sd_eabi.lib</file>
         <name>int47.obj</name>
      </input_file>
      <input_file id="fl-41">
         <path>C:\ti\ccsv5\tools\compiler\msp430_4.2.1\lib\</path>
         <kind>archive</kind>
         <file>rts430x_lc_sd_eabi.lib</file>
         <name>int48.obj</name>
      </input_file>
      <input_file id="fl-42">
         <path>C:\ti\ccsv5\tools\compiler\msp430_4.2.1\lib\</path>
         <kind>archive</kind>
         <file>rts430x_lc_sd_eabi.lib</file>
         <name>int49.obj</name>
      </input_file>
      <input_file id="fl-43">
         <path>C:\ti\ccsv5\tools\compiler\msp430_4.2.1\lib\</path>
         <kind>archive</kind>
         <file>rts430x_lc_sd_eabi.lib</file>
         <name>int50.obj</name>
      </input_file>
      <input_file id="fl-44">
         <path>C:\ti\ccsv5\tools\compiler\msp430_4.2.1\lib\</path>
         <kind>archive</kind>
         <file>rts430x_lc_sd_eabi.lib</file>
         <name>int51.obj</name>
      </input_file>
      <input_file id="fl-45">
         <path>C:\ti\ccsv5\tools\compiler\msp430_4.2.1\lib\</path>
         <kind>archive</kind>
         <file>rts430x_lc_sd_eabi.lib</file>
         <name>int52.obj</name>
      </input_file>
      <input_file id="fl-46">
         <path>C:\ti\ccsv5\tools\compiler\msp430_4.2.1\lib\</path>
         <kind>archive</kind>
         <file>rts430x_lc_sd_eabi.lib</file>
         <name>int53.obj</name>
      </input_file>
      <input_file id="fl-47">
         <path>C:\ti\ccsv5\tools\compiler\msp430_4.2.1\lib\</path>
         <kind>archive</kind>
         <file>rts430x_lc_sd_eabi.lib</file>
         <name>int54.obj</name>
      </input_file>
      <input_file id="fl-48">
         <path>C:\ti\ccsv5\tools\compiler\msp430_4.2.1\lib\</path>
         <kind>archive</kind>
         <file>rts430x_lc_sd_eabi.lib</file>
         <name>int55.obj</name>
      </input_file>
      <input_file id="fl-49">
         <path>C:\ti\ccsv5\tools\compiler\msp430_4.2.1\lib\</path>
         <kind>archive</kind>
         <file>rts430x_lc_sd_eabi.lib</file>
         <name>int56.obj</name>
      </input_file>
      <input_file id="fl-4a">
         <path>C:\ti\ccsv5\tools\compiler\msp430_4.2.1\lib\</path>
         <kind>archive</kind>
         <file>rts430x_lc_sd_eabi.lib</file>
         <name>int57.obj</name>
      </input_file>
      <input_file id="fl-4b">
         <path>C:\ti\ccsv5\tools\compiler\msp430_4.2.1\lib\</path>
         <kind>archive</kind>
         <file>rts430x_lc_sd_eabi.lib</file>
         <name>int58.obj</name>
      </input_file>
      <input_file id="fl-4c">
         <path>C:\ti\ccsv5\tools\compiler\msp430_4.2.1\lib\</path>
         <kind>archive</kind>
         <file>rts430x_lc_sd_eabi.lib</file>
         <name>int59.obj</name>
      </input_file>
      <input_file id="fl-4d">
         <path>C:\ti\ccsv5\tools\compiler\msp430_4.2.1\lib\</path>
         <kind>archive</kind>
         <file>rts430x_lc_sd_eabi.lib</file>
         <name>int61.obj</name>
      </input_file>
      <input_file id="fl-4e">
         <path>C:\ti\ccsv5\tools\compiler\msp430_4.2.1\lib\</path>
         <kind>archive</kind>
         <file>rts430x_lc_sd_eabi.lib</file>
         <name>int62.obj</name>
      </input_file>
      <input_file id="fl-4f">
         <path>C:\ti\ccsv5\tools\compiler\msp430_4.2.1\lib\</path>
         <kind>archive</kind>
         <file>rts430x_lc_sd_eabi.lib</file>
         <name>isr_trap.obj</name>
      </input_file>
      <input_file id="fl-50">
         <path>C:\ti\ccsv5\tools\compiler\msp430_4.2.1\lib\</path>
         <kind>archive</kind>
         <file>rts430x_lc_sd_eabi.lib</file>
         <name>lsl32.obj</name>
      </input_file>
      <input_file id="fl-51">
         <path>C:\ti\ccsv5\tools\compiler\msp430_4.2.1\lib\</path>
         <kind>archive</kind>
         <file>rts430x_lc_sd_eabi.lib</file>
         <name>lsr32.obj</name>
      </input_file>
      <input_file id="fl-52">
         <path>C:\ti\ccsv5\tools\compiler\msp430_4.2.1\lib\</path>
         <kind>archive</kind>
         <file>rts430x_lc_sd_eabi.lib</file>
         <name>mpyd.obj</name>
      </input_file>
      <input_file id="fl-53">
         <path>C:\ti\ccsv5\tools\compiler\msp430_4.2.1\lib\</path>
         <kind>archive</kind>
         <file>rts430x_lc_sd_eabi.lib</file>
         <name>mult16_f5hw.obj</name>
      </input_file>
      <input_file id="fl-54">
         <path>C:\ti\ccsv5\tools\compiler\msp430_4.2.1\lib\</path>
         <kind>archive</kind>
         <file>rts430x_lc_sd_eabi.lib</file>
         <name>mult32_f5hw.obj</name>
      </input_file>
      <input_file id="fl-55">
         <path>C:\ti\ccsv5\tools\compiler\msp430_4.2.1\lib\</path>
         <kind>archive</kind>
         <file>rts430x_lc_sd_eabi.lib</file>
         <name>pre_init.obj</name>
      </input_file>
      <input_file id="fl-56">
         <path>C:\ti\ccsv5\tools\compiler\msp430_4.2.1\lib\</path>
         <kind>archive</kind>
         <file>rts430x_lc_sd_eabi.lib</file>
         <name>sprintf.obj</name>
      </input_file>
      <input_file id="fl-57">
         <path>C:\ti\ccsv5\tools\compiler\msp430_4.2.1\lib\</path>
         <kind>archive</kind>
         <file>rts430x_lc_sd_eabi.lib</file>
         <name>strcmp.obj</name>
      </input_file>
      <input_file id="fl-58">
         <path>C:\ti\ccsv5\tools\compiler\msp430_4.2.1\lib\</path>
         <kind>archive</kind>
         <file>rts430x_lc_sd_eabi.lib</file>
         <name>subd.obj</name>
      </input_file>
      <input_file id="fl-59">
         <path>C:\ti\ccsv5\tools\compiler\msp430_4.2.1\lib\</path>
         <kind>archive</kind>
         <file>rts430x_lc_sd_eabi.lib</file>
         <name>_lock.obj</name>
      </input_file>
      <input_file id="fl-5a">
         <path>C:\ti\ccsv5\tools\compiler\msp430_4.2.1\lib\</path>
         <kind>archive</kind>
         <file>rts430x_lc_sd_eabi.lib</file>
         <name>_printfi_min.obj</name>
      </input_file>
      <input_file id="fl-5b">
         <path>C:\ti\ccsv5\tools\compiler\msp430_4.2.1\lib\</path>
         <kind>archive</kind>
         <file>rts430x_lc_sd_eabi.lib</file>
         <name>addd.obj</name>
      </input_file>
      <input_file id="fl-5c">
         <path>C:\ti\ccsv5\tools\compiler\msp430_4.2.1\lib\</path>
         <kind>archive</kind>
         <file>rts430x_lc_sd_eabi.lib</file>
         <name>args_main.obj</name>
      </input_file>
      <input_file id="fl-5d">
         <path>C:\ti\ccsv5\tools\compiler\msp430_4.2.1\lib\</path>
         <kind>archive</kind>
         <file>rts430x_lc_sd_eabi.lib</file>
         <name>asr32.obj</name>
      </input_file>
      <input_file id="fl-5e">
         <path>C:\ti\ccsv5\tools\compiler\msp430_4.2.1\lib\</path>
         <kind>archive</kind>
         <file>rts430x_lc_sd_eabi.lib</file>
         <name>autoinit.obj</name>
      </input_file>
      <input_file id="fl-5f">
         <path>C:\ti\ccsv5\tools\compiler\msp430_4.2.1\lib\</path>
         <kind>archive</kind>
         <file>rts430x_lc_sd_eabi.lib</file>
         <name>frcaddd.obj</name>
      </input_file>
      <input_file id="fl-60">
         <path>C:\ti\ccsv5\tools\compiler\msp430_4.2.1\lib\</path>
         <kind>archive</kind>
         <file>rts430x_lc_sd_eabi.lib</file>
         <name>frcmpyd.obj</name>
      </input_file>
      <input_file id="fl-61">
         <path>C:\ti\ccsv5\tools\compiler\msp430_4.2.1\lib\</path>
         <kind>archive</kind>
         <file>rts430x_lc_sd_eabi.lib</file>
         <name>memccpy.obj</name>
      </input_file>
      <input_file id="fl-62">
         <path>C:\ti\ccsv5\tools\compiler\msp430_4.2.1\lib\</path>
         <kind>archive</kind>
         <file>rts430x_lc_sd_eabi.lib</file>
         <name>memcpy.obj</name>
      </input_file>
      <input_file id="fl-63">
         <path>C:\ti\ccsv5\tools\compiler\msp430_4.2.1\lib\</path>
         <kind>archive</kind>
         <file>rts430x_lc_sd_eabi.lib</file>
         <name>memset.obj</name>
      </input_file>
      <input_file id="fl-64">
         <path>C:\ti\ccsv5\tools\compiler\msp430_4.2.1\lib\</path>
         <kind>archive</kind>
         <file>rts430x_lc_sd_eabi.lib</file>
         <name>renormd.obj</name>
      </input_file>
      <input_file id="fl-65">
         <path>C:\ti\ccsv5\tools\compiler\msp430_4.2.1\lib\</path>
         <kind>archive</kind>
         <file>rts430x_lc_sd_eabi.lib</file>
         <name>strlen.obj</name>
      </input_file>
   </input_file_list>
   <object_component_list>
      <object_component id="oc-93">
         <name>.stack</name>
         <uninitialized>true</uninitialized>
         <run_address>0x5b60</run_address>
         <size>0x2</size>
         <input_file_ref idref="fl-2a"/>
      </object_component>
      <object_component id="oc-5bb">
         <name>.stack</name>
         <uninitialized>true</uninitialized>
         <run_address>0x5b60</run_address>
         <size>0x0</size>
      </object_component>
      <object_component id="oc-a9">
         <name>.text:main</name>
         <load_address>0x5e7a</load_address>
         <run_address>0x5e7a</run_address>
         <size>0xc26</size>
         <input_file_ref idref="fl-2"/>
      </object_component>
      <object_component id="oc-40b">
         <name>.text:__TI_frcdivd</name>
         <load_address>0x6aa0</load_address>
         <run_address>0x6aa0</run_address>
         <size>0x444</size>
         <input_file_ref idref="fl-37"/>
      </object_component>
      <object_component id="oc-412">
         <name>.text:__TI_frcmpyd</name>
         <load_address>0x6ee4</load_address>
         <run_address>0x6ee4</run_address>
         <size>0x2da</size>
         <input_file_ref idref="fl-60"/>
      </object_component>
      <object_component id="oc-426">
         <name>.text:__mspabi_addd</name>
         <load_address>0x71be</load_address>
         <run_address>0x71be</run_address>
         <size>0x2d8</size>
         <input_file_ref idref="fl-5b"/>
      </object_component>
      <object_component id="oc-4b1">
         <name>.text:__TI_frcaddd</name>
         <load_address>0x7496</load_address>
         <run_address>0x7496</run_address>
         <size>0x260</size>
         <input_file_ref idref="fl-5f"/>
      </object_component>
      <object_component id="oc-223">
         <name>.text:__mspabi_mpyd</name>
         <load_address>0x76f6</load_address>
         <run_address>0x76f6</run_address>
         <size>0x244</size>
         <input_file_ref idref="fl-52"/>
      </object_component>
      <object_component id="oc-21e">
         <name>.text:__mspabi_divd</name>
         <load_address>0x793a</load_address>
         <run_address>0x793a</run_address>
         <size>0x218</size>
         <input_file_ref idref="fl-33"/>
      </object_component>
      <object_component id="oc-135">
         <name>.text:adc_bus2_init</name>
         <load_address>0x7b52</load_address>
         <run_address>0x7b52</run_address>
         <size>0x186</size>
         <input_file_ref idref="fl-6"/>
      </object_component>
      <object_component id="oc-121">
         <name>.text:adc_bus1_init</name>
         <load_address>0x7cd8</load_address>
         <run_address>0x7cd8</run_address>
         <size>0x166</size>
         <input_file_ref idref="fl-6"/>
      </object_component>
      <object_component id="oc-4c7">
         <name>.text:_setfield</name>
         <load_address>0x7e3e</load_address>
         <run_address>0x7e3e</run_address>
         <size>0x10e</size>
         <input_file_ref idref="fl-5a"/>
      </object_component>
      <object_component id="oc-19f">
         <name>.text:LTC1_Read_Voltages</name>
         <load_address>0x7f4c</load_address>
         <run_address>0x7f4c</run_address>
         <size>0x108</size>
         <input_file_ref idref="fl-9"/>
      </object_component>
      <object_component id="oc-198">
         <name>.text:LTC2_Read_Voltages</name>
         <load_address>0x8054</load_address>
         <run_address>0x8054</run_address>
         <size>0x108</size>
         <input_file_ref idref="fl-9"/>
      </object_component>
      <object_component id="oc-191">
         <name>.text:LTC3_Read_Voltages</name>
         <load_address>0x815c</load_address>
         <run_address>0x815c</run_address>
         <size>0x108</size>
         <input_file_ref idref="fl-9"/>
      </object_component>
      <object_component id="oc-34f">
         <name>.text:adc_bus2_zselfcal</name>
         <load_address>0x8264</load_address>
         <run_address>0x8264</run_address>
         <size>0x104</size>
         <input_file_ref idref="fl-6"/>
      </object_component>
      <object_component id="oc-108">
         <name>.text:io_init</name>
         <load_address>0x8368</load_address>
         <run_address>0x8368</run_address>
         <size>0x104</size>
         <input_file_ref idref="fl-3"/>
      </object_component>
      <object_component id="oc-3c9">
         <name>.text:Calculate_PEC</name>
         <load_address>0x846c</load_address>
         <run_address>0x846c</run_address>
         <size>0x102</size>
         <input_file_ref idref="fl-9"/>
      </object_component>
      <object_component id="oc-30b">
         <name>.text:adc_bus1_zselfcal</name>
         <load_address>0x856e</load_address>
         <run_address>0x856e</run_address>
         <size>0xf4</size>
         <input_file_ref idref="fl-6"/>
      </object_component>
      <object_component id="oc-16d">
         <name>.text:LTC1_Read_Flags</name>
         <load_address>0x8662</load_address>
         <run_address>0x8662</run_address>
         <size>0xf2</size>
         <input_file_ref idref="fl-9"/>
      </object_component>
      <object_component id="oc-17b">
         <name>.text:LTC2_Read_Flags</name>
         <load_address>0x8754</load_address>
         <run_address>0x8754</run_address>
         <size>0xf2</size>
         <input_file_ref idref="fl-9"/>
      </object_component>
      <object_component id="oc-189">
         <name>.text:LTC3_Read_Flags</name>
         <load_address>0x8846</load_address>
         <run_address>0x8846</run_address>
         <size>0xf2</size>
         <input_file_ref idref="fl-9"/>
      </object_component>
      <object_component id="oc-13f">
         <name>.text:adc_bus2_read_convert</name>
         <load_address>0x8938</load_address>
         <run_address>0x8938</run_address>
         <size>0xf2</size>
         <input_file_ref idref="fl-6"/>
      </object_component>
      <object_component id="oc-12b">
         <name>.text:adc_bus1_read_convert</name>
         <load_address>0x8a2a</load_address>
         <run_address>0x8a2a</run_address>
         <size>0xea</size>
         <input_file_ref idref="fl-6"/>
      </object_component>
      <object_component id="oc-cb">
         <name>.text:__TI_decompress_rle_core</name>
         <load_address>0x8b14</load_address>
         <run_address>0x8b14</run_address>
         <size>0xd8</size>
         <input_file_ref idref="fl-2c"/>
      </object_component>
      <object_component id="oc-167">
         <name>.text:LTC1_Read_Config</name>
         <load_address>0x8bec</load_address>
         <run_address>0x8bec</run_address>
         <size>0xc8</size>
         <input_file_ref idref="fl-9"/>
      </object_component>
      <object_component id="oc-175">
         <name>.text:LTC2_Read_Config</name>
         <load_address>0x8cb4</load_address>
         <run_address>0x8cb4</run_address>
         <size>0xc8</size>
         <input_file_ref idref="fl-9"/>
      </object_component>
      <object_component id="oc-183">
         <name>.text:LTC3_Read_Config</name>
         <load_address>0x8d7c</load_address>
         <run_address>0x8d7c</run_address>
         <size>0xc8</size>
         <input_file_ref idref="fl-9"/>
      </object_component>
      <object_component id="oc-43e">
         <name>.text:__TI_printfi_minimal</name>
         <load_address>0x8e44</load_address>
         <run_address>0x8e44</run_address>
         <size>0xc0</size>
         <input_file_ref idref="fl-5a"/>
      </object_component>
      <object_component id="oc-244">
         <name>.text</name>
         <load_address>0x8f04</load_address>
         <run_address>0x8f04</run_address>
         <size>0xb6</size>
         <input_file_ref idref="fl-39"/>
      </object_component>
      <object_component id="oc-4fe">
         <name>.text:__TI_renormd</name>
         <load_address>0x8fba</load_address>
         <run_address>0x8fba</run_address>
         <size>0xb4</size>
         <input_file_ref idref="fl-64"/>
      </object_component>
      <object_component id="oc-3a0">
         <name>.text:LTC1_Config</name>
         <load_address>0x906e</load_address>
         <run_address>0x906e</run_address>
         <size>0xb0</size>
         <input_file_ref idref="fl-9"/>
      </object_component>
      <object_component id="oc-3ac">
         <name>.text:LTC2_Config</name>
         <load_address>0x911e</load_address>
         <run_address>0x911e</run_address>
         <size>0xb0</size>
         <input_file_ref idref="fl-9"/>
      </object_component>
      <object_component id="oc-3b7">
         <name>.text:LTC3_Config</name>
         <load_address>0x91ce</load_address>
         <run_address>0x91ce</run_address>
         <size>0xb0</size>
         <input_file_ref idref="fl-9"/>
      </object_component>
      <object_component id="oc-1e8">
         <name>.text:adc_bus2_contconv_start</name>
         <load_address>0x927e</load_address>
         <run_address>0x927e</run_address>
         <size>0xa2</size>
         <input_file_ref idref="fl-6"/>
      </object_component>
      <object_component id="oc-228">
         <name>.text:__mspabi_cvtdf</name>
         <load_address>0x9320</load_address>
         <run_address>0x9320</run_address>
         <size>0xa0</size>
         <input_file_ref idref="fl-2f"/>
      </object_component>
      <object_component id="oc-1e1">
         <name>.text:adc_bus1_contconv_start</name>
         <load_address>0x93c0</load_address>
         <run_address>0x93c0</run_address>
         <size>0x92</size>
         <input_file_ref idref="fl-6"/>
      </object_component>
      <object_component id="oc-149">
         <name>.text:adc_misc_init</name>
         <load_address>0x9452</load_address>
         <run_address>0x9452</run_address>
         <size>0x92</size>
         <input_file_ref idref="fl-6"/>
      </object_component>
      <object_component id="oc-219">
         <name>.text:__mspabi_fltuld</name>
         <load_address>0x94e4</load_address>
         <run_address>0x94e4</run_address>
         <size>0x82</size>
         <input_file_ref idref="fl-36"/>
      </object_component>
      <object_component id="oc-153">
         <name>.text:adc_misc_read_convert</name>
         <load_address>0x9566</load_address>
         <run_address>0x9566</run_address>
         <size>0x78</size>
         <input_file_ref idref="fl-6"/>
      </object_component>
      <object_component id="oc-230">
         <name>.text:__mspabi_cvtfd</name>
         <load_address>0x95de</load_address>
         <run_address>0x95de</run_address>
         <size>0x74</size>
         <input_file_ref idref="fl-30"/>
      </object_component>
      <object_component id="oc-a4">
         <name>.text:_auto_init</name>
         <load_address>0x9652</load_address>
         <run_address>0x9652</run_address>
         <size>0x70</size>
         <input_file_ref idref="fl-5e"/>
      </object_component>
      <object_component id="oc-25a">
         <name>.text:get_cell_voltage</name>
         <load_address>0x96c2</load_address>
         <run_address>0x96c2</run_address>
         <size>0x6e</size>
         <input_file_ref idref="fl-9"/>
      </object_component>
      <object_component id="oc-335">
         <name>.text:adc_bus2_reset</name>
         <load_address>0x9730</load_address>
         <run_address>0x9730</run_address>
         <size>0x6c</size>
         <input_file_ref idref="fl-6"/>
      </object_component>
      <object_component id="oc-23d">
         <name>.text</name>
         <load_address>0x979c</load_address>
         <run_address>0x979c</run_address>
         <size>0x68</size>
         <input_file_ref idref="fl-3a"/>
      </object_component>
      <object_component id="oc-2f1">
         <name>.text:adc_bus1_reset</name>
         <load_address>0x9804</load_address>
         <run_address>0x9804</run_address>
         <size>0x64</size>
         <input_file_ref idref="fl-6"/>
      </object_component>
      <object_component id="oc-475">
         <name>.text:adc_bus2_idle</name>
         <load_address>0x9868</load_address>
         <run_address>0x9868</run_address>
         <size>0x56</size>
         <input_file_ref idref="fl-6"/>
      </object_component>
      <object_component id="oc-2de">
         <name>.text:SetVCoreUp</name>
         <load_address>0x98be</load_address>
         <run_address>0x98be</run_address>
         <size>0x54</size>
         <input_file_ref idref="fl-4"/>
      </object_component>
      <object_component id="oc-53b">
         <name>.text:_ltostr</name>
         <load_address>0x9912</load_address>
         <run_address>0x9912</run_address>
         <size>0x52</size>
         <input_file_ref idref="fl-5a"/>
      </object_component>
      <object_component id="oc-45e">
         <name>.text:adc_bus1_idle</name>
         <load_address>0x9964</load_address>
         <run_address>0x9964</run_address>
         <size>0x4e</size>
         <input_file_ref idref="fl-6"/>
      </object_component>
      <object_component id="oc-516">
         <name>.text:_pproc_diouxp</name>
         <load_address>0x99b2</load_address>
         <run_address>0x99b2</run_address>
         <size>0x4c</size>
         <input_file_ref idref="fl-5a"/>
      </object_component>
      <object_component id="oc-126">
         <name>.text:adc_bus1_selfcal</name>
         <load_address>0x99fe</load_address>
         <run_address>0x99fe</run_address>
         <size>0x4a</size>
         <input_file_ref idref="fl-6"/>
      </object_component>
      <object_component id="oc-13a">
         <name>.text:adc_bus2_selfcal</name>
         <load_address>0x9a48</load_address>
         <run_address>0x9a48</run_address>
         <size>0x4a</size>
         <input_file_ref idref="fl-6"/>
      </object_component>
      <object_component id="oc-b9">
         <name>.text:__memcpy_far</name>
         <load_address>0x9a92</load_address>
         <run_address>0x9a92</run_address>
         <size>0x40</size>
         <input_file_ref idref="fl-2e"/>
      </object_component>
      <object_component id="oc-4cc">
         <name>.text:_pproc_str</name>
         <load_address>0x9ad2</load_address>
         <run_address>0x9ad2</run_address>
         <size>0x40</size>
         <input_file_ref idref="fl-5a"/>
      </object_component>
      <object_component id="oc-1b5">
         <name>.text:adc_misc_contconv_start</name>
         <load_address>0x9b12</load_address>
         <run_address>0x9b12</run_address>
         <size>0x40</size>
         <input_file_ref idref="fl-6"/>
      </object_component>
      <object_component id="oc-89">
         <name>.text:decompress:ZI:__TI_zero_init</name>
         <load_address>0x9b52</load_address>
         <run_address>0x9b52</run_address>
         <size>0x3e</size>
         <input_file_ref idref="fl-2d"/>
      </object_component>
      <object_component id="oc-420">
         <name>.text:l_asr_const</name>
         <load_address>0x9b90</load_address>
         <run_address>0x9b90</run_address>
         <size>0x3e</size>
         <input_file_ref idref="fl-5d"/>
      </object_component>
      <object_component id="oc-320">
         <name>.text:l_lsl_const</name>
         <load_address>0x9bce</load_address>
         <run_address>0x9bce</run_address>
         <size>0x3e</size>
         <input_file_ref idref="fl-50"/>
      </object_component>
      <object_component id="oc-400">
         <name>.text:l_lsr_const</name>
         <load_address>0x9c0c</load_address>
         <run_address>0x9c0c</run_address>
         <size>0x3e</size>
         <input_file_ref idref="fl-51"/>
      </object_component>
      <object_component id="oc-84">
         <name>.text:decompress:none:__TI_decompress_none</name>
         <load_address>0x9c4a</load_address>
         <run_address>0x9c4a</run_address>
         <size>0x3c</size>
         <input_file_ref idref="fl-2b"/>
      </object_component>
      <object_component id="oc-2e8">
         <name>.text:Clock_XT2_Init</name>
         <load_address>0x9c86</load_address>
         <run_address>0x9c86</run_address>
         <size>0x3a</size>
         <input_file_ref idref="fl-4"/>
      </object_component>
      <object_component id="oc-254">
         <name>.text:sprintf</name>
         <load_address>0x9cc0</load_address>
         <run_address>0x9cc0</run_address>
         <size>0x38</size>
         <input_file_ref idref="fl-56"/>
      </object_component>
      <object_component id="oc-2d3">
         <name>.text:delay</name>
         <load_address>0x9cf8</load_address>
         <run_address>0x9cf8</run_address>
         <size>0x34</size>
         <input_file_ref idref="fl-3"/>
      </object_component>
      <object_component id="oc-2e3">
         <name>.text:Clock_XT1_Init</name>
         <load_address>0x9d2c</load_address>
         <run_address>0x9d2c</run_address>
         <size>0x32</size>
         <input_file_ref idref="fl-4"/>
      </object_component>
      <object_component id="oc-235">
         <name>.text:__mspabi_subd</name>
         <load_address>0x9d5e</load_address>
         <run_address>0x9d5e</run_address>
         <size>0x32</size>
         <input_file_ref idref="fl-58"/>
      </object_component>
      <object_component id="oc-158">
         <name>.text:LTC1_init</name>
         <load_address>0x9d90</load_address>
         <run_address>0x9d90</run_address>
         <size>0x30</size>
         <input_file_ref idref="fl-9"/>
      </object_component>
      <object_component id="oc-15d">
         <name>.text:LTC2_init</name>
         <load_address>0x9dc0</load_address>
         <run_address>0x9dc0</run_address>
         <size>0x30</size>
         <input_file_ref idref="fl-9"/>
      </object_component>
      <object_component id="oc-162">
         <name>.text:LTC3_init</name>
         <load_address>0x9df0</load_address>
         <run_address>0x9df0</run_address>
         <size>0x30</size>
         <input_file_ref idref="fl-9"/>
      </object_component>
      <object_component id="oc-1a6">
         <name>.text:LTC1_Start_ADCCV</name>
         <load_address>0x9e20</load_address>
         <run_address>0x9e20</run_address>
         <size>0x2e</size>
         <input_file_ref idref="fl-9"/>
      </object_component>
      <object_component id="oc-1b0">
         <name>.text:LTC2_Start_ADCCV</name>
         <load_address>0x9e4e</load_address>
         <run_address>0x9e4e</run_address>
         <size>0x2e</size>
         <input_file_ref idref="fl-9"/>
      </object_component>
      <object_component id="oc-1ab">
         <name>.text:LTC3_Start_ADCCV</name>
         <load_address>0x9e7c</load_address>
         <run_address>0x9e7c</run_address>
         <size>0x2e</size>
         <input_file_ref idref="fl-9"/>
      </object_component>
      <object_component id="oc-536">
         <name>.text:_getarg_diouxp</name>
         <load_address>0x9eaa</load_address>
         <run_address>0x9eaa</run_address>
         <size>0x2e</size>
         <input_file_ref idref="fl-5a"/>
      </object_component>
      <object_component id="oc-14e">
         <name>.text:adc_misc_selfcal</name>
         <load_address>0x9ed8</load_address>
         <run_address>0x9ed8</run_address>
         <size>0x2e</size>
         <input_file_ref idref="fl-6"/>
      </object_component>
      <object_component id="oc-374">
         <name>.text:adc_misc_reset</name>
         <load_address>0x9f06</load_address>
         <run_address>0x9f06</run_address>
         <size>0x2c</size>
         <input_file_ref idref="fl-6"/>
      </object_component>
      <object_component id="oc-248">
         <name>.text</name>
         <load_address>0x9f32</load_address>
         <run_address>0x9f32</run_address>
         <size>0x2c</size>
         <input_file_ref idref="fl-31"/>
      </object_component>
      <object_component id="oc-212">
         <name>.text:BPS2PC_puts</name>
         <load_address>0x9f5e</load_address>
         <run_address>0x9f5e</run_address>
         <size>0x28</size>
         <input_file_ref idref="fl-7"/>
      </object_component>
      <object_component id="oc-10d">
         <name>.text:clock_init</name>
         <load_address>0x9f86</load_address>
         <run_address>0x9f86</run_address>
         <size>0x28</size>
         <input_file_ref idref="fl-4"/>
      </object_component>
      <object_component id="oc-2d9">
         <name>.text:Port_Init</name>
         <load_address>0x9fae</load_address>
         <run_address>0x9fae</run_address>
         <size>0x26</size>
         <input_file_ref idref="fl-4"/>
      </object_component>
      <object_component id="oc-144">
         <name>.text:adc_misc_spi_init</name>
         <load_address>0x9fd4</load_address>
         <run_address>0x9fd4</run_address>
         <size>0x26</size>
         <input_file_ref idref="fl-5"/>
      </object_component>
      <object_component id="oc-39b">
         <name>.text:LTC1SPI_init</name>
         <load_address>0x9ffa</load_address>
         <run_address>0x9ffa</run_address>
         <size>0x24</size>
         <input_file_ref idref="fl-8"/>
      </object_component>
      <object_component id="oc-3a7">
         <name>.text:LTC2SPI_init</name>
         <load_address>0xa01e</load_address>
         <run_address>0xa01e</run_address>
         <size>0x24</size>
         <input_file_ref idref="fl-8"/>
      </object_component>
      <object_component id="oc-3b2">
         <name>.text:LTC3SPI_init</name>
         <load_address>0xa042</load_address>
         <run_address>0xa042</run_address>
         <size>0x24</size>
         <input_file_ref idref="fl-8"/>
      </object_component>
      <object_component id="oc-389">
         <name>.text:adc_misc_fselfcal</name>
         <load_address>0xa066</load_address>
         <run_address>0xa066</run_address>
         <size>0x24</size>
         <input_file_ref idref="fl-6"/>
      </object_component>
      <object_component id="oc-384">
         <name>.text:adc_misc_zselfcal</name>
         <load_address>0xa08a</load_address>
         <run_address>0xa08a</run_address>
         <size>0x24</size>
         <input_file_ref idref="fl-6"/>
      </object_component>
      <object_component id="oc-117">
         <name>.text:BPS2PC_init</name>
         <load_address>0xa0ae</load_address>
         <run_address>0xa0ae</run_address>
         <size>0x22</size>
         <input_file_ref idref="fl-7"/>
      </object_component>
      <object_component id="oc-11c">
         <name>.text:adc_bus1_spi_init</name>
         <load_address>0xa0d0</load_address>
         <run_address>0xa0d0</run_address>
         <size>0x22</size>
         <input_file_ref idref="fl-5"/>
      </object_component>
      <object_component id="oc-130">
         <name>.text:adc_bus2_spi_init</name>
         <load_address>0xa0f2</load_address>
         <run_address>0xa0f2</run_address>
         <size>0x22</size>
         <input_file_ref idref="fl-5"/>
      </object_component>
      <object_component id="oc-49c">
         <name>.text</name>
         <load_address>0xa114</load_address>
         <run_address>0xa114</run_address>
         <size>0x22</size>
         <input_file_ref idref="fl-54"/>
      </object_component>
      <object_component id="oc-344">
         <name>.text:adc5_status</name>
         <load_address>0xa136</load_address>
         <run_address>0xa136</run_address>
         <size>0x1c</size>
         <input_file_ref idref="fl-6"/>
      </object_component>
      <object_component id="oc-349">
         <name>.text:adc6_status</name>
         <load_address>0xa152</load_address>
         <run_address>0xa152</run_address>
         <size>0x1c</size>
         <input_file_ref idref="fl-6"/>
      </object_component>
      <object_component id="oc-37e">
         <name>.text:adc_misc_status</name>
         <load_address>0xa16e</load_address>
         <run_address>0xa16e</run_address>
         <size>0x1c</size>
         <input_file_ref idref="fl-6"/>
      </object_component>
      <object_component id="oc-51b">
         <name>.text:memccpy</name>
         <load_address>0xa18a</load_address>
         <run_address>0xa18a</run_address>
         <size>0x1c</size>
         <input_file_ref idref="fl-61"/>
      </object_component>
      <object_component id="oc-548">
         <name>.text:_div</name>
         <load_address>0xa1a6</load_address>
         <run_address>0xa1a6</run_address>
         <size>0x1a</size>
         <input_file_ref idref="fl-5a"/>
      </object_component>
      <object_component id="oc-112">
         <name>.text:timerB_init</name>
         <load_address>0xa1c0</load_address>
         <run_address>0xa1c0</run_address>
         <size>0x1a</size>
         <input_file_ref idref="fl-2"/>
      </object_component>
      <object_component id="oc-df">
         <name>.text:BPS2PC_getchar</name>
         <load_address>0xa1da</load_address>
         <run_address>0xa1da</run_address>
         <size>0x18</size>
         <input_file_ref idref="fl-7"/>
      </object_component>
      <object_component id="oc-434">
         <name>.text:_outs</name>
         <load_address>0xa1f2</load_address>
         <run_address>0xa1f2</run_address>
         <size>0x18</size>
         <input_file_ref idref="fl-56"/>
      </object_component>
      <object_component id="oc-2fb">
         <name>.text:adc1_status</name>
         <load_address>0xa20a</load_address>
         <run_address>0xa20a</run_address>
         <size>0x18</size>
         <input_file_ref idref="fl-6"/>
      </object_component>
      <object_component id="oc-300">
         <name>.text:adc2_status</name>
         <load_address>0xa222</load_address>
         <run_address>0xa222</run_address>
         <size>0x18</size>
         <input_file_ref idref="fl-6"/>
      </object_component>
      <object_component id="oc-305">
         <name>.text:adc3_status</name>
         <load_address>0xa23a</load_address>
         <run_address>0xa23a</run_address>
         <size>0x18</size>
         <input_file_ref idref="fl-6"/>
      </object_component>
      <object_component id="oc-33f">
         <name>.text:adc4_status</name>
         <load_address>0xa252</load_address>
         <run_address>0xa252</run_address>
         <size>0x18</size>
         <input_file_ref idref="fl-6"/>
      </object_component>
      <object_component id="oc-f2">
         <name>.text:strcmp</name>
         <load_address>0xa26a</load_address>
         <run_address>0xa26a</run_address>
         <size>0x18</size>
         <input_file_ref idref="fl-57"/>
      </object_component>
      <object_component id="oc-42f">
         <name>.text</name>
         <load_address>0xa282</load_address>
         <run_address>0xa282</run_address>
         <size>0x16</size>
         <input_file_ref idref="fl-32"/>
      </object_component>
      <object_component id="oc-4a0">
         <name>.text</name>
         <load_address>0xa298</load_address>
         <run_address>0xa298</run_address>
         <size>0x16</size>
         <input_file_ref idref="fl-53"/>
      </object_component>
      <object_component id="oc-510">
         <name>.text:memset</name>
         <load_address>0xa2ae</load_address>
         <run_address>0xa2ae</run_address>
         <size>0x14</size>
         <input_file_ref idref="fl-63"/>
      </object_component>
      <object_component id="oc-439">
         <name>.text:_outc</name>
         <load_address>0xa2c2</load_address>
         <run_address>0xa2c2</run_address>
         <size>0x12</size>
         <input_file_ref idref="fl-56"/>
      </object_component>
      <object_component id="oc-4bb">
         <name>.text:memcpy</name>
         <load_address>0xa2d4</load_address>
         <run_address>0xa2d4</run_address>
         <size>0x12</size>
         <input_file_ref idref="fl-62"/>
      </object_component>
      <object_component id="oc-3c4">
         <name>.text:LTC1_exchange</name>
         <load_address>0xa2e6</load_address>
         <run_address>0xa2e6</run_address>
         <size>0x10</size>
         <input_file_ref idref="fl-8"/>
      </object_component>
      <object_component id="oc-3bf">
         <name>.text:LTC1_transmit</name>
         <load_address>0xa2f6</load_address>
         <run_address>0xa2f6</run_address>
         <size>0x10</size>
         <input_file_ref idref="fl-8"/>
      </object_component>
      <object_component id="oc-3d5">
         <name>.text:LTC2_exchange</name>
         <load_address>0xa306</load_address>
         <run_address>0xa306</run_address>
         <size>0x10</size>
         <input_file_ref idref="fl-8"/>
      </object_component>
      <object_component id="oc-3d0">
         <name>.text:LTC2_transmit</name>
         <load_address>0xa316</load_address>
         <run_address>0xa316</run_address>
         <size>0x10</size>
         <input_file_ref idref="fl-8"/>
      </object_component>
      <object_component id="oc-3e1">
         <name>.text:LTC3_exchange</name>
         <load_address>0xa326</load_address>
         <run_address>0xa326</run_address>
         <size>0x10</size>
         <input_file_ref idref="fl-8"/>
      </object_component>
      <object_component id="oc-3dc">
         <name>.text:LTC3_transmit</name>
         <load_address>0xa336</load_address>
         <run_address>0xa336</run_address>
         <size>0x10</size>
         <input_file_ref idref="fl-8"/>
      </object_component>
      <object_component id="oc-314">
         <name>.text:adc_bus1_exchange</name>
         <load_address>0xa346</load_address>
         <run_address>0xa346</run_address>
         <size>0x10</size>
         <input_file_ref idref="fl-5"/>
      </object_component>
      <object_component id="oc-2f6">
         <name>.text:adc_bus1_transmit</name>
         <load_address>0xa356</load_address>
         <run_address>0xa356</run_address>
         <size>0x10</size>
         <input_file_ref idref="fl-5"/>
      </object_component>
      <object_component id="oc-357">
         <name>.text:adc_bus2_exchange</name>
         <load_address>0xa366</load_address>
         <run_address>0xa366</run_address>
         <size>0x10</size>
         <input_file_ref idref="fl-5"/>
      </object_component>
      <object_component id="oc-33a">
         <name>.text:adc_bus2_transmit</name>
         <load_address>0xa376</load_address>
         <run_address>0xa376</run_address>
         <size>0x10</size>
         <input_file_ref idref="fl-5"/>
      </object_component>
      <object_component id="oc-38f">
         <name>.text:adc_misc_exchange</name>
         <load_address>0xa386</load_address>
         <run_address>0xa386</run_address>
         <size>0x10</size>
         <input_file_ref idref="fl-5"/>
      </object_component>
      <object_component id="oc-379">
         <name>.text:adc_misc_transmit</name>
         <load_address>0xa396</load_address>
         <run_address>0xa396</run_address>
         <size>0x10</size>
         <input_file_ref idref="fl-5"/>
      </object_component>
      <object_component id="oc-4fa">
         <name>.text:l_asr</name>
         <load_address>0xa3a6</load_address>
         <run_address>0xa3a6</run_address>
         <size>0x10</size>
         <input_file_ref idref="fl-5d"/>
      </object_component>
      <object_component id="oc-4f2">
         <name>.text:l_lsl</name>
         <load_address>0xa3b6</load_address>
         <run_address>0xa3b6</run_address>
         <size>0x10</size>
         <input_file_ref idref="fl-50"/>
      </object_component>
      <object_component id="oc-4f6">
         <name>.text:l_lsr</name>
         <load_address>0xa3c6</load_address>
         <run_address>0xa3c6</run_address>
         <size>0x10</size>
         <input_file_ref idref="fl-51"/>
      </object_component>
      <object_component id="oc-8e">
         <name>.text:decompress:rle24:__TI_decompress_rle24</name>
         <load_address>0xa3d6</load_address>
         <run_address>0xa3d6</run_address>
         <size>0xe</size>
         <input_file_ref idref="fl-2c"/>
      </object_component>
      <object_component id="oc-4c2">
         <name>.text:strlen</name>
         <load_address>0xa3e4</load_address>
         <run_address>0xa3e4</run_address>
         <size>0xe</size>
         <input_file_ref idref="fl-65"/>
      </object_component>
      <object_component id="oc-e9">
         <name>.text:BPS2PC_putchar</name>
         <load_address>0xa3f2</load_address>
         <run_address>0xa3f2</run_address>
         <size>0xc</size>
         <input_file_ref idref="fl-7"/>
      </object_component>
      <object_component id="oc-1c4">
         <name>.text:abs</name>
         <load_address>0xa3fe</load_address>
         <run_address>0xa3fe</run_address>
         <size>0xa</size>
         <input_file_ref idref="fl-29"/>
      </object_component>
      <object_component id="oc-96">
         <name>.text:__TI_ISR_TRAP</name>
         <load_address>0xa408</load_address>
         <run_address>0xa408</run_address>
         <size>0x6</size>
         <input_file_ref idref="fl-4f"/>
      </object_component>
      <object_component id="oc-266">
         <name>.text:__mspabi_fltud</name>
         <load_address>0xa40e</load_address>
         <run_address>0xa40e</run_address>
         <size>0x6</size>
         <input_file_ref idref="fl-35"/>
      </object_component>
      <object_component id="oc-9f">
         <name>.text:_system_pre_init</name>
         <load_address>0xa414</load_address>
         <run_address>0xa414</run_address>
         <size>0x4</size>
         <input_file_ref idref="fl-55"/>
      </object_component>
      <object_component id="oc-ae">
         <name>.text:abort</name>
         <load_address>0xa418</load_address>
         <run_address>0xa418</run_address>
         <size>0x4</size>
         <input_file_ref idref="fl-34"/>
      </object_component>
      <object_component id="oc-9a">
         <name>.text:_isr:USCI_A3_ISR</name>
         <load_address>0x5d6a</load_address>
         <run_address>0x5d6a</run_address>
         <size>0xc8</size>
         <input_file_ref idref="fl-2"/>
      </object_component>
      <object_component id="oc-b4">
         <name>.text:_isr:timer_b0</name>
         <load_address>0x5e32</load_address>
         <run_address>0x5e32</run_address>
         <size>0x2e</size>
         <input_file_ref idref="fl-2"/>
      </object_component>
      <object_component id="oc-72">
         <name>.text:_isr:_c_int00_noexit</name>
         <load_address>0x5e60</load_address>
         <run_address>0x5e60</run_address>
         <size>0x1a</size>
         <input_file_ref idref="fl-2a"/>
      </object_component>
      <object_component id="oc-5ba">
         <name>.cinit..data.load</name>
         <load_address>0xa41c</load_address>
         <run_address>0xa41c</run_address>
         <size>0x3f</size>
      </object_component>
      <object_component id="oc-5b7">
         <name>__TI_handler_table</name>
         <load_address>0xa45c</load_address>
         <run_address>0xa45c</run_address>
         <size>0xc</size>
      </object_component>
      <object_component id="oc-5b9">
         <name>.cinit..bss.load</name>
         <load_address>0xa468</load_address>
         <run_address>0xa468</run_address>
         <size>0x6</size>
      </object_component>
      <object_component id="oc-5b8">
         <name>__TI_cinit_table</name>
         <load_address>0xa46e</load_address>
         <run_address>0xa46e</run_address>
         <size>0x10</size>
      </object_component>
      <object_component id="oc-211">
         <name>.const:.string</name>
         <load_address>0x5c00</load_address>
         <run_address>0x5c00</run_address>
         <size>0x142</size>
         <input_file_ref idref="fl-2"/>
      </object_component>
      <object_component id="oc-515">
         <name>.const:.string</name>
         <load_address>0x5d42</load_address>
         <run_address>0x5d42</run_address>
         <size>0x14</size>
         <input_file_ref idref="fl-5a"/>
      </object_component>
      <object_component id="oc-3bd">
         <name>.const</name>
         <load_address>0x5d56</load_address>
         <run_address>0x5d56</run_address>
         <size>0xb</size>
         <input_file_ref idref="fl-9"/>
      </object_component>
      <object_component id="oc-490">
         <name>.const:.string:$P$T0$1</name>
         <load_address>0x5d62</load_address>
         <run_address>0x5d62</run_address>
         <size>0x8</size>
         <input_file_ref idref="fl-9"/>
      </object_component>
      <object_component id="oc-69">
         <name>.int41</name>
         <load_address>0xffd2</load_address>
         <run_address>0xffd2</run_address>
         <size>0x2</size>
         <input_file_ref idref="fl-3b"/>
      </object_component>
      <object_component id="oc-6a">
         <name>.int42</name>
         <load_address>0xffd4</load_address>
         <run_address>0xffd4</run_address>
         <size>0x2</size>
         <input_file_ref idref="fl-3c"/>
      </object_component>
      <object_component id="oc-6b">
         <name>.int43</name>
         <load_address>0xffd6</load_address>
         <run_address>0xffd6</run_address>
         <size>0x2</size>
         <input_file_ref idref="fl-3d"/>
      </object_component>
      <object_component id="oc-6c">
         <name>.int44</name>
         <load_address>0xffd8</load_address>
         <run_address>0xffd8</run_address>
         <size>0x2</size>
         <input_file_ref idref="fl-2"/>
      </object_component>
      <object_component id="oc-6d">
         <name>.int45</name>
         <load_address>0xffda</load_address>
         <run_address>0xffda</run_address>
         <size>0x2</size>
         <input_file_ref idref="fl-3e"/>
      </object_component>
      <object_component id="oc-6e">
         <name>.int46</name>
         <load_address>0xffdc</load_address>
         <run_address>0xffdc</run_address>
         <size>0x2</size>
         <input_file_ref idref="fl-3f"/>
      </object_component>
      <object_component id="oc-6f">
         <name>.int47</name>
         <load_address>0xffde</load_address>
         <run_address>0xffde</run_address>
         <size>0x2</size>
         <input_file_ref idref="fl-40"/>
      </object_component>
      <object_component id="oc-70">
         <name>.int48</name>
         <load_address>0xffe0</load_address>
         <run_address>0xffe0</run_address>
         <size>0x2</size>
         <input_file_ref idref="fl-41"/>
      </object_component>
      <object_component id="oc-71">
         <name>.int49</name>
         <load_address>0xffe2</load_address>
         <run_address>0xffe2</run_address>
         <size>0x2</size>
         <input_file_ref idref="fl-42"/>
      </object_component>
      <object_component id="oc-77">
         <name>.int50</name>
         <load_address>0xffe4</load_address>
         <run_address>0xffe4</run_address>
         <size>0x2</size>
         <input_file_ref idref="fl-43"/>
      </object_component>
      <object_component id="oc-78">
         <name>.int51</name>
         <load_address>0xffe6</load_address>
         <run_address>0xffe6</run_address>
         <size>0x2</size>
         <input_file_ref idref="fl-44"/>
      </object_component>
      <object_component id="oc-79">
         <name>.int52</name>
         <load_address>0xffe8</load_address>
         <run_address>0xffe8</run_address>
         <size>0x2</size>
         <input_file_ref idref="fl-45"/>
      </object_component>
      <object_component id="oc-7a">
         <name>.int53</name>
         <load_address>0xffea</load_address>
         <run_address>0xffea</run_address>
         <size>0x2</size>
         <input_file_ref idref="fl-46"/>
      </object_component>
      <object_component id="oc-7b">
         <name>.int54</name>
         <load_address>0xffec</load_address>
         <run_address>0xffec</run_address>
         <size>0x2</size>
         <input_file_ref idref="fl-47"/>
      </object_component>
      <object_component id="oc-7c">
         <name>.int55</name>
         <load_address>0xffee</load_address>
         <run_address>0xffee</run_address>
         <size>0x2</size>
         <input_file_ref idref="fl-48"/>
      </object_component>
      <object_component id="oc-7d">
         <name>.int56</name>
         <load_address>0xfff0</load_address>
         <run_address>0xfff0</run_address>
         <size>0x2</size>
         <input_file_ref idref="fl-49"/>
      </object_component>
      <object_component id="oc-7e">
         <name>.int57</name>
         <load_address>0xfff2</load_address>
         <run_address>0xfff2</run_address>
         <size>0x2</size>
         <input_file_ref idref="fl-4a"/>
      </object_component>
      <object_component id="oc-7f">
         <name>.int58</name>
         <load_address>0xfff4</load_address>
         <run_address>0xfff4</run_address>
         <size>0x2</size>
         <input_file_ref idref="fl-4b"/>
      </object_component>
      <object_component id="oc-80">
         <name>.int59</name>
         <load_address>0xfff6</load_address>
         <run_address>0xfff6</run_address>
         <size>0x2</size>
         <input_file_ref idref="fl-4c"/>
      </object_component>
      <object_component id="oc-81">
         <name>.int60</name>
         <load_address>0xfff8</load_address>
         <run_address>0xfff8</run_address>
         <size>0x2</size>
         <input_file_ref idref="fl-2"/>
      </object_component>
      <object_component id="oc-82">
         <name>.int61</name>
         <load_address>0xfffa</load_address>
         <run_address>0xfffa</run_address>
         <size>0x2</size>
         <input_file_ref idref="fl-4d"/>
      </object_component>
      <object_component id="oc-83">
         <name>.int62</name>
         <load_address>0xfffc</load_address>
         <run_address>0xfffc</run_address>
         <size>0x2</size>
         <input_file_ref idref="fl-4e"/>
      </object_component>
      <object_component id="oc-95">
         <name>.reset</name>
         <load_address>0xfffe</load_address>
         <run_address>0xfffe</run_address>
         <size>0x2</size>
         <input_file_ref idref="fl-2a"/>
      </object_component>
      <object_component id="oc-1a5">
         <name>.common:batt1</name>
         <uninitialized>true</uninitialized>
         <run_address>0x1db1</run_address>
         <size>0x1</size>
      </object_component>
      <object_component id="oc-19e">
         <name>.common:batt2</name>
         <uninitialized>true</uninitialized>
         <run_address>0x1db2</run_address>
         <size>0x1</size>
      </object_component>
      <object_component id="oc-197">
         <name>.common:batt3</name>
         <uninitialized>true</uninitialized>
         <run_address>0x1db3</run_address>
         <size>0x1</size>
      </object_component>
      <object_component id="oc-265">
         <name>.common:ltc1_cv</name>
         <uninitialized>true</uninitialized>
         <run_address>0x1cf4</run_address>
         <size>0x18</size>
      </object_component>
      <object_component id="oc-27a">
         <name>.common:ltc2_cv</name>
         <uninitialized>true</uninitialized>
         <run_address>0x1d24</run_address>
         <size>0x18</size>
      </object_component>
      <object_component id="oc-28a">
         <name>.common:ltc3_cv</name>
         <uninitialized>true</uninitialized>
         <run_address>0x1d54</run_address>
         <size>0x18</size>
      </object_component>
      <object_component id="oc-29b">
         <name>.common:temperature_adc</name>
         <uninitialized>true</uninitialized>
         <run_address>0x1c00</run_address>
         <size>0xa0</size>
      </object_component>
      <object_component id="oc-218">
         <name>.common:current</name>
         <uninitialized>true</uninitialized>
         <run_address>0x1d90</run_address>
         <size>0x4</size>
      </object_component>
      <object_component id="oc-1ee">
         <name>.common:ch</name>
         <uninitialized>true</uninitialized>
         <run_address>0x1db4</run_address>
         <size>0x1</size>
      </object_component>
      <object_component id="oc-1f0">
         <name>.common:dev</name>
         <uninitialized>true</uninitialized>
         <run_address>0x1db5</run_address>
         <size>0x1</size>
      </object_component>
      <object_component id="oc-102">
         <name>.common:i</name>
         <uninitialized>true</uninitialized>
         <run_address>0x1db6</run_address>
         <size>0x1</size>
      </object_component>
      <object_component id="oc-1d5">
         <name>.common:SIG1</name>
         <uninitialized>true</uninitialized>
         <run_address>0x1d6c</run_address>
         <size>0x4</size>
      </object_component>
      <object_component id="oc-1cc">
         <name>.common:SIG2</name>
         <uninitialized>true</uninitialized>
         <run_address>0x1d70</run_address>
         <size>0x4</size>
      </object_component>
      <object_component id="oc-1da">
         <name>.common:SIG3</name>
         <uninitialized>true</uninitialized>
         <run_address>0x1d74</run_address>
         <size>0x4</size>
      </object_component>
      <object_component id="oc-1d8">
         <name>.common:compare_sig</name>
         <uninitialized>true</uninitialized>
         <run_address>0x1d9c</run_address>
         <size>0x2</size>
      </object_component>
      <object_component id="oc-103">
         <name>.common:command</name>
         <uninitialized>true</uninitialized>
         <run_address>0x1cbe</run_address>
         <size>0x1e</size>
      </object_component>
      <object_component id="oc-2ad">
         <name>.common:buff</name>
         <uninitialized>true</uninitialized>
         <run_address>0x1ca0</run_address>
         <size>0x1e</size>
      </object_component>
      <object_component id="oc-29e">
         <name>.common:volt</name>
         <uninitialized>true</uninitialized>
         <run_address>0x1d98</run_address>
         <size>0x4</size>
      </object_component>
      <object_component id="oc-2a7">
         <name>.common:temp</name>
         <uninitialized>true</uninitialized>
         <run_address>0x1d94</run_address>
         <size>0x4</size>
      </object_component>
      <object_component id="oc-2a9">
         <name>.common:temp1</name>
         <uninitialized>true</uninitialized>
         <run_address>0x1d9e</run_address>
         <size>0x2</size>
      </object_component>
      <object_component id="oc-2aa">
         <name>.common:temp2</name>
         <uninitialized>true</uninitialized>
         <run_address>0x1da0</run_address>
         <size>0x2</size>
      </object_component>
      <object_component id="oc-2ab">
         <name>.common:temp3</name>
         <uninitialized>true</uninitialized>
         <run_address>0x1da2</run_address>
         <size>0x2</size>
      </object_component>
      <object_component id="oc-311">
         <name>.common:cal_value1$1</name>
         <uninitialized>true</uninitialized>
         <run_address>0x1d88</run_address>
         <size>0x4</size>
      </object_component>
      <object_component id="oc-464">
         <name>.common:cal_value$3</name>
         <uninitialized>true</uninitialized>
         <run_address>0x1d84</run_address>
         <size>0x4</size>
      </object_component>
      <object_component id="oc-45a">
         <name>.common:abyte1$4</name>
         <uninitialized>true</uninitialized>
         <run_address>0x1da9</run_address>
         <size>0x1</size>
      </object_component>
      <object_component id="oc-45b">
         <name>.common:abyte2$5</name>
         <uninitialized>true</uninitialized>
         <run_address>0x1daf</run_address>
         <size>0x1</size>
      </object_component>
      <object_component id="oc-332">
         <name>.common:adc_value$20</name>
         <uninitialized>true</uninitialized>
         <run_address>0x1d78</run_address>
         <size>0x4</size>
      </object_component>
      <object_component id="oc-31c">
         <name>.common:abyte0$21</name>
         <uninitialized>true</uninitialized>
         <run_address>0x1da4</run_address>
         <size>0x1</size>
      </object_component>
      <object_component id="oc-324">
         <name>.common:abyte1$22</name>
         <uninitialized>true</uninitialized>
         <run_address>0x1da7</run_address>
         <size>0x1</size>
      </object_component>
      <object_component id="oc-329">
         <name>.common:abyte2$23</name>
         <uninitialized>true</uninitialized>
         <run_address>0x1dac</run_address>
         <size>0x1</size>
      </object_component>
      <object_component id="oc-355">
         <name>.common:cal_value1$25</name>
         <uninitialized>true</uninitialized>
         <run_address>0x1d8c</run_address>
         <size>0x4</size>
      </object_component>
      <object_component id="oc-47b">
         <name>.common:cal_value$27</name>
         <uninitialized>true</uninitialized>
         <run_address>0x1d80</run_address>
         <size>0x4</size>
      </object_component>
      <object_component id="oc-471">
         <name>.common:abyte1$28</name>
         <uninitialized>true</uninitialized>
         <run_address>0x1da8</run_address>
         <size>0x1</size>
      </object_component>
      <object_component id="oc-472">
         <name>.common:abyte2$29</name>
         <uninitialized>true</uninitialized>
         <run_address>0x1dad</run_address>
         <size>0x1</size>
      </object_component>
      <object_component id="oc-371">
         <name>.common:adc_value$44</name>
         <uninitialized>true</uninitialized>
         <run_address>0x1d7c</run_address>
         <size>0x4</size>
      </object_component>
      <object_component id="oc-35f">
         <name>.common:abyte0$45</name>
         <uninitialized>true</uninitialized>
         <run_address>0x1da5</run_address>
         <size>0x1</size>
      </object_component>
      <object_component id="oc-363">
         <name>.common:abyte1$46</name>
         <uninitialized>true</uninitialized>
         <run_address>0x1daa</run_address>
         <size>0x1</size>
      </object_component>
      <object_component id="oc-368">
         <name>.common:abyte2$47</name>
         <uninitialized>true</uninitialized>
         <run_address>0x1dae</run_address>
         <size>0x1</size>
      </object_component>
      <object_component id="oc-397">
         <name>.common:abyte0$64</name>
         <uninitialized>true</uninitialized>
         <run_address>0x1da6</run_address>
         <size>0x1</size>
      </object_component>
      <object_component id="oc-398">
         <name>.common:abyte1$65</name>
         <uninitialized>true</uninitialized>
         <run_address>0x1dab</run_address>
         <size>0x1</size>
      </object_component>
      <object_component id="oc-399">
         <name>.common:abyte2$66</name>
         <uninitialized>true</uninitialized>
         <run_address>0x1db0</run_address>
         <size>0x1</size>
      </object_component>
      <object_component id="oc-447">
         <name>.common:ltc1_CV</name>
         <uninitialized>true</uninitialized>
         <run_address>0x1cdc</run_address>
         <size>0x18</size>
      </object_component>
      <object_component id="oc-446">
         <name>.common:ltc2_CV</name>
         <uninitialized>true</uninitialized>
         <run_address>0x1d0c</run_address>
         <size>0x18</size>
      </object_component>
      <object_component id="oc-445">
         <name>.common:ltc3_CV</name>
         <uninitialized>true</uninitialized>
         <run_address>0x1d3c</run_address>
         <size>0x18</size>
      </object_component>
      <object_component id="oc-e4">
         <name>.data</name>
         <load_address>0x1e12</load_address>
         <run_address>0x1e12</run_address>
         <size>0x14</size>
         <input_file_ref idref="fl-2"/>
      </object_component>
      <object_component id="oc-ef">
         <name>.data:batt_temp</name>
         <load_address>0x1dd6</load_address>
         <run_address>0x1dd6</run_address>
         <size>0x1e</size>
         <input_file_ref idref="fl-2"/>
      </object_component>
      <object_component id="oc-f7">
         <name>.data:batt_volt</name>
         <load_address>0x1df4</load_address>
         <run_address>0x1df4</run_address>
         <size>0x1e</size>
         <input_file_ref idref="fl-2"/>
      </object_component>
      <object_component id="oc-fa">
         <name>.data:batt_current</name>
         <load_address>0x1db8</load_address>
         <run_address>0x1db8</run_address>
         <size>0x1e</size>
         <input_file_ref idref="fl-2"/>
      </object_component>
      <object_component id="oc-73">
         <name>.debug_aranges</name>
         <load_address>0x0</load_address>
         <run_address>0x0</run_address>
         <size>0x20</size>
         <input_file_ref idref="fl-2a"/>
      </object_component>
      <object_component id="oc-88">
         <name>.debug_aranges</name>
         <load_address>0x20</load_address>
         <run_address>0x20</run_address>
         <size>0x20</size>
         <input_file_ref idref="fl-2b"/>
      </object_component>
      <object_component id="oc-8d">
         <name>.debug_aranges</name>
         <load_address>0x40</load_address>
         <run_address>0x40</run_address>
         <size>0x20</size>
         <input_file_ref idref="fl-2d"/>
      </object_component>
      <object_component id="oc-92">
         <name>.debug_aranges</name>
         <load_address>0x60</load_address>
         <run_address>0x60</run_address>
         <size>0x20</size>
         <input_file_ref idref="fl-2c"/>
      </object_component>
      <object_component id="oc-99">
         <name>.debug_aranges</name>
         <load_address>0x80</load_address>
         <run_address>0x80</run_address>
         <size>0x20</size>
         <input_file_ref idref="fl-4f"/>
      </object_component>
      <object_component id="oc-9e">
         <name>.debug_aranges</name>
         <load_address>0xa0</load_address>
         <run_address>0xa0</run_address>
         <size>0x20</size>
         <input_file_ref idref="fl-2"/>
      </object_component>
      <object_component id="oc-a3">
         <name>.debug_aranges</name>
         <load_address>0xc0</load_address>
         <run_address>0xc0</run_address>
         <size>0x20</size>
         <input_file_ref idref="fl-55"/>
      </object_component>
      <object_component id="oc-a8">
         <name>.debug_aranges</name>
         <load_address>0xe0</load_address>
         <run_address>0xe0</run_address>
         <size>0x20</size>
         <input_file_ref idref="fl-5e"/>
      </object_component>
      <object_component id="oc-ad">
         <name>.debug_aranges</name>
         <load_address>0x100</load_address>
         <run_address>0x100</run_address>
         <size>0x20</size>
         <input_file_ref idref="fl-2"/>
      </object_component>
      <object_component id="oc-b2">
         <name>.debug_aranges</name>
         <load_address>0x120</load_address>
         <run_address>0x120</run_address>
         <size>0x20</size>
         <input_file_ref idref="fl-34"/>
      </object_component>
      <object_component id="oc-b8">
         <name>.debug_aranges</name>
         <load_address>0x140</load_address>
         <run_address>0x140</run_address>
         <size>0x20</size>
         <input_file_ref idref="fl-2"/>
      </object_component>
      <object_component id="oc-bc">
         <name>.debug_aranges</name>
         <load_address>0x160</load_address>
         <run_address>0x160</run_address>
         <size>0x20</size>
         <input_file_ref idref="fl-2e"/>
      </object_component>
      <object_component id="oc-cf">
         <name>.debug_aranges</name>
         <load_address>0x180</load_address>
         <run_address>0x180</run_address>
         <size>0x30</size>
         <input_file_ref idref="fl-2c"/>
      </object_component>
      <object_component id="oc-e3">
         <name>.debug_aranges</name>
         <load_address>0x1b0</load_address>
         <run_address>0x1b0</run_address>
         <size>0x20</size>
         <input_file_ref idref="fl-7"/>
      </object_component>
      <object_component id="oc-ed">
         <name>.debug_aranges</name>
         <load_address>0x1d0</load_address>
         <run_address>0x1d0</run_address>
         <size>0x20</size>
         <input_file_ref idref="fl-7"/>
      </object_component>
      <object_component id="oc-f6">
         <name>.debug_aranges</name>
         <load_address>0x1f0</load_address>
         <run_address>0x1f0</run_address>
         <size>0x20</size>
         <input_file_ref idref="fl-57"/>
      </object_component>
      <object_component id="oc-10c">
         <name>.debug_aranges</name>
         <load_address>0x210</load_address>
         <run_address>0x210</run_address>
         <size>0x20</size>
         <input_file_ref idref="fl-3"/>
      </object_component>
      <object_component id="oc-111">
         <name>.debug_aranges</name>
         <load_address>0x230</load_address>
         <run_address>0x230</run_address>
         <size>0x20</size>
         <input_file_ref idref="fl-4"/>
      </object_component>
      <object_component id="oc-116">
         <name>.debug_aranges</name>
         <load_address>0x250</load_address>
         <run_address>0x250</run_address>
         <size>0x20</size>
         <input_file_ref idref="fl-2"/>
      </object_component>
      <object_component id="oc-11b">
         <name>.debug_aranges</name>
         <load_address>0x270</load_address>
         <run_address>0x270</run_address>
         <size>0x20</size>
         <input_file_ref idref="fl-7"/>
      </object_component>
      <object_component id="oc-120">
         <name>.debug_aranges</name>
         <load_address>0x290</load_address>
         <run_address>0x290</run_address>
         <size>0x20</size>
         <input_file_ref idref="fl-5"/>
      </object_component>
      <object_component id="oc-125">
         <name>.debug_aranges</name>
         <load_address>0x2b0</load_address>
         <run_address>0x2b0</run_address>
         <size>0x20</size>
         <input_file_ref idref="fl-6"/>
      </object_component>
      <object_component id="oc-12a">
         <name>.debug_aranges</name>
         <load_address>0x2d0</load_address>
         <run_address>0x2d0</run_address>
         <size>0x20</size>
         <input_file_ref idref="fl-6"/>
      </object_component>
      <object_component id="oc-12f">
         <name>.debug_aranges</name>
         <load_address>0x2f0</load_address>
         <run_address>0x2f0</run_address>
         <size>0x20</size>
         <input_file_ref idref="fl-6"/>
      </object_component>
      <object_component id="oc-134">
         <name>.debug_aranges</name>
         <load_address>0x310</load_address>
         <run_address>0x310</run_address>
         <size>0x20</size>
         <input_file_ref idref="fl-5"/>
      </object_component>
      <object_component id="oc-139">
         <name>.debug_aranges</name>
         <load_address>0x330</load_address>
         <run_address>0x330</run_address>
         <size>0x20</size>
         <input_file_ref idref="fl-6"/>
      </object_component>
      <object_component id="oc-13e">
         <name>.debug_aranges</name>
         <load_address>0x350</load_address>
         <run_address>0x350</run_address>
         <size>0x20</size>
         <input_file_ref idref="fl-6"/>
      </object_component>
      <object_component id="oc-143">
         <name>.debug_aranges</name>
         <load_address>0x370</load_address>
         <run_address>0x370</run_address>
         <size>0x20</size>
         <input_file_ref idref="fl-6"/>
      </object_component>
      <object_component id="oc-148">
         <name>.debug_aranges</name>
         <load_address>0x390</load_address>
         <run_address>0x390</run_address>
         <size>0x20</size>
         <input_file_ref idref="fl-5"/>
      </object_component>
      <object_component id="oc-14d">
         <name>.debug_aranges</name>
         <load_address>0x3b0</load_address>
         <run_address>0x3b0</run_address>
         <size>0x20</size>
         <input_file_ref idref="fl-6"/>
      </object_component>
      <object_component id="oc-152">
         <name>.debug_aranges</name>
         <load_address>0x3d0</load_address>
         <run_address>0x3d0</run_address>
         <size>0x20</size>
         <input_file_ref idref="fl-6"/>
      </object_component>
      <object_component id="oc-157">
         <name>.debug_aranges</name>
         <load_address>0x3f0</load_address>
         <run_address>0x3f0</run_address>
         <size>0x20</size>
         <input_file_ref idref="fl-6"/>
      </object_component>
      <object_component id="oc-15c">
         <name>.debug_aranges</name>
         <load_address>0x410</load_address>
         <run_address>0x410</run_address>
         <size>0x20</size>
         <input_file_ref idref="fl-9"/>
      </object_component>
      <object_component id="oc-161">
         <name>.debug_aranges</name>
         <load_address>0x430</load_address>
         <run_address>0x430</run_address>
         <size>0x20</size>
         <input_file_ref idref="fl-9"/>
      </object_component>
      <object_component id="oc-166">
         <name>.debug_aranges</name>
         <load_address>0x450</load_address>
         <run_address>0x450</run_address>
         <size>0x20</size>
         <input_file_ref idref="fl-9"/>
      </object_component>
      <object_component id="oc-16b">
         <name>.debug_aranges</name>
         <load_address>0x470</load_address>
         <run_address>0x470</run_address>
         <size>0x20</size>
         <input_file_ref idref="fl-9"/>
      </object_component>
      <object_component id="oc-171">
         <name>.debug_aranges</name>
         <load_address>0x490</load_address>
         <run_address>0x490</run_address>
         <size>0x20</size>
         <input_file_ref idref="fl-9"/>
      </object_component>
      <object_component id="oc-179">
         <name>.debug_aranges</name>
         <load_address>0x4b0</load_address>
         <run_address>0x4b0</run_address>
         <size>0x20</size>
         <input_file_ref idref="fl-9"/>
      </object_component>
      <object_component id="oc-17f">
         <name>.debug_aranges</name>
         <load_address>0x4d0</load_address>
[...]
         <object_component_ref idref="oc-1ab"/>
      </symbol>
      <symbol id="sm-740">
         <name>LTC3_Read_Flags</name>
         <value>0x8846</value>
         <object_component_ref idref="oc-189"/>
      </symbol>
      <symbol id="sm-741">
         <name>LTC2_Config</name>
         <value>0x911e</value>
         <object_component_ref idref="oc-3ac"/>
      </symbol>
      <symbol id="sm-742">
         <name>LTC1_Read_Config</name>
         <value>0x8bec</value>
         <object_component_ref idref="oc-167"/>
      </symbol>
      <symbol id="sm-743">
         <name>LTC2_Read_Voltages</name>
         <value>0x8054</value>
         <object_component_ref idref="oc-198"/>
      </symbol>
      <symbol id="sm-744">
         <name>LTC3_Read_Voltages</name>
         <value>0x815c</value>
         <object_component_ref idref="oc-191"/>
      </symbol>
      <symbol id="sm-745">
         <name>LTC1_Read_Voltages</name>
         <value>0x7f4c</value>
         <object_component_ref idref="oc-19f"/>
      </symbol>
      <symbol id="sm-746">
         <name>LTC1_Config</name>
         <value>0x906e</value>
         <object_component_ref idref="oc-3a0"/>
      </symbol>
      <symbol id="sm-747">
         <name>LTC2_Read_Config</name>
         <value>0x8cb4</value>
         <object_component_ref idref="oc-175"/>
      </symbol>
      <symbol id="sm-748">
         <name>LTC2_Start_ADCCV</name>
         <value>0x9e4e</value>
         <object_component_ref idref="oc-1b0"/>
      </symbol>
      <symbol id="sm-749">
         <name>LTC2_Read_Flags</name>
         <value>0x8754</value>
         <object_component_ref idref="oc-17b"/>
      </symbol>
      <symbol id="sm-752">
         <name>abs</name>
         <value>0xa3fe</value>
         <object_component_ref idref="oc-1c4"/>
      </symbol>
      <symbol id="sm-760">
         <name>_c_int00_noexit</name>
         <value>0x5e60</value>
         <object_component_ref idref="oc-72"/>
      </symbol>
      <symbol id="sm-761">
         <name>_c_int00</name>
         <value>0x5e60</value>
         <object_component_ref idref="oc-72"/>
      </symbol>
      <symbol id="sm-762">
         <name>_stack</name>
         <value>0x5b60</value>
         <object_component_ref idref="oc-93"/>
      </symbol>
      <symbol id="sm-763">
         <name>_reset_vector</name>
         <value>0xfffe</value>
         <object_component_ref idref="oc-95"/>
      </symbol>
      <symbol id="sm-773">
         <name>__TI_decompress_none</name>
         <value>0x9c4a</value>
         <object_component_ref idref="oc-84"/>
      </symbol>
      <symbol id="sm-795">
         <name>__TI_decompress_rle24</name>
         <value>0xa3d6</value>
         <object_component_ref idref="oc-8e"/>
      </symbol>
      <symbol id="sm-7a7">
         <name>__TI_zero_init</name>
         <value>0x9b52</value>
         <object_component_ref idref="oc-89"/>
      </symbol>
      <symbol id="sm-7b1">
         <name>__memcpy_far</name>
         <value>0x9a92</value>
         <object_component_ref idref="oc-b9"/>
      </symbol>
      <symbol id="sm-7c8">
         <name>__mspabi_cvtdf</name>
         <value>0x9320</value>
         <object_component_ref idref="oc-228"/>
      </symbol>
      <symbol id="sm-7d8">
         <name>__mspabi_cvtfd</name>
         <value>0x95de</value>
         <object_component_ref idref="oc-230"/>
      </symbol>
      <symbol id="sm-7e3">
         <name>__mspabi_remi</name>
         <value>0x9f32</value>
         <object_component_ref idref="oc-248"/>
      </symbol>
      <symbol id="sm-7e4">
         <name>__mspabi_divi</name>
         <value>0x9f32</value>
         <object_component_ref idref="oc-248"/>
      </symbol>
      <symbol id="sm-7ed">
         <name>__mspabi_remu</name>
         <value>0xa282</value>
         <object_component_ref idref="oc-42f"/>
      </symbol>
      <symbol id="sm-7ee">
         <name>__mspabi_divu</name>
         <value>0xa282</value>
         <object_component_ref idref="oc-42f"/>
      </symbol>
      <symbol id="sm-813">
         <name>__mspabi_divd</name>
         <value>0x793a</value>
         <object_component_ref idref="oc-21e"/>
      </symbol>
      <symbol id="sm-81c">
         <name>C$$EXIT</name>
         <value>0xa418</value>
         <object_component_ref idref="oc-ae"/>
      </symbol>
      <symbol id="sm-81d">
         <name>abort</name>
         <value>0xa418</value>
         <object_component_ref idref="oc-ae"/>
      </symbol>
      <symbol id="sm-828">
         <name>__mspabi_fltud</name>
         <value>0xa40e</value>
         <object_component_ref idref="oc-266"/>
      </symbol>
      <symbol id="sm-83c">
         <name>__mspabi_fltuld</name>
         <value>0x94e4</value>
         <object_component_ref idref="oc-219"/>
      </symbol>
      <symbol id="sm-856">
         <name>__TI_frcdivd</name>
         <value>0x6aa0</value>
         <object_component_ref idref="oc-40b"/>
      </symbol>
      <symbol id="sm-86d">
         <name>__mspabi_mpyf</name>
         <value>0x8f04</value>
         <object_component_ref idref="oc-244"/>
      </symbol>
      <symbol id="sm-87e">
         <name>__mspabi_fixfi</name>
         <value>0x979c</value>
         <object_component_ref idref="oc-23d"/>
      </symbol>
      <symbol id="sm-881">
         <name>__TI_int41</name>
         <value>0xffd2</value>
         <object_component_ref idref="oc-69"/>
      </symbol>
      <symbol id="sm-884">
         <name>__TI_int42</name>
         <value>0xffd4</value>
         <object_component_ref idref="oc-6a"/>
      </symbol>
      <symbol id="sm-887">
         <name>__TI_int43</name>
         <value>0xffd6</value>
         <object_component_ref idref="oc-6b"/>
      </symbol>
      <symbol id="sm-88a">
         <name>__TI_int45</name>
         <value>0xffda</value>
         <object_component_ref idref="oc-6d"/>
      </symbol>
      <symbol id="sm-88d">
         <name>__TI_int46</name>
         <value>0xffdc</value>
         <object_component_ref idref="oc-6e"/>
      </symbol>
      <symbol id="sm-890">
         <name>__TI_int47</name>
         <value>0xffde</value>
         <object_component_ref idref="oc-6f"/>
      </symbol>
      <symbol id="sm-893">
         <name>__TI_int48</name>
         <value>0xffe0</value>
         <object_component_ref idref="oc-70"/>
      </symbol>
      <symbol id="sm-896">
         <name>__TI_int49</name>
         <value>0xffe2</value>
         <object_component_ref idref="oc-71"/>
      </symbol>
      <symbol id="sm-899">
         <name>__TI_int50</name>
         <value>0xffe4</value>
         <object_component_ref idref="oc-77"/>
      </symbol>
      <symbol id="sm-89c">
         <name>__TI_int51</name>
         <value>0xffe6</value>
         <object_component_ref idref="oc-78"/>
      </symbol>
      <symbol id="sm-89f">
         <name>__TI_int52</name>
         <value>0xffe8</value>
         <object_component_ref idref="oc-79"/>
      </symbol>
      <symbol id="sm-8a2">
         <name>__TI_int53</name>
         <value>0xffea</value>
         <object_component_ref idref="oc-7a"/>
      </symbol>
      <symbol id="sm-8a5">
         <name>__TI_int54</name>
         <value>0xffec</value>
         <object_component_ref idref="oc-7b"/>
      </symbol>
      <symbol id="sm-8a8">
         <name>__TI_int55</name>
         <value>0xffee</value>
         <object_component_ref idref="oc-7c"/>
      </symbol>
      <symbol id="sm-8ab">
         <name>__TI_int56</name>
         <value>0xfff0</value>
         <object_component_ref idref="oc-7d"/>
      </symbol>
      <symbol id="sm-8ae">
         <name>__TI_int57</name>
         <value>0xfff2</value>
         <object_component_ref idref="oc-7e"/>
      </symbol>
      <symbol id="sm-8b1">
         <name>__TI_int58</name>
         <value>0xfff4</value>
         <object_component_ref idref="oc-7f"/>
      </symbol>
      <symbol id="sm-8b4">
         <name>__TI_int59</name>
         <value>0xfff6</value>
         <object_component_ref idref="oc-80"/>
      </symbol>
      <symbol id="sm-8b7">
         <name>__TI_int61</name>
         <value>0xfffa</value>
         <object_component_ref idref="oc-82"/>
      </symbol>
      <symbol id="sm-8ba">
         <name>__TI_int62</name>
         <value>0xfffc</value>
         <object_component_ref idref="oc-83"/>
      </symbol>
      <symbol id="sm-8c1">
         <name>__TI_ISR_TRAP</name>
         <value>0xa408</value>
         <object_component_ref idref="oc-96"/>
      </symbol>
      <symbol id="sm-8cf">
         <name>__mspabi_slll_9</name>
         <value>0x9be6</value>
         <object_component_ref idref="oc-320"/>
      </symbol>
      <symbol id="sm-8d0">
         <name>__mspabi_slll_8</name>
         <value>0x9bea</value>
         <object_component_ref idref="oc-320"/>
      </symbol>
      <symbol id="sm-8d1">
         <name>__mspabi_slll_7</name>
         <value>0x9bee</value>
         <object_component_ref idref="oc-320"/>
      </symbol>
      <symbol id="sm-8d2">
         <name>__mspabi_slll_6</name>
         <value>0x9bf2</value>
         <object_component_ref idref="oc-320"/>
      </symbol>
      <symbol id="sm-8d3">
         <name>__mspabi_slll_5</name>
         <value>0x9bf6</value>
         <object_component_ref idref="oc-320"/>
      </symbol>
      <symbol id="sm-8d4">
         <name>__mspabi_slll_4</name>
         <value>0x9bfa</value>
         <object_component_ref idref="oc-320"/>
      </symbol>
      <symbol id="sm-8d5">
         <name>__mspabi_slll_3</name>
         <value>0x9bfe</value>
         <object_component_ref idref="oc-320"/>
      </symbol>
      <symbol id="sm-8d6">
         <name>__mspabi_slll_2</name>
         <value>0x9c02</value>
         <object_component_ref idref="oc-320"/>
      </symbol>
      <symbol id="sm-8d7">
         <name>__mspabi_slll_1</name>
         <value>0x9c06</value>
         <object_component_ref idref="oc-320"/>
      </symbol>
      <symbol id="sm-8d8">
         <name>__mspabi_slll</name>
         <value>0xa3b6</value>
         <object_component_ref idref="oc-4f2"/>
      </symbol>
      <symbol id="sm-8d9">
         <name>__mspabi_slll_15</name>
         <value>0x9bce</value>
         <object_component_ref idref="oc-320"/>
      </symbol>
      <symbol id="sm-8da">
         <name>__mspabi_slll_14</name>
         <value>0x9bd2</value>
         <object_component_ref idref="oc-320"/>
      </symbol>
      <symbol id="sm-8db">
         <name>__mspabi_slll_13</name>
         <value>0x9bd6</value>
         <object_component_ref idref="oc-320"/>
      </symbol>
      <symbol id="sm-8dc">
         <name>__mspabi_slll_12</name>
         <value>0x9bda</value>
         <object_component_ref idref="oc-320"/>
      </symbol>
      <symbol id="sm-8dd">
         <name>__mspabi_slll_11</name>
         <value>0x9bde</value>
         <object_component_ref idref="oc-320"/>
      </symbol>
      <symbol id="sm-8de">
         <name>__mspabi_slll_10</name>
         <value>0x9be2</value>
         <object_component_ref idref="oc-320"/>
      </symbol>
      <symbol id="sm-8ec">
         <name>__mspabi_srll_8</name>
         <value>0x9c28</value>
         <object_component_ref idref="oc-400"/>
      </symbol>
      <symbol id="sm-8ed">
         <name>__mspabi_srll_9</name>
         <value>0x9c24</value>
         <object_component_ref idref="oc-400"/>
      </symbol>
      <symbol id="sm-8ee">
         <name>__mspabi_srll_6</name>
         <value>0x9c30</value>
         <object_component_ref idref="oc-400"/>
      </symbol>
      <symbol id="sm-8ef">
         <name>__mspabi_srll_7</name>
         <value>0x9c2c</value>
         <object_component_ref idref="oc-400"/>
      </symbol>
      <symbol id="sm-8f0">
         <name>__mspabi_srll_4</name>
         <value>0x9c38</value>
         <object_component_ref idref="oc-400"/>
      </symbol>
      <symbol id="sm-8f1">
         <name>__mspabi_srll_5</name>
         <value>0x9c34</value>
         <object_component_ref idref="oc-400"/>
      </symbol>
      <symbol id="sm-8f2">
         <name>__mspabi_srll_2</name>
         <value>0x9c40</value>
         <object_component_ref idref="oc-400"/>
      </symbol>
      <symbol id="sm-8f3">
         <name>__mspabi_srll_3</name>
         <value>0x9c3c</value>
         <object_component_ref idref="oc-400"/>
      </symbol>
      <symbol id="sm-8f4">
         <name>__mspabi_srll_1</name>
         <value>0x9c44</value>
         <object_component_ref idref="oc-400"/>
      </symbol>
      <symbol id="sm-8f5">
         <name>__mspabi_srll_15</name>
         <value>0x9c0c</value>
         <object_component_ref idref="oc-400"/>
      </symbol>
      <symbol id="sm-8f6">
         <name>__mspabi_srll_14</name>
         <value>0x9c10</value>
         <object_component_ref idref="oc-400"/>
      </symbol>
      <symbol id="sm-8f7">
         <name>__mspabi_srll_13</name>
         <value>0x9c14</value>
         <object_component_ref idref="oc-400"/>
      </symbol>
      <symbol id="sm-8f8">
         <name>__mspabi_srll_12</name>
         <value>0x9c18</value>
         <object_component_ref idref="oc-400"/>
      </symbol>
      <symbol id="sm-8f9">
         <name>__mspabi_srll_11</name>
         <value>0x9c1c</value>
         <object_component_ref idref="oc-400"/>
      </symbol>
      <symbol id="sm-8fa">
         <name>__mspabi_srll_10</name>
         <value>0x9c20</value>
         <object_component_ref idref="oc-400"/>
      </symbol>
      <symbol id="sm-8fb">
         <name>__mspabi_srll</name>
         <value>0xa3c6</value>
         <object_component_ref idref="oc-4f6"/>
      </symbol>
      <symbol id="sm-91b">
         <name>__mspabi_mpyd</name>
         <value>0x76f6</value>
         <object_component_ref idref="oc-223"/>
      </symbol>
      <symbol id="sm-922">
         <name>__mspabi_mpyi_f5hw</name>
         <value>0xa298</value>
         <object_component_ref idref="oc-4a0"/>
      </symbol>
      <symbol id="sm-929">
         <name>__mspabi_mpyl_f5hw</name>
         <value>0xa114</value>
         <object_component_ref idref="oc-49c"/>
      </symbol>
      <symbol id="sm-931">
         <name>_system_pre_init</name>
         <value>0xa414</value>
         <object_component_ref idref="oc-9f"/>
      </symbol>
      <symbol id="sm-94f">
         <name>sprintf</name>
         <value>0x9cc0</value>
         <object_component_ref idref="oc-254"/>
      </symbol>
      <symbol id="sm-95c">
         <name>strcmp</name>
         <value>0xa26a</value>
         <object_component_ref idref="oc-f2"/>
      </symbol>
      <symbol id="sm-967">
         <name>__mspabi_subd</name>
         <value>0x9d5e</value>
         <object_component_ref idref="oc-235"/>
      </symbol>
      <symbol id="sm-9c8">
         <name>__TI_printfi_minimal</name>
         <value>0x8e44</value>
         <object_component_ref idref="oc-43e"/>
      </symbol>
      <symbol id="sm-9e9">
         <name>__mspabi_addd</name>
         <value>0x71be</value>
         <object_component_ref idref="oc-426"/>
      </symbol>
      <symbol id="sm-9f8">
         <name>__mspabi_sral</name>
         <value>0xa3a6</value>
         <object_component_ref idref="oc-4fa"/>
      </symbol>
      <symbol id="sm-9f9">
         <name>__mspabi_sral_15</name>
         <value>0x9b90</value>
         <object_component_ref idref="oc-420"/>
      </symbol>
      <symbol id="sm-9fa">
         <name>__mspabi_sral_14</name>
         <value>0x9b94</value>
         <object_component_ref idref="oc-420"/>
      </symbol>
      <symbol id="sm-9fb">
         <name>__mspabi_sral_13</name>
         <value>0x9b98</value>
         <object_component_ref idref="oc-420"/>
      </symbol>
      <symbol id="sm-9fc">
         <name>__mspabi_sral_12</name>
         <value>0x9b9c</value>
         <object_component_ref idref="oc-420"/>
      </symbol>
      <symbol id="sm-9fd">
         <name>__mspabi_sral_11</name>
         <value>0x9ba0</value>
         <object_component_ref idref="oc-420"/>
      </symbol>
      <symbol id="sm-9fe">
         <name>__mspabi_sral_10</name>
         <value>0x9ba4</value>
         <object_component_ref idref="oc-420"/>
      </symbol>
      <symbol id="sm-9ff">
         <name>__mspabi_sral_8</name>
         <value>0x9bac</value>
         <object_component_ref idref="oc-420"/>
      </symbol>
      <symbol id="sm-a00">
         <name>__mspabi_sral_9</name>
         <value>0x9ba8</value>
         <object_component_ref idref="oc-420"/>
      </symbol>
      <symbol id="sm-a01">
         <name>__mspabi_sral_6</name>
         <value>0x9bb4</value>
         <object_component_ref idref="oc-420"/>
      </symbol>
      <symbol id="sm-a02">
         <name>__mspabi_sral_7</name>
         <value>0x9bb0</value>
         <object_component_ref idref="oc-420"/>
      </symbol>
      <symbol id="sm-a03">
         <name>__mspabi_sral_4</name>
         <value>0x9bbc</value>
         <object_component_ref idref="oc-420"/>
      </symbol>
      <symbol id="sm-a04">
         <name>__mspabi_sral_5</name>
         <value>0x9bb8</value>
         <object_component_ref idref="oc-420"/>
      </symbol>
      <symbol id="sm-a05">
         <name>__mspabi_sral_2</name>
         <value>0x9bc4</value>
         <object_component_ref idref="oc-420"/>
      </symbol>
      <symbol id="sm-a06">
         <name>__mspabi_sral_3</name>
         <value>0x9bc0</value>
         <object_component_ref idref="oc-420"/>
      </symbol>
      <symbol id="sm-a07">
         <name>__mspabi_sral_1</name>
         <value>0x9bc8</value>
         <object_component_ref idref="oc-420"/>
      </symbol>
      <symbol id="sm-a1c">
         <name>_auto_init</name>
         <value>0x9652</value>
         <object_component_ref idref="oc-a4"/>
      </symbol>
      <symbol id="sm-a3c">
         <name>__TI_frcaddd</name>
         <value>0x7496</value>
         <object_component_ref idref="oc-4b1"/>
      </symbol>
      <symbol id="sm-a4c">
         <name>__TI_frcmpyd</name>
         <value>0x6ee4</value>
         <object_component_ref idref="oc-412"/>
      </symbol>
      <symbol id="sm-a5a">
         <name>memccpy</name>
         <value>0xa18a</value>
         <object_component_ref idref="oc-51b"/>
      </symbol>
      <symbol id="sm-a6c">
         <name>memcpy</name>
         <value>0xa2d4</value>
         <object_component_ref idref="oc-4bb"/>
      </symbol>
      <symbol id="sm-a79">
         <name>memset</name>
         <value>0xa2ae</value>
         <object_component_ref idref="oc-510"/>
      </symbol>
      <symbol id="sm-a8c">
         <name>__TI_renormd</name>
         <value>0x8fba</value>
         <object_component_ref idref="oc-4fe"/>
      </symbol>
      <symbol id="sm-a98">
         <name>strlen</name>
         <value>0xa3e4</value>
         <object_component_ref idref="oc-4c2"/>
      </symbol>
      <symbol id="sm-a99">
         <name>__TI_exit</name>
         <value>0x1</value>
      </symbol>
      <symbol id="sm-a9a">
         <name>__TI_args_main</name>
         <value>0x1</value>
      </symbol>
      <symbol id="sm-a9b">
         <name>__TI_INITARRAY_Base</name>
         <value>0x0</value>
      </symbol>
      <symbol id="sm-a9c">
         <name>__TI_INITARRAY_Limit</name>
         <value>0x0</value>
      </symbol>
   </symbol_table>
   <title>Link successful</title>
</link_info>
