<?xml version="1.0"?>
<link_info>
   <banner>MSP430 Linker PC v15.12.3.LTS</banner>
   <copyright>Copyright (c) 2003-2015 Texas Instruments Incorporated</copyright>
   <link_time>0x58a4d962</link_time>
   <link_errors>0x0</link_errors>
   <output_file>TestBoard.out</output_file>
   <entry_point>
      <name>_c_int00_noargs_noexit</name>
      <address>0x5dbc</address>
   </entry_point>
   <input_file_list>
      <input_file id="fl-2">
         <path>.\</path>
         <kind>object</kind>
         <file>BPSmain.obj</file>
         <name>BPSmain.obj</name>
      </input_file>
      <input_file id="fl-3">
         <path>.\</path>
         <kind>object</kind>
         <file>LTC6803.obj</file>
         <name>LTC6803.obj</name>
      </input_file>
      <input_file id="fl-4">
         <path>.\</path>
         <kind>object</kind>
         <file>LTCspi.obj</file>
         <name>LTCspi.obj</name>
      </input_file>
      <input_file id="fl-5">
         <path>.\</path>
         <kind>object</kind>
         <file>RS232.obj</file>
         <name>RS232.obj</name>
      </input_file>
      <input_file id="fl-6">
         <path>.\</path>
         <kind>object</kind>
         <file>ad7739_func.obj</file>
         <name>ad7739_func.obj</name>
      </input_file>
      <input_file id="fl-7">
         <path>.\</path>
         <kind>object</kind>
         <file>adcspi.obj</file>
         <name>adcspi.obj</name>
      </input_file>
      <input_file id="fl-8">
         <path>.\</path>
         <kind>object</kind>
         <file>can.obj</file>
         <name>can.obj</name>
      </input_file>
      <input_file id="fl-9">
         <path>.\</path>
         <kind>object</kind>
         <file>canspi.obj</file>
         <name>canspi.obj</name>
      </input_file>
      <input_file id="fl-a">
         <path>.\</path>
         <kind>object</kind>
         <file>clock_init.obj</file>
         <name>clock_init.obj</name>
      </input_file>
      <input_file id="fl-b">
         <path>.\</path>
         <kind>object</kind>
         <file>io_init.obj</file>
         <name>io_init.obj</name>
      </input_file>
      <input_file id="fl-2c">
         <path>C:\ti\ccsv6\tools\compiler\msp430_15.12.3.LTS\lib\</path>
         <kind>archive</kind>
         <file>rts430x_lc_rd_eabi.lib</file>
         <name>abs.obj</name>
      </input_file>
      <input_file id="fl-2d">
         <path>C:\ti\ccsv6\tools\compiler\msp430_15.12.3.LTS\lib\</path>
         <kind>archive</kind>
         <file>rts430x_lc_rd_eabi.lib</file>
         <name>boot.obj</name>
      </input_file>
      <input_file id="fl-2e">
         <path>C:\ti\ccsv6\tools\compiler\msp430_15.12.3.LTS\lib\</path>
         <kind>archive</kind>
         <file>rts430x_lc_rd_eabi.lib</file>
         <name>boot_special.obj</name>
      </input_file>
      <input_file id="fl-2f">
         <path>C:\ti\ccsv6\tools\compiler\msp430_15.12.3.LTS\lib\</path>
         <kind>archive</kind>
         <file>rts430x_lc_rd_eabi.lib</file>
         <name>copy_decompress_none.obj</name>
      </input_file>
      <input_file id="fl-30">
         <path>C:\ti\ccsv6\tools\compiler\msp430_15.12.3.LTS\lib\</path>
         <kind>archive</kind>
         <file>rts430x_lc_rd_eabi.lib</file>
         <name>copy_decompress_rle.obj</name>
      </input_file>
      <input_file id="fl-31">
         <path>C:\ti\ccsv6\tools\compiler\msp430_15.12.3.LTS\lib\</path>
         <kind>archive</kind>
         <file>rts430x_lc_rd_eabi.lib</file>
         <name>copy_zero_init.obj</name>
      </input_file>
      <input_file id="fl-32">
         <path>C:\ti\ccsv6\tools\compiler\msp430_15.12.3.LTS\lib\</path>
         <kind>archive</kind>
         <file>rts430x_lc_rd_eabi.lib</file>
         <name>cvtdf.obj</name>
      </input_file>
      <input_file id="fl-33">
         <path>C:\ti\ccsv6\tools\compiler\msp430_15.12.3.LTS\lib\</path>
         <kind>archive</kind>
         <file>rts430x_lc_rd_eabi.lib</file>
         <name>cvtfd.obj</name>
      </input_file>
      <input_file id="fl-34">
         <path>C:\ti\ccsv6\tools\compiler\msp430_15.12.3.LTS\lib\</path>
         <kind>archive</kind>
         <file>rts430x_lc_rd_eabi.lib</file>
         <name>div16s.obj</name>
      </input_file>
      <input_file id="fl-35">
         <path>C:\ti\ccsv6\tools\compiler\msp430_15.12.3.LTS\lib\</path>
         <kind>archive</kind>
         <file>rts430x_lc_rd_eabi.lib</file>
         <name>div16u.obj</name>
      </input_file>
      <input_file id="fl-36">
         <path>C:\ti\ccsv6\tools\compiler\msp430_15.12.3.LTS\lib\</path>
         <kind>archive</kind>
         <file>rts430x_lc_rd_eabi.lib</file>
         <name>divd.obj</name>
      </input_file>
      <input_file id="fl-37">
         <path>C:\ti\ccsv6\tools\compiler\msp430_15.12.3.LTS\lib\</path>
         <kind>archive</kind>
         <file>rts430x_lc_rd_eabi.lib</file>
         <name>exit.obj</name>
      </input_file>
      <input_file id="fl-38">
         <path>C:\ti\ccsv6\tools\compiler\msp430_15.12.3.LTS\lib\</path>
         <kind>archive</kind>
         <file>rts430x_lc_rd_eabi.lib</file>
         <name>exit_gvars.obj</name>
      </input_file>
      <input_file id="fl-39">
         <path>C:\ti\ccsv6\tools\compiler\msp430_15.12.3.LTS\lib\</path>
         <kind>archive</kind>
         <file>rts430x_lc_rd_eabi.lib</file>
         <name>frcdivd.obj</name>
      </input_file>
      <input_file id="fl-3a">
         <path>C:\ti\ccsv6\tools\compiler\msp430_15.12.3.LTS\lib\</path>
         <kind>archive</kind>
         <file>rts430x_lc_rd_eabi.lib</file>
         <name>fs_cmp.obj</name>
      </input_file>
      <input_file id="fl-3b">
         <path>C:\ti\ccsv6\tools\compiler\msp430_15.12.3.LTS\lib\</path>
         <kind>archive</kind>
         <file>rts430x_lc_rd_eabi.lib</file>
         <name>fs_itof.obj</name>
      </input_file>
      <input_file id="fl-3c">
         <path>C:\ti\ccsv6\tools\compiler\msp430_15.12.3.LTS\lib\</path>
         <kind>archive</kind>
         <file>rts430x_lc_rd_eabi.lib</file>
         <name>fs_ltof.obj</name>
      </input_file>
      <input_file id="fl-3d">
         <path>C:\ti\ccsv6\tools\compiler\msp430_15.12.3.LTS\lib\</path>
         <kind>archive</kind>
         <file>rts430x_lc_rd_eabi.lib</file>
         <name>fs_mpy.obj</name>
      </input_file>
      <input_file id="fl-3e">
         <path>C:\ti\ccsv6\tools\compiler\msp430_15.12.3.LTS\lib\</path>
         <kind>archive</kind>
         <file>rts430x_lc_rd_eabi.lib</file>
         <name>fs_toi.obj</name>
      </input_file>
      <input_file id="fl-3f">
         <path>C:\ti\ccsv6\tools\compiler\msp430_15.12.3.LTS\lib\</path>
         <kind>archive</kind>
         <file>rts430x_lc_rd_eabi.lib</file>
         <name>fs_ultof.obj</name>
      </input_file>
      <input_file id="fl-40">
         <path>C:\ti\ccsv6\tools\compiler\msp430_15.12.3.LTS\lib\</path>
         <kind>archive</kind>
         <file>rts430x_lc_rd_eabi.lib</file>
         <name>fs_utof.obj</name>
      </input_file>
      <input_file id="fl-41">
         <path>C:\ti\ccsv6\tools\compiler\msp430_15.12.3.LTS\lib\</path>
         <kind>archive</kind>
         <file>rts430x_lc_rd_eabi.lib</file>
         <name>int41.obj</name>
      </input_file>
      <input_file id="fl-42">
         <path>C:\ti\ccsv6\tools\compiler\msp430_15.12.3.LTS\lib\</path>
         <kind>archive</kind>
         <file>rts430x_lc_rd_eabi.lib</file>
         <name>int43.obj</name>
      </input_file>
      <input_file id="fl-43">
         <path>C:\ti\ccsv6\tools\compiler\msp430_15.12.3.LTS\lib\</path>
         <kind>archive</kind>
         <file>rts430x_lc_rd_eabi.lib</file>
         <name>int45.obj</name>
      </input_file>
      <input_file id="fl-44">
         <path>C:\ti\ccsv6\tools\compiler\msp430_15.12.3.LTS\lib\</path>
         <kind>archive</kind>
         <file>rts430x_lc_rd_eabi.lib</file>
         <name>int46.obj</name>
      </input_file>
      <input_file id="fl-45">
         <path>C:\ti\ccsv6\tools\compiler\msp430_15.12.3.LTS\lib\</path>
         <kind>archive</kind>
         <file>rts430x_lc_rd_eabi.lib</file>
         <name>int48.obj</name>
      </input_file>
      <input_file id="fl-46">
         <path>C:\ti\ccsv6\tools\compiler\msp430_15.12.3.LTS\lib\</path>
         <kind>archive</kind>
         <file>rts430x_lc_rd_eabi.lib</file>
         <name>int49.obj</name>
      </input_file>
      <input_file id="fl-47">
         <path>C:\ti\ccsv6\tools\compiler\msp430_15.12.3.LTS\lib\</path>
         <kind>archive</kind>
         <file>rts430x_lc_rd_eabi.lib</file>
         <name>int50.obj</name>
      </input_file>
      <input_file id="fl-48">
         <path>C:\ti\ccsv6\tools\compiler\msp430_15.12.3.LTS\lib\</path>
         <kind>archive</kind>
         <file>rts430x_lc_rd_eabi.lib</file>
         <name>int51.obj</name>
      </input_file>
      <input_file id="fl-49">
         <path>C:\ti\ccsv6\tools\compiler\msp430_15.12.3.LTS\lib\</path>
         <kind>archive</kind>
         <file>rts430x_lc_rd_eabi.lib</file>
         <name>int52.obj</name>
      </input_file>
      <input_file id="fl-4a">
         <path>C:\ti\ccsv6\tools\compiler\msp430_15.12.3.LTS\lib\</path>
         <kind>archive</kind>
         <file>rts430x_lc_rd_eabi.lib</file>
         <name>int53.obj</name>
      </input_file>
      <input_file id="fl-4b">
         <path>C:\ti\ccsv6\tools\compiler\msp430_15.12.3.LTS\lib\</path>
         <kind>archive</kind>
         <file>rts430x_lc_rd_eabi.lib</file>
         <name>int54.obj</name>
      </input_file>
      <input_file id="fl-4c">
         <path>C:\ti\ccsv6\tools\compiler\msp430_15.12.3.LTS\lib\</path>
         <kind>archive</kind>
         <file>rts430x_lc_rd_eabi.lib</file>
         <name>int55.obj</name>
      </input_file>
      <input_file id="fl-4d">
         <path>C:\ti\ccsv6\tools\compiler\msp430_15.12.3.LTS\lib\</path>
         <kind>archive</kind>
         <file>rts430x_lc_rd_eabi.lib</file>
         <name>int56.obj</name>
      </input_file>
      <input_file id="fl-4e">
         <path>C:\ti\ccsv6\tools\compiler\msp430_15.12.3.LTS\lib\</path>
         <kind>archive</kind>
         <file>rts430x_lc_rd_eabi.lib</file>
         <name>int57.obj</name>
      </input_file>
      <input_file id="fl-4f">
         <path>C:\ti\ccsv6\tools\compiler\msp430_15.12.3.LTS\lib\</path>
         <kind>archive</kind>
         <file>rts430x_lc_rd_eabi.lib</file>
         <name>int58.obj</name>
      </input_file>
      <input_file id="fl-50">
         <path>C:\ti\ccsv6\tools\compiler\msp430_15.12.3.LTS\lib\</path>
         <kind>archive</kind>
         <file>rts430x_lc_rd_eabi.lib</file>
         <name>int59.obj</name>
      </input_file>
      <input_file id="fl-51">
         <path>C:\ti\ccsv6\tools\compiler\msp430_15.12.3.LTS\lib\</path>
         <kind>archive</kind>
         <file>rts430x_lc_rd_eabi.lib</file>
         <name>int61.obj</name>
      </input_file>
      <input_file id="fl-52">
         <path>C:\ti\ccsv6\tools\compiler\msp430_15.12.3.LTS\lib\</path>
         <kind>archive</kind>
         <file>rts430x_lc_rd_eabi.lib</file>
         <name>int62.obj</name>
      </input_file>
      <input_file id="fl-53">
         <path>C:\ti\ccsv6\tools\compiler\msp430_15.12.3.LTS\lib\</path>
         <kind>archive</kind>
         <file>rts430x_lc_rd_eabi.lib</file>
         <name>isr_trap.obj</name>
      </input_file>
      <input_file id="fl-54">
         <path>C:\ti\ccsv6\tools\compiler\msp430_15.12.3.LTS\lib\</path>
         <kind>archive</kind>
         <file>rts430x_lc_rd_eabi.lib</file>
         <name>lsl32.obj</name>
      </input_file>
      <input_file id="fl-55">
         <path>C:\ti\ccsv6\tools\compiler\msp430_15.12.3.LTS\lib\</path>
         <kind>archive</kind>
         <file>rts430x_lc_rd_eabi.lib</file>
         <name>lsr32.obj</name>
      </input_file>
      <input_file id="fl-56">
         <path>C:\ti\ccsv6\tools\compiler\msp430_15.12.3.LTS\lib\</path>
         <kind>archive</kind>
         <file>rts430x_lc_rd_eabi.lib</file>
         <name>lsr64.obj</name>
      </input_file>
      <input_file id="fl-57">
         <path>C:\ti\ccsv6\tools\compiler\msp430_15.12.3.LTS\lib\</path>
         <kind>archive</kind>
         <file>rts430x_lc_rd_eabi.lib</file>
         <name>memcpy.obj</name>
      </input_file>
      <input_file id="fl-58">
         <path>C:\ti\ccsv6\tools\compiler\msp430_15.12.3.LTS\lib\</path>
         <kind>archive</kind>
         <file>rts430x_lc_rd_eabi.lib</file>
         <name>mpu_init.obj</name>
      </input_file>
      <input_file id="fl-59">
         <path>C:\ti\ccsv6\tools\compiler\msp430_15.12.3.LTS\lib\</path>
         <kind>archive</kind>
         <file>rts430x_lc_rd_eabi.lib</file>
         <name>mpyd.obj</name>
      </input_file>
      <input_file id="fl-5a">
         <path>C:\ti\ccsv6\tools\compiler\msp430_15.12.3.LTS\lib\</path>
         <kind>archive</kind>
         <file>rts430x_lc_rd_eabi.lib</file>
         <name>mult16.obj</name>
      </input_file>
      <input_file id="fl-5b">
         <path>C:\ti\ccsv6\tools\compiler\msp430_15.12.3.LTS\lib\</path>
         <kind>archive</kind>
         <file>rts430x_lc_rd_eabi.lib</file>
         <name>mult1632_f5hw.obj</name>
      </input_file>
      <input_file id="fl-5c">
         <path>C:\ti\ccsv6\tools\compiler\msp430_15.12.3.LTS\lib\</path>
         <kind>archive</kind>
         <file>rts430x_lc_rd_eabi.lib</file>
         <name>mult16_f5hw.obj</name>
      </input_file>
      <input_file id="fl-5d">
         <path>C:\ti\ccsv6\tools\compiler\msp430_15.12.3.LTS\lib\</path>
         <kind>archive</kind>
         <file>rts430x_lc_rd_eabi.lib</file>
         <name>mult32.obj</name>
      </input_file>
      <input_file id="fl-5e">
         <path>C:\ti\ccsv6\tools\compiler\msp430_15.12.3.LTS\lib\</path>
         <kind>archive</kind>
         <file>rts430x_lc_rd_eabi.lib</file>
         <name>mult3264_f5hw.obj</name>
      </input_file>
      <input_file id="fl-5f">
         <path>C:\ti\ccsv6\tools\compiler\msp430_15.12.3.LTS\lib\</path>
         <kind>archive</kind>
         <file>rts430x_lc_rd_eabi.lib</file>
         <name>mult32_f5hw.obj</name>
      </input_file>
      <input_file id="fl-60">
         <path>C:\ti\ccsv6\tools\compiler\msp430_15.12.3.LTS\lib\</path>
         <kind>archive</kind>
         <file>rts430x_lc_rd_eabi.lib</file>
         <name>mult64_f5hw.obj</name>
      </input_file>
      <input_file id="fl-61">
         <path>C:\ti\ccsv6\tools\compiler\msp430_15.12.3.LTS\lib\</path>
         <kind>archive</kind>
         <file>rts430x_lc_rd_eabi.lib</file>
         <name>pre_init.obj</name>
      </input_file>
      <input_file id="fl-62">
         <path>C:\ti\ccsv6\tools\compiler\msp430_15.12.3.LTS\lib\</path>
         <kind>archive</kind>
         <file>rts430x_lc_rd_eabi.lib</file>
         <name>sprintf.obj</name>
      </input_file>
      <input_file id="fl-63">
         <path>C:\ti\ccsv6\tools\compiler\msp430_15.12.3.LTS\lib\</path>
         <kind>archive</kind>
         <file>rts430x_lc_rd_eabi.lib</file>
         <name>strcmp.obj</name>
      </input_file>
      <input_file id="fl-64">
         <path>C:\ti\ccsv6\tools\compiler\msp430_15.12.3.LTS\lib\</path>
         <kind>archive</kind>
         <file>rts430x_lc_rd_eabi.lib</file>
         <name>subd.obj</name>
      </input_file>
      <input_file id="fl-65">
         <path>C:\ti\ccsv6\tools\compiler\msp430_15.12.3.LTS\lib\</path>
         <kind>archive</kind>
         <file>rts430x_lc_rd_eabi.lib</file>
         <name>_lock.obj</name>
      </input_file>
      <input_file id="fl-66">
         <path>C:\ti\ccsv6\tools\compiler\msp430_15.12.3.LTS\lib\</path>
         <kind>archive</kind>
         <file>rts430x_lc_rd_eabi.lib</file>
         <name>_printfi_min.obj</name>
      </input_file>
      <input_file id="fl-67">
         <path>C:\ti\ccsv6\tools\compiler\msp430_15.12.3.LTS\lib\</path>
         <kind>archive</kind>
         <file>rts430x_lc_rd_eabi.lib</file>
         <name>addd.obj</name>
      </input_file>
      <input_file id="fl-68">
         <path>C:\ti\ccsv6\tools\compiler\msp430_15.12.3.LTS\lib\</path>
         <kind>archive</kind>
         <file>rts430x_lc_rd_eabi.lib</file>
         <name>args_main.obj</name>
      </input_file>
      <input_file id="fl-69">
         <path>C:\ti\ccsv6\tools\compiler\msp430_15.12.3.LTS\lib\</path>
         <kind>archive</kind>
         <file>rts430x_lc_rd_eabi.lib</file>
         <name>asr32.obj</name>
      </input_file>
      <input_file id="fl-6a">
         <path>C:\ti\ccsv6\tools\compiler\msp430_15.12.3.LTS\lib\</path>
         <kind>archive</kind>
         <file>rts430x_lc_rd_eabi.lib</file>
         <name>autoinit_wdt.obj</name>
      </input_file>
      <input_file id="fl-6b">
         <path>C:\ti\ccsv6\tools\compiler\msp430_15.12.3.LTS\lib\</path>
         <kind>archive</kind>
         <file>rts430x_lc_rd_eabi.lib</file>
         <name>cpy_tbl.obj</name>
      </input_file>
      <input_file id="fl-6c">
         <path>C:\ti\ccsv6\tools\compiler\msp430_15.12.3.LTS\lib\</path>
         <kind>archive</kind>
         <file>rts430x_lc_rd_eabi.lib</file>
         <name>frcaddd.obj</name>
      </input_file>
      <input_file id="fl-6d">
         <path>C:\ti\ccsv6\tools\compiler\msp430_15.12.3.LTS\lib\</path>
         <kind>archive</kind>
         <file>rts430x_lc_rd_eabi.lib</file>
         <name>frcmpyd.obj</name>
      </input_file>
      <input_file id="fl-6e">
         <path>C:\ti\ccsv6\tools\compiler\msp430_15.12.3.LTS\lib\</path>
         <kind>archive</kind>
         <file>rts430x_lc_rd_eabi.lib</file>
         <name>memccpy.obj</name>
      </input_file>
      <input_file id="fl-6f">
         <path>C:\ti\ccsv6\tools\compiler\msp430_15.12.3.LTS\lib\</path>
         <kind>archive</kind>
         <file>rts430x_lc_rd_eabi.lib</file>
         <name>memset.obj</name>
      </input_file>
      <input_file id="fl-70">
         <path>C:\ti\ccsv6\tools\compiler\msp430_15.12.3.LTS\lib\</path>
         <kind>archive</kind>
         <file>rts430x_lc_rd_eabi.lib</file>
         <name>renormd.obj</name>
      </input_file>
      <input_file id="fl-71">
         <path>C:\ti\ccsv6\tools\compiler\msp430_15.12.3.LTS\lib\</path>
         <kind>archive</kind>
         <file>rts430x_lc_rd_eabi.lib</file>
         <name>startup.obj</name>
      </input_file>
      <input_file id="fl-72">
         <path>C:\ti\ccsv6\tools\compiler\msp430_15.12.3.LTS\lib\</path>
         <kind>archive</kind>
         <file>rts430x_lc_rd_eabi.lib</file>
         <name>strlen.obj</name>
      </input_file>
   </input_file_list>
   <object_component_list>
      <object_component id="oc-6a0">
         <name>.bss</name>
         <uninitialized>true</uninitialized>
         <run_address>0x1ca0</run_address>
         <size>0x4e</size>
         <input_file_ref idref="fl-6"/>
      </object_component>
      <object_component id="oc-48d">
         <name>.common:batt1</name>
         <uninitialized>true</uninitialized>
         <run_address>0x1df8</run_address>
         <size>0x1</size>
      </object_component>
      <object_component id="oc-49a">
         <name>.common:batt2</name>
         <uninitialized>true</uninitialized>
         <run_address>0x1df9</run_address>
         <size>0x1</size>
      </object_component>
      <object_component id="oc-4a7">
         <name>.common:batt3</name>
         <uninitialized>true</uninitialized>
         <run_address>0x1dfa</run_address>
         <size>0x1</size>
      </object_component>
      <object_component id="oc-57d">
         <name>.common:ltc1_cv</name>
         <uninitialized>true</uninitialized>
         <run_address>0x1d2e</run_address>
         <size>0x18</size>
      </object_component>
      <object_component id="oc-57e">
         <name>.common:ltc2_cv</name>
         <uninitialized>true</uninitialized>
         <run_address>0x1d46</run_address>
         <size>0x18</size>
      </object_component>
      <object_component id="oc-57f">
         <name>.common:ltc3_cv</name>
         <uninitialized>true</uninitialized>
         <run_address>0x1d5e</run_address>
         <size>0x18</size>
      </object_component>
      <object_component id="oc-554">
         <name>.common:temperature_adc</name>
         <uninitialized>true</uninitialized>
         <run_address>0x1c00</run_address>
         <size>0xa0</size>
      </object_component>
      <object_component id="oc-547">
         <name>.common:ch</name>
         <uninitialized>true</uninitialized>
         <run_address>0x1dfc</run_address>
         <size>0x1</size>
      </object_component>
      <object_component id="oc-546">
         <name>.common:dev</name>
         <uninitialized>true</uninitialized>
         <run_address>0x1dfd</run_address>
         <size>0x1</size>
      </object_component>
      <object_component id="oc-42d">
         <name>.common:i</name>
         <uninitialized>true</uninitialized>
         <run_address>0x1dfe</run_address>
         <size>0x1</size>
      </object_component>
      <object_component id="oc-555">
         <name>.common:diff_ref</name>
         <uninitialized>true</uninitialized>
         <run_address>0x1db6</run_address>
         <size>0x4</size>
      </object_component>
      <object_component id="oc-556">
         <name>.common:diff_shunt</name>
         <uninitialized>true</uninitialized>
         <run_address>0x1dba</run_address>
         <size>0x4</size>
      </object_component>
      <object_component id="oc-557">
         <name>.common:current_dvolt</name>
         <uninitialized>true</uninitialized>
         <run_address>0x1db2</run_address>
         <size>0x4</size>
      </object_component>
      <object_component id="oc-56f">
         <name>.common:current</name>
         <uninitialized>true</uninitialized>
         <run_address>0x1dae</run_address>
         <size>0x4</size>
      </object_component>
      <object_component id="oc-57a">
         <name>.common:max_v_cell</name>
         <uninitialized>true</uninitialized>
         <run_address>0x1de0</run_address>
         <size>0x2</size>
      </object_component>
      <object_component id="oc-57b">
         <name>.common:ltc_max</name>
         <uninitialized>true</uninitialized>
         <run_address>0x1dda</run_address>
         <size>0x2</size>
      </object_component>
      <object_component id="oc-57c">
         <name>.common:bat_voltage</name>
         <uninitialized>true</uninitialized>
         <run_address>0x1da2</run_address>
         <size>0x4</size>
      </object_component>
      <object_component id="oc-585">
         <name>.common:max_voltage</name>
         <uninitialized>true</uninitialized>
         <run_address>0x1dc6</run_address>
         <size>0x4</size>
      </object_component>
      <object_component id="oc-586">
         <name>.common:min_v_cell</name>
         <uninitialized>true</uninitialized>
         <run_address>0x1de2</run_address>
         <size>0x2</size>
      </object_component>
      <object_component id="oc-587">
         <name>.common:ltc_min</name>
         <uninitialized>true</uninitialized>
         <run_address>0x1ddc</run_address>
         <size>0x2</size>
      </object_component>
      <object_component id="oc-588">
         <name>.common:min_voltage</name>
         <uninitialized>true</uninitialized>
         <run_address>0x1dca</run_address>
         <size>0x4</size>
      </object_component>
      <object_component id="oc-589">
         <name>.common:max_temp_val</name>
         <uninitialized>true</uninitialized>
         <run_address>0x1dc2</run_address>
         <size>0x4</size>
      </object_component>
      <object_component id="oc-58a">
         <name>.common:max_temp_idx</name>
         <uninitialized>true</uninitialized>
         <run_address>0x1dde</run_address>
         <size>0x2</size>
      </object_component>
      <object_component id="oc-4f1">
         <name>.common:cancheck_flag</name>
         <uninitialized>true</uninitialized>
         <run_address>0x1dd8</run_address>
         <size>0x2</size>
      </object_component>
      <object_component id="oc-79f">
         <name>.common:can_CANINTF</name>
         <uninitialized>true</uninitialized>
         <run_address>0x1dfb</run_address>
         <size>0x1</size>
      </object_component>
      <object_component id="oc-7a6">
         <name>.common:can_FLAGS</name>
         <uninitialized>true</uninitialized>
         <run_address>0x1da6</run_address>
         <size>0x4</size>
      </object_component>
      <object_component id="oc-5a4">
         <name>.common:switches_out_dif</name>
         <uninitialized>true</uninitialized>
         <run_address>0x1dea</run_address>
         <size>0x2</size>
      </object_component>
      <object_component id="oc-5a5">
         <name>.common:switches_dif_save</name>
         <uninitialized>true</uninitialized>
         <run_address>0x1de6</run_address>
         <size>0x2</size>
      </object_component>
      <object_component id="oc-5a6">
         <name>.common:switches_out_new</name>
         <uninitialized>true</uninitialized>
         <run_address>0x1dec</run_address>
         <size>0x2</size>
      </object_component>
      <object_component id="oc-5a7">
         <name>.common:switches_new</name>
         <uninitialized>true</uninitialized>
         <run_address>0x1de8</run_address>
         <size>0x2</size>
      </object_component>
      <object_component id="oc-485">
         <name>.common:can_DC_rcv_count</name>
         <uninitialized>true</uninitialized>
         <run_address>0x1dd6</run_address>
         <size>0x2</size>
      </object_component>
      <object_component id="oc-486">
         <name>.common:old_DC_rcv_count</name>
         <uninitialized>true</uninitialized>
         <run_address>0x1de4</run_address>
         <size>0x2</size>
      </object_component>
      <object_component id="oc-59f">
         <name>.common:AC_char3</name>
         <uninitialized>true</uninitialized>
         <run_address>0x1df7</run_address>
         <size>0x1</size>
      </object_component>
      <object_component id="oc-5a0">
         <name>.common:AC_char2</name>
         <uninitialized>true</uninitialized>
         <run_address>0x1df6</run_address>
         <size>0x1</size>
      </object_component>
      <object_component id="oc-5a1">
         <name>.common:AC_char1</name>
         <uninitialized>true</uninitialized>
         <run_address>0x1df5</run_address>
         <size>0x1</size>
      </object_component>
      <object_component id="oc-5a2">
         <name>.common:AC_char0</name>
         <uninitialized>true</uninitialized>
         <run_address>0x1df4</run_address>
         <size>0x1</size>
      </object_component>
      <object_component id="oc-5a3">
         <name>.common:AC_Serial_No</name>
         <uninitialized>true</uninitialized>
         <run_address>0x1d92</run_address>
         <size>0x4</size>
      </object_component>
      <object_component id="oc-4de">
         <name>.common:SIG1</name>
         <uninitialized>true</uninitialized>
         <run_address>0x1d96</run_address>
         <size>0x4</size>
      </object_component>
      <object_component id="oc-4df">
         <name>.common:SIG2</name>
         <uninitialized>true</uninitialized>
         <run_address>0x1d9a</run_address>
         <size>0x4</size>
      </object_component>
      <object_component id="oc-4e0">
         <name>.common:SIG3</name>
         <uninitialized>true</uninitialized>
         <run_address>0x1d9e</run_address>
         <size>0x4</size>
      </object_component>
      <object_component id="oc-4e7">
         <name>.common:compare_sig</name>
         <uninitialized>true</uninitialized>
         <run_address>0x1daa</run_address>
         <size>0x4</size>
      </object_component>
      <object_component id="oc-412">
         <name>.common:command</name>
         <uninitialized>true</uninitialized>
         <run_address>0x1d0e</run_address>
         <size>0x20</size>
      </object_component>
      <object_component id="oc-5af">
         <name>.common:buff</name>
         <uninitialized>true</uninitialized>
         <run_address>0x1cee</run_address>
         <size>0x20</size>
      </object_component>
      <object_component id="oc-5d3">
         <name>.common:volt</name>
         <uninitialized>true</uninitialized>
         <run_address>0x1dd2</run_address>
         <size>0x4</size>
      </object_component>
      <object_component id="oc-58b">
         <name>.common:temp</name>
         <uninitialized>true</uninitialized>
         <run_address>0x1dce</run_address>
         <size>0x4</size>
      </object_component>
      <object_component id="oc-592">
         <name>.common:max_temp</name>
         <uninitialized>true</uninitialized>
         <run_address>0x1dbe</run_address>
         <size>0x4</size>
      </object_component>
      <object_component id="oc-5bb">
         <name>.common:temp1</name>
         <uninitialized>true</uninitialized>
         <run_address>0x1dee</run_address>
         <size>0x2</size>
      </object_component>
      <object_component id="oc-5c1">
         <name>.common:temp2</name>
         <uninitialized>true</uninitialized>
         <run_address>0x1df0</run_address>
         <size>0x2</size>
      </object_component>
      <object_component id="oc-5c2">
         <name>.common:temp3</name>
         <uninitialized>true</uninitialized>
         <run_address>0x1df2</run_address>
         <size>0x2</size>
      </object_component>
      <object_component id="oc-4e8">
         <name>.common:can</name>
         <uninitialized>true</uninitialized>
         <run_address>0x1d86</run_address>
         <size>0xc</size>
      </object_component>
      <object_component id="oc-651">
         <name>.common:buffer</name>
         <uninitialized>true</uninitialized>
         <run_address>0x1d76</run_address>
         <size>0x10</size>
      </object_component>
      <object_component id="oc-408">
         <name>.data</name>
         <load_address>0x1e00</load_address>
         <run_address>0x1e00</run_address>
         <size>0x38</size>
         <input_file_ref idref="fl-2"/>
      </object_component>
      <object_component id="oc-41b">
         <name>.data:batt_temp</name>
         <load_address>0x1e78</load_address>
         <run_address>0x1e78</run_address>
         <size>0x20</size>
         <input_file_ref idref="fl-2"/>
      </object_component>
      <object_component id="oc-424">
         <name>.data:batt_volt</name>
         <load_address>0x1e98</load_address>
         <run_address>0x1e98</run_address>
         <size>0x20</size>
         <input_file_ref idref="fl-2"/>
      </object_component>
      <object_component id="oc-427">
         <name>.data:batt_current</name>
         <load_address>0x1e38</load_address>
         <run_address>0x1e38</run_address>
         <size>0x20</size>
         <input_file_ref idref="fl-2"/>
      </object_component>
      <object_component id="oc-42a">
         <name>.data:batt_state</name>
         <load_address>0x1e58</load_address>
         <run_address>0x1e58</run_address>
         <size>0x20</size>
         <input_file_ref idref="fl-2"/>
      </object_component>
      <object_component id="oc-6cc">
         <name>.data:buf_addr$1</name>
         <load_address>0x1eb8</load_address>
         <run_address>0x1eb8</run_address>
         <size>0x6</size>
         <input_file_ref idref="fl-8"/>
      </object_component>
      <object_component id="oc-379">
         <name>.stack</name>
         <uninitialized>true</uninitialized>
         <run_address>0x5b60</run_address>
         <size>0x4</size>
         <input_file_ref idref="fl-2d"/>
      </object_component>
      <object_component id="oc-94c">
         <name>.stack</name>
         <uninitialized>true</uninitialized>
         <run_address>0x5b60</run_address>
         <size>0x0</size>
      </object_component>
      <object_component id="oc-3db">
         <name>.text:main</name>
         <load_address>0x10000</load_address>
         <run_address>0x10000</run_address>
         <size>0x1780</size>
         <input_file_ref idref="fl-2"/>
      </object_component>
      <object_component id="oc-7c7">
         <name>.text:__TI_frcdivd</name>
         <load_address>0x11780</load_address>
         <run_address>0x11780</run_address>
         <size>0x486</size>
         <input_file_ref idref="fl-39"/>
      </object_component>
      <object_component id="oc-786">
         <name>.text:__TI_frcmpyd</name>
         <load_address>0x11c06</load_address>
         <run_address>0x11c06</run_address>
         <size>0x2e4</size>
         <input_file_ref idref="fl-6d"/>
      </object_component>
      <object_component id="oc-798">
         <name>.text:__mspabi_addd</name>
         <load_address>0x11eea</load_address>
         <run_address>0x11eea</run_address>
         <size>0x2d8</size>
         <input_file_ref idref="fl-67"/>
      </object_component>
      <object_component id="oc-563">
         <name>.text:__mspabi_mpyd</name>
         <load_address>0x121c2</load_address>
         <run_address>0x121c2</run_address>
         <size>0x282</size>
         <input_file_ref idref="fl-59"/>
      </object_component>
      <object_component id="oc-851">
         <name>.text:__TI_frcaddd</name>
         <load_address>0x12444</load_address>
         <run_address>0x12444</run_address>
         <size>0x252</size>
         <input_file_ref idref="fl-6c"/>
      </object_component>
      <object_component id="oc-599">
         <name>.text:can_receive</name>
         <load_address>0x12696</load_address>
         <run_address>0x12696</run_address>
         <size>0x23a</size>
         <input_file_ref idref="fl-8"/>
      </object_component>
      <object_component id="oc-5c8">
         <name>.text:__mspabi_divd</name>
         <load_address>0x128d0</load_address>
         <run_address>0x128d0</run_address>
         <size>0x222</size>
         <input_file_ref idref="fl-36"/>
      </object_component>
      <object_component id="oc-522">
         <name>.text:adc_bus2_init</name>
         <load_address>0x12af2</load_address>
         <run_address>0x12af2</run_address>
         <size>0x186</size>
         <input_file_ref idref="fl-6"/>
      </object_component>
      <object_component id="oc-4eb">
         <name>.text:can_transmit</name>
         <load_address>0x12c78</load_address>
         <run_address>0x12c78</run_address>
         <size>0x17a</size>
         <input_file_ref idref="fl-8"/>
      </object_component>
      <object_component id="oc-50a">
         <name>.text:adc_bus1_init</name>
         <load_address>0x12df2</load_address>
         <run_address>0x12df2</run_address>
         <size>0x166</size>
         <input_file_ref idref="fl-6"/>
      </object_component>
      <object_component id="oc-47f">
         <name>.text:can_init</name>
         <load_address>0x12f58</load_address>
         <run_address>0x12f58</run_address>
         <size>0x142</size>
         <input_file_ref idref="fl-8"/>
      </object_component>
      <object_component id="oc-864">
         <name>.text:_setfield</name>
         <load_address>0x1309a</load_address>
         <run_address>0x1309a</run_address>
         <size>0x132</size>
         <input_file_ref idref="fl-66"/>
      </object_component>
      <object_component id="oc-4ba">
         <name>.text:LTC1_Read_Voltages</name>
         <load_address>0x131cc</load_address>
         <run_address>0x131cc</run_address>
         <size>0x124</size>
         <input_file_ref idref="fl-3"/>
      </object_component>
      <object_component id="oc-4b4">
         <name>.text:LTC2_Read_Voltages</name>
         <load_address>0x132f0</load_address>
         <run_address>0x132f0</run_address>
         <size>0x124</size>
         <input_file_ref idref="fl-3"/>
      </object_component>
      <object_component id="oc-4ae">
         <name>.text:LTC3_Read_Voltages</name>
         <load_address>0x13414</load_address>
         <run_address>0x13414</run_address>
         <size>0x124</size>
         <input_file_ref idref="fl-3"/>
      </object_component>
      <object_component id="oc-668">
         <name>.text:Calculate_PEC</name>
         <load_address>0x13538</load_address>
         <run_address>0x13538</run_address>
         <size>0x118</size>
         <input_file_ref idref="fl-3"/>
      </object_component>
      <object_component id="oc-752">
         <name>.text:adc_bus2_zselfcal</name>
         <load_address>0x13650</load_address>
         <run_address>0x13650</run_address>
         <size>0x104</size>
         <input_file_ref idref="fl-6"/>
      </object_component>
      <object_component id="oc-461">
         <name>.text:io_init</name>
         <load_address>0x13754</load_address>
         <run_address>0x13754</run_address>
         <size>0x104</size>
         <input_file_ref idref="fl-b"/>
      </object_component>
      <object_component id="oc-48e">
         <name>.text:LTC1_Read_Flags</name>
         <load_address>0x13858</load_address>
         <run_address>0x13858</run_address>
         <size>0xfa</size>
         <input_file_ref idref="fl-3"/>
      </object_component>
      <object_component id="oc-49b">
         <name>.text:LTC2_Read_Flags</name>
         <load_address>0x13952</load_address>
         <run_address>0x13952</run_address>
         <size>0xfa</size>
         <input_file_ref idref="fl-3"/>
      </object_component>
      <object_component id="oc-4a8">
         <name>.text:LTC3_Read_Flags</name>
         <load_address>0x13a4c</load_address>
         <run_address>0x13a4c</run_address>
         <size>0xfa</size>
         <input_file_ref idref="fl-3"/>
      </object_component>
      <object_component id="oc-727">
         <name>.text:adc_bus1_zselfcal</name>
         <load_address>0x13b46</load_address>
         <run_address>0x13b46</run_address>
         <size>0xf4</size>
         <input_file_ref idref="fl-6"/>
      </object_component>
      <object_component id="oc-52e">
         <name>.text:adc_bus2_read_convert</name>
         <load_address>0x13c3a</load_address>
         <run_address>0x13c3a</run_address>
         <size>0xf2</size>
         <input_file_ref idref="fl-6"/>
      </object_component>
      <object_component id="oc-516">
         <name>.text:adc_bus1_read_convert</name>
         <load_address>0x13d2c</load_address>
         <run_address>0x13d2c</run_address>
         <size>0xea</size>
         <input_file_ref idref="fl-6"/>
      </object_component>
      <object_component id="oc-8b6">
         <name>.text:_pproc_diouxp</name>
         <load_address>0x13e16</load_address>
         <run_address>0x13e16</run_address>
         <size>0xd8</size>
         <input_file_ref idref="fl-66"/>
      </object_component>
      <object_component id="oc-487">
         <name>.text:LTC1_Read_Config</name>
         <load_address>0x13eee</load_address>
         <run_address>0x13eee</run_address>
         <size>0xd6</size>
         <input_file_ref idref="fl-3"/>
      </object_component>
      <object_component id="oc-494">
         <name>.text:LTC2_Read_Config</name>
         <load_address>0x13fc4</load_address>
         <run_address>0x13fc4</run_address>
         <size>0xd6</size>
         <input_file_ref idref="fl-3"/>
      </object_component>
      <object_component id="oc-4a1">
         <name>.text:LTC3_Read_Config</name>
         <load_address>0x1409a</load_address>
         <run_address>0x1409a</run_address>
         <size>0xd6</size>
         <input_file_ref idref="fl-3"/>
      </object_component>
      <object_component id="oc-7b7">
         <name>.text:__TI_printfi_minimal</name>
         <load_address>0x14170</load_address>
         <run_address>0x14170</run_address>
         <size>0xd2</size>
         <input_file_ref idref="fl-66"/>
      </object_component>
      <object_component id="oc-6e6">
         <name>.text:LTC1_Config</name>
         <load_address>0x14242</load_address>
         <run_address>0x14242</run_address>
         <size>0xce</size>
         <input_file_ref idref="fl-3"/>
      </object_component>
      <object_component id="oc-6f3">
         <name>.text:LTC2_Config</name>
         <load_address>0x14310</load_address>
         <run_address>0x14310</run_address>
         <size>0xce</size>
         <input_file_ref idref="fl-3"/>
      </object_component>
      <object_component id="oc-700">
         <name>.text:LTC3_Config</name>
         <load_address>0x143de</load_address>
         <run_address>0x143de</run_address>
         <size>0xce</size>
         <input_file_ref idref="fl-3"/>
      </object_component>
      <object_component id="oc-570">
         <name>.text</name>
         <load_address>0x144ac</load_address>
         <run_address>0x144ac</run_address>
         <size>0xb8</size>
         <input_file_ref idref="fl-3d"/>
      </object_component>
      <object_component id="oc-8a3">
         <name>.text:__TI_renormd</name>
         <load_address>0x14564</load_address>
         <run_address>0x14564</run_address>
         <size>0xb2</size>
         <input_file_ref idref="fl-70"/>
      </object_component>
      <object_component id="oc-54e">
         <name>.text:adc_bus2_contconv_start</name>
         <load_address>0x14616</load_address>
         <run_address>0x14616</run_address>
         <size>0xa2</size>
         <input_file_ref idref="fl-6"/>
      </object_component>
      <object_component id="oc-53a">
         <name>.text:adc_misc_init</name>
         <load_address>0x146b8</load_address>
         <run_address>0x146b8</run_address>
         <size>0x94</size>
         <input_file_ref idref="fl-6"/>
      </object_component>
      <object_component id="oc-548">
         <name>.text:adc_bus1_contconv_start</name>
         <load_address>0x1474c</load_address>
         <run_address>0x1474c</run_address>
         <size>0x92</size>
         <input_file_ref idref="fl-6"/>
      </object_component>
      <object_component id="oc-569">
         <name>.text:__mspabi_cvtdf</name>
         <load_address>0x147de</load_address>
         <run_address>0x147de</run_address>
         <size>0x8c</size>
         <input_file_ref idref="fl-32"/>
      </object_component>
      <object_component id="oc-3c1">
         <name>.text:_auto_init_hold_wdt</name>
         <load_address>0x1486a</load_address>
         <run_address>0x1486a</run_address>
         <size>0x82</size>
         <input_file_ref idref="fl-6a"/>
      </object_component>
      <object_component id="oc-4d8">
         <name>.text:adc_misc_read_convert</name>
         <load_address>0x148ec</load_address>
         <run_address>0x148ec</run_address>
         <size>0x7c</size>
         <input_file_ref idref="fl-6"/>
      </object_component>
      <object_component id="oc-55d">
         <name>.text:__mspabi_cvtfd</name>
         <load_address>0x14968</load_address>
         <run_address>0x14968</run_address>
         <size>0x6e</size>
         <input_file_ref idref="fl-33"/>
      </object_component>
      <object_component id="oc-733">
         <name>.text:adc_bus2_reset</name>
         <load_address>0x149d6</load_address>
         <run_address>0x149d6</run_address>
         <size>0x6c</size>
         <input_file_ref idref="fl-6"/>
      </object_component>
      <object_component id="oc-38a">
         <name>.text:__TI_decompress_rle_core</name>
         <load_address>0x14a42</load_address>
         <run_address>0x14a42</run_address>
         <size>0x68</size>
         <input_file_ref idref="fl-30"/>
      </object_component>
      <object_component id="oc-5b6">
         <name>.text</name>
         <load_address>0x14aaa</load_address>
         <run_address>0x14aaa</run_address>
         <size>0x68</size>
         <input_file_ref idref="fl-3e"/>
      </object_component>
      <object_component id="oc-434">
         <name>.text:copy_in</name>
         <load_address>0x14b12</load_address>
         <run_address>0x14b12</run_address>
         <size>0x66</size>
         <input_file_ref idref="fl-6b"/>
      </object_component>
      <object_component id="oc-708">
         <name>.text:adc_bus1_reset</name>
         <load_address>0x14b78</load_address>
         <run_address>0x14b78</run_address>
         <size>0x64</size>
         <input_file_ref idref="fl-6"/>
      </object_component>
      <object_component id="oc-835">
         <name>.text:adc_bus2_idle</name>
         <load_address>0x14bdc</load_address>
         <run_address>0x14bdc</run_address>
         <size>0x56</size>
         <input_file_ref idref="fl-6"/>
      </object_component>
      <object_component id="oc-62f">
         <name>.text:SetVCoreUp</name>
         <load_address>0x14c32</load_address>
         <run_address>0x14c32</run_address>
         <size>0x54</size>
         <input_file_ref idref="fl-a"/>
      </object_component>
      <object_component id="oc-6d3">
         <name>.text:can_write_tx</name>
         <load_address>0x14c86</load_address>
         <run_address>0x14c86</run_address>
         <size>0x52</size>
         <input_file_ref idref="fl-8"/>
      </object_component>
      <object_component id="oc-829">
         <name>.text:adc_bus1_idle</name>
         <load_address>0x14cd8</load_address>
         <run_address>0x14cd8</run_address>
         <size>0x4e</size>
         <input_file_ref idref="fl-6"/>
      </object_component>
      <object_component id="oc-510">
         <name>.text:adc_bus1_selfcal</name>
         <load_address>0x14d26</load_address>
         <run_address>0x14d26</run_address>
         <size>0x4a</size>
         <input_file_ref idref="fl-6"/>
      </object_component>
      <object_component id="oc-528">
         <name>.text:adc_bus2_selfcal</name>
         <load_address>0x14d70</load_address>
         <run_address>0x14d70</run_address>
         <size>0x4a</size>
         <input_file_ref idref="fl-6"/>
      </object_component>
      <object_component id="oc-575">
         <name>.text</name>
         <load_address>0x14dba</load_address>
         <run_address>0x14dba</run_address>
         <size>0x4a</size>
         <input_file_ref idref="fl-3a"/>
      </object_component>
      <object_component id="oc-558">
         <name>.text</name>
         <load_address>0x14e04</load_address>
         <run_address>0x14e04</run_address>
         <size>0x4a</size>
         <input_file_ref idref="fl-3c"/>
      </object_component>
      <object_component id="oc-86a">
         <name>.text:_pproc_str</name>
         <load_address>0x14e4e</load_address>
         <run_address>0x14e4e</run_address>
         <size>0x48</size>
         <input_file_ref idref="fl-66"/>
      </object_component>
      <object_component id="oc-5b0">
         <name>.text:sprintf</name>
         <load_address>0x14e96</load_address>
         <run_address>0x14e96</run_address>
         <size>0x44</size>
         <input_file_ref idref="fl-62"/>
      </object_component>
      <object_component id="oc-4d2">
         <name>.text:adc_misc_contconv_start</name>
         <load_address>0x14eda</load_address>
         <run_address>0x14eda</run_address>
         <size>0x40</size>
         <input_file_ref idref="fl-6"/>
      </object_component>
      <object_component id="oc-652">
         <name>.text:can_write</name>
         <load_address>0x14f1a</load_address>
         <run_address>0x14f1a</run_address>
         <size>0x40</size>
         <input_file_ref idref="fl-8"/>
      </object_component>
      <object_component id="oc-7a0">
         <name>.text:can_read</name>
         <load_address>0x14f5a</load_address>
         <run_address>0x14f5a</run_address>
         <size>0x3e</size>
         <input_file_ref idref="fl-8"/>
      </object_component>
      <object_component id="oc-77b">
         <name>.text:l_asr_const</name>
         <load_address>0x14f98</load_address>
         <run_address>0x14f98</run_address>
         <size>0x3e</size>
         <input_file_ref idref="fl-69"/>
      </object_component>
      <object_component id="oc-6c2">
         <name>.text:l_lsl_const</name>
         <load_address>0x14fd6</load_address>
         <run_address>0x14fd6</run_address>
         <size>0x3e</size>
         <input_file_ref idref="fl-54"/>
      </object_component>
      <object_component id="oc-841">
         <name>.text:l_lsr_const</name>
         <load_address>0x15014</load_address>
         <run_address>0x15014</run_address>
         <size>0x3e</size>
         <input_file_ref idref="fl-55"/>
      </object_component>
      <object_component id="oc-63b">
         <name>.text:Clock_XT2_Init</name>
         <load_address>0x15052</load_address>
         <run_address>0x15052</run_address>
         <size>0x3a</size>
         <input_file_ref idref="fl-a"/>
      </object_component>
      <object_component id="oc-45b">
         <name>.text:delay</name>
         <load_address>0x1508c</load_address>
         <run_address>0x1508c</run_address>
         <size>0x38</size>
         <input_file_ref idref="fl-2"/>
      </object_component>
      <object_component id="oc-622">
         <name>.text:delay</name>
         <load_address>0x150c4</load_address>
         <run_address>0x150c4</run_address>
         <size>0x38</size>
         <input_file_ref idref="fl-b"/>
      </object_component>
      <object_component id="oc-580">
         <name>.text</name>
         <load_address>0x150fc</load_address>
         <run_address>0x150fc</run_address>
         <size>0x36</size>
         <input_file_ref idref="fl-3b"/>
      </object_component>
      <object_component id="oc-635">
         <name>.text:Clock_XT1_Init</name>
         <load_address>0x15132</load_address>
         <run_address>0x15132</run_address>
         <size>0x32</size>
         <input_file_ref idref="fl-a"/>
      </object_component>
      <object_component id="oc-4cc">
         <name>.text:LTC1_Start_ADCCV</name>
         <load_address>0x15164</load_address>
         <run_address>0x15164</run_address>
         <size>0x32</size>
         <input_file_ref idref="fl-3"/>
      </object_component>
      <object_component id="oc-4c6">
         <name>.text:LTC2_Start_ADCCV</name>
         <load_address>0x15196</load_address>
         <run_address>0x15196</run_address>
         <size>0x32</size>
         <input_file_ref idref="fl-3"/>
      </object_component>
      <object_component id="oc-4c0">
         <name>.text:LTC3_Start_ADCCV</name>
         <load_address>0x151c8</load_address>
         <run_address>0x151c8</run_address>
         <size>0x32</size>
         <input_file_ref idref="fl-3"/>
      </object_component>
      <object_component id="oc-58c">
         <name>.text:__mspabi_subd</name>
         <load_address>0x151fa</load_address>
         <run_address>0x151fa</run_address>
         <size>0x32</size>
         <input_file_ref idref="fl-64"/>
      </object_component>
      <object_component id="oc-64b">
         <name>.text:can_mod</name>
         <load_address>0x1522c</load_address>
         <run_address>0x1522c</run_address>
         <size>0x32</size>
         <input_file_ref idref="fl-8"/>
      </object_component>
      <object_component id="oc-5ce">
         <name>.text</name>
         <load_address>0x1525e</load_address>
         <run_address>0x1525e</run_address>
         <size>0x32</size>
         <input_file_ref idref="fl-3f"/>
      </object_component>
      <object_component id="oc-4f2">
         <name>.text:LTC1_init</name>
         <load_address>0x15290</load_address>
         <run_address>0x15290</run_address>
         <size>0x30</size>
         <input_file_ref idref="fl-3"/>
      </object_component>
      <object_component id="oc-4f8">
         <name>.text:LTC2_init</name>
         <load_address>0x152c0</load_address>
         <run_address>0x152c0</run_address>
         <size>0x30</size>
         <input_file_ref idref="fl-3"/>
      </object_component>
      <object_component id="oc-4fe">
         <name>.text:LTC3_init</name>
         <load_address>0x152f0</load_address>
         <run_address>0x152f0</run_address>
         <size>0x30</size>
         <input_file_ref idref="fl-3"/>
      </object_component>
      <object_component id="oc-540">
         <name>.text:adc_misc_selfcal</name>
         <load_address>0x15320</load_address>
         <run_address>0x15320</run_address>
         <size>0x2e</size>
         <input_file_ref idref="fl-6"/>
      </object_component>
      <object_component id="oc-6d9">
         <name>.text:can_rts</name>
         <load_address>0x1534e</load_address>
         <run_address>0x1534e</run_address>
         <size>0x2e</size>
         <input_file_ref idref="fl-8"/>
      </object_component>
      <object_component id="oc-75e">
         <name>.text:adc_misc_reset</name>
         <load_address>0x1537c</load_address>
         <run_address>0x1537c</run_address>
         <size>0x2c</size>
         <input_file_ref idref="fl-6"/>
      </object_component>
      <object_component id="oc-593">
         <name>.text:can_flag_check</name>
         <load_address>0x153a8</load_address>
         <run_address>0x153a8</run_address>
         <size>0x2c</size>
         <input_file_ref idref="fl-8"/>
      </object_component>
      <object_component id="oc-5bc">
         <name>.text</name>
         <load_address>0x153d4</load_address>
         <run_address>0x153d4</run_address>
         <size>0x2c</size>
         <input_file_ref idref="fl-34"/>
      </object_component>
      <object_component id="oc-5a9">
         <name>.text:BPS2PC_puts</name>
         <load_address>0x15400</load_address>
         <run_address>0x15400</run_address>
         <size>0x2a</size>
         <input_file_ref idref="fl-5"/>
      </object_component>
      <object_component id="oc-467">
         <name>.text:clock_init</name>
         <load_address>0x1542a</load_address>
         <run_address>0x1542a</run_address>
         <size>0x28</size>
         <input_file_ref idref="fl-a"/>
      </object_component>
      <object_component id="oc-629">
         <name>.text:Port_Init</name>
         <load_address>0x15452</load_address>
         <run_address>0x15452</run_address>
         <size>0x26</size>
         <input_file_ref idref="fl-a"/>
      </object_component>
      <object_component id="oc-534">
         <name>.text:adc_misc_spi_init</name>
         <load_address>0x15478</load_address>
         <run_address>0x15478</run_address>
         <size>0x26</size>
         <input_file_ref idref="fl-7"/>
      </object_component>
      <object_component id="oc-6e0">
         <name>.text:LTC1SPI_init</name>
         <load_address>0x1549e</load_address>
         <run_address>0x1549e</run_address>
         <size>0x24</size>
         <input_file_ref idref="fl-4"/>
      </object_component>
      <object_component id="oc-6ed">
         <name>.text:LTC2SPI_init</name>
         <load_address>0x154c2</load_address>
         <run_address>0x154c2</run_address>
         <size>0x24</size>
         <input_file_ref idref="fl-4"/>
      </object_component>
      <object_component id="oc-6fa">
         <name>.text:LTC3SPI_init</name>
         <load_address>0x154e6</load_address>
         <run_address>0x154e6</run_address>
         <size>0x24</size>
         <input_file_ref idref="fl-4"/>
      </object_component>
      <object_component id="oc-771">
         <name>.text:adc_misc_fselfcal</name>
         <load_address>0x1550a</load_address>
         <run_address>0x1550a</run_address>
         <size>0x24</size>
         <input_file_ref idref="fl-6"/>
      </object_component>
      <object_component id="oc-76b">
         <name>.text:adc_misc_zselfcal</name>
         <load_address>0x1552e</load_address>
         <run_address>0x1552e</run_address>
         <size>0x24</size>
         <input_file_ref idref="fl-6"/>
      </object_component>
      <object_component id="oc-5c3">
         <name>.text</name>
         <load_address>0x15552</load_address>
         <run_address>0x15552</run_address>
         <size>0x24</size>
         <input_file_ref idref="fl-40"/>
      </object_component>
      <object_component id="oc-846">
         <name>.text</name>
         <load_address>0x15576</load_address>
         <run_address>0x15576</run_address>
         <size>0x24</size>
         <input_file_ref idref="fl-5f"/>
      </object_component>
      <object_component id="oc-473">
         <name>.text:BPS2PC_init</name>
         <load_address>0x1559a</load_address>
         <run_address>0x1559a</run_address>
         <size>0x22</size>
         <input_file_ref idref="fl-5"/>
      </object_component>
      <object_component id="oc-504">
         <name>.text:adc_bus1_spi_init</name>
         <load_address>0x155bc</load_address>
         <run_address>0x155bc</run_address>
         <size>0x22</size>
         <input_file_ref idref="fl-7"/>
      </object_component>
      <object_component id="oc-51c">
         <name>.text:adc_bus2_spi_init</name>
         <load_address>0x155de</load_address>
         <run_address>0x155de</run_address>
         <size>0x22</size>
         <input_file_ref idref="fl-7"/>
      </object_component>
      <object_component id="oc-479">
         <name>.text:canspi_init</name>
         <load_address>0x15600</load_address>
         <run_address>0x15600</run_address>
         <size>0x22</size>
         <input_file_ref idref="fl-9"/>
      </object_component>
      <object_component id="oc-7ab">
         <name>.text:_outs</name>
         <load_address>0x15622</load_address>
         <run_address>0x15622</run_address>
         <size>0x20</size>
         <input_file_ref idref="fl-62"/>
      </object_component>
      <object_component id="oc-8bc">
         <name>.text:memccpy</name>
         <load_address>0x15642</load_address>
         <run_address>0x15642</run_address>
         <size>0x1e</size>
         <input_file_ref idref="fl-6e"/>
      </object_component>
      <object_component id="oc-745">
         <name>.text:adc5_status</name>
         <load_address>0x15660</load_address>
         <run_address>0x15660</run_address>
         <size>0x1c</size>
         <input_file_ref idref="fl-6"/>
      </object_component>
      <object_component id="oc-74b">
         <name>.text:adc6_status</name>
         <load_address>0x1567c</load_address>
         <run_address>0x1567c</run_address>
         <size>0x1c</size>
         <input_file_ref idref="fl-6"/>
      </object_component>
      <object_component id="oc-764">
         <name>.text:adc_misc_status</name>
         <load_address>0x15698</load_address>
         <run_address>0x15698</run_address>
         <size>0x1c</size>
         <input_file_ref idref="fl-6"/>
      </object_component>
      <object_component id="oc-6cd">
         <name>.text:can_read_status</name>
         <load_address>0x156b4</load_address>
         <run_address>0x156b4</run_address>
         <size>0x1c</size>
         <input_file_ref idref="fl-8"/>
      </object_component>
      <object_component id="oc-41e">
         <name>.text:strcmp</name>
         <load_address>0x156d0</load_address>
         <run_address>0x156d0</run_address>
         <size>0x1c</size>
         <input_file_ref idref="fl-63"/>
      </object_component>
      <object_component id="oc-46d">
         <name>.text:timerB_init</name>
         <load_address>0x156ec</load_address>
         <run_address>0x156ec</run_address>
         <size>0x1a</size>
         <input_file_ref idref="fl-2"/>
      </object_component>
      <object_component id="oc-40c">
         <name>.text:BPS2PC_getchar</name>
         <load_address>0x15706</load_address>
         <run_address>0x15706</run_address>
         <size>0x18</size>
         <input_file_ref idref="fl-5"/>
      </object_component>
      <object_component id="oc-714">
         <name>.text:adc1_status</name>
         <load_address>0x1571e</load_address>
         <run_address>0x1571e</run_address>
         <size>0x18</size>
         <input_file_ref idref="fl-6"/>
      </object_component>
      <object_component id="oc-71a">
         <name>.text:adc2_status</name>
         <load_address>0x15736</load_address>
         <run_address>0x15736</run_address>
         <size>0x18</size>
         <input_file_ref idref="fl-6"/>
      </object_component>
      <object_component id="oc-720">
         <name>.text:adc3_status</name>
         <load_address>0x1574e</load_address>
         <run_address>0x1574e</run_address>
         <size>0x18</size>
         <input_file_ref idref="fl-6"/>
      </object_component>
      <object_component id="oc-73f">
         <name>.text:adc4_status</name>
         <load_address>0x15766</load_address>
         <run_address>0x15766</run_address>
         <size>0x18</size>
         <input_file_ref idref="fl-6"/>
      </object_component>
      <object_component id="oc-5f2">
         <name>.text</name>
         <load_address>0x1577e</load_address>
         <run_address>0x1577e</run_address>
         <size>0x18</size>
         <input_file_ref idref="fl-5c"/>
      </object_component>
      <object_component id="oc-645">
         <name>.text:can_reset</name>
         <load_address>0x15796</load_address>
         <run_address>0x15796</run_address>
         <size>0x16</size>
         <input_file_ref idref="fl-8"/>
      </object_component>
      <object_component id="oc-8af">
         <name>.text:memset</name>
         <load_address>0x157ac</load_address>
         <run_address>0x157ac</run_address>
         <size>0x16</size>
         <input_file_ref idref="fl-6f"/>
      </object_component>
      <object_component id="oc-7c0">
         <name>.text</name>
         <load_address>0x157c2</load_address>
         <run_address>0x157c2</run_address>
         <size>0x16</size>
         <input_file_ref idref="fl-35"/>
      </object_component>
      <object_component id="oc-7b1">
         <name>.text:_outc</name>
         <load_address>0x157d8</load_address>
         <run_address>0x157d8</run_address>
         <size>0x14</size>
         <input_file_ref idref="fl-62"/>
      </object_component>
      <object_component id="oc-37d">
         <name>.text:memcpy</name>
         <load_address>0x157ec</load_address>
         <run_address>0x157ec</run_address>
         <size>0x14</size>
         <input_file_ref idref="fl-57"/>
      </object_component>
      <object_component id="oc-6d">
         <name>.text:decompress:none:__TI_decompress_none</name>
         <load_address>0x15800</load_address>
         <run_address>0x15800</run_address>
         <size>0x12</size>
         <input_file_ref idref="fl-2f"/>
      </object_component>
      <object_component id="oc-662">
         <name>.text:LTC1_exchange</name>
         <load_address>0x15812</load_address>
         <run_address>0x15812</run_address>
         <size>0x10</size>
         <input_file_ref idref="fl-4"/>
      </object_component>
      <object_component id="oc-65c">
         <name>.text:LTC1_transmit</name>
         <load_address>0x15822</load_address>
         <run_address>0x15822</run_address>
         <size>0x10</size>
         <input_file_ref idref="fl-4"/>
      </object_component>
      <object_component id="oc-677">
         <name>.text:LTC2_exchange</name>
         <load_address>0x15832</load_address>
         <run_address>0x15832</run_address>
         <size>0x10</size>
         <input_file_ref idref="fl-4"/>
      </object_component>
      <object_component id="oc-671">
         <name>.text:LTC2_transmit</name>
         <load_address>0x15842</load_address>
         <run_address>0x15842</run_address>
         <size>0x10</size>
         <input_file_ref idref="fl-4"/>
      </object_component>
      <object_component id="oc-685">
         <name>.text:LTC3_exchange</name>
         <load_address>0x15852</load_address>
         <run_address>0x15852</run_address>
         <size>0x10</size>
         <input_file_ref idref="fl-4"/>
      </object_component>
      <object_component id="oc-67f">
         <name>.text:LTC3_transmit</name>
         <load_address>0x15862</load_address>
         <run_address>0x15862</run_address>
         <size>0x10</size>
         <input_file_ref idref="fl-4"/>
      </object_component>
      <object_component id="oc-72b">
         <name>.text:adc_bus1_exchange</name>
         <load_address>0x15872</load_address>
         <run_address>0x15872</run_address>
         <size>0x10</size>
         <input_file_ref idref="fl-7"/>
      </object_component>
      <object_component id="oc-70e">
         <name>.text:adc_bus1_transmit</name>
         <load_address>0x15882</load_address>
         <run_address>0x15882</run_address>
         <size>0x10</size>
         <input_file_ref idref="fl-7"/>
      </object_component>
      <object_component id="oc-756">
         <name>.text:adc_bus2_exchange</name>
         <load_address>0x15892</load_address>
         <run_address>0x15892</run_address>
         <size>0x10</size>
         <input_file_ref idref="fl-7"/>
      </object_component>
      <object_component id="oc-739">
         <name>.text:adc_bus2_transmit</name>
         <load_address>0x158a2</load_address>
         <run_address>0x158a2</run_address>
         <size>0x10</size>
         <input_file_ref idref="fl-7"/>
      </object_component>
      <object_component id="oc-69a">
         <name>.text:adc_misc_exchange</name>
         <load_address>0x158b2</load_address>
         <run_address>0x158b2</run_address>
         <size>0x10</size>
         <input_file_ref idref="fl-7"/>
      </object_component>
      <object_component id="oc-693">
         <name>.text:adc_misc_transmit</name>
         <load_address>0x158c2</load_address>
         <run_address>0x158c2</run_address>
         <size>0x10</size>
         <input_file_ref idref="fl-7"/>
      </object_component>
      <object_component id="oc-815">
         <name>.text:canspi_exchange</name>
         <load_address>0x158d2</load_address>
         <run_address>0x158d2</run_address>
         <size>0x10</size>
         <input_file_ref idref="fl-9"/>
      </object_component>
      <object_component id="oc-7e5">
         <name>.text:canspi_transmit</name>
         <load_address>0x158e2</load_address>
         <run_address>0x158e2</run_address>
         <size>0x10</size>
         <input_file_ref idref="fl-9"/>
      </object_component>
      <object_component id="oc-89e">
         <name>.text:l_asr</name>
         <load_address>0x158f2</load_address>
         <run_address>0x158f2</run_address>
         <size>0x10</size>
         <input_file_ref idref="fl-69"/>
      </object_component>
      <object_component id="oc-894">
         <name>.text:l_lsl</name>
         <load_address>0x15902</load_address>
         <run_address>0x15902</run_address>
         <size>0x10</size>
         <input_file_ref idref="fl-54"/>
      </object_component>
      <object_component id="oc-899">
         <name>.text:l_lsr</name>
         <load_address>0x15912</load_address>
         <run_address>0x15912</run_address>
         <size>0x10</size>
         <input_file_ref idref="fl-55"/>
      </object_component>
      <object_component id="oc-85e">
         <name>.text:strlen</name>
         <load_address>0x15922</load_address>
         <run_address>0x15922</run_address>
         <size>0xe</size>
         <input_file_ref idref="fl-72"/>
      </object_component>
      <object_component id="oc-415">
         <name>.text:BPS2PC_putchar</name>
         <load_address>0x15930</load_address>
         <run_address>0x15930</run_address>
         <size>0xc</size>
         <input_file_ref idref="fl-5"/>
      </object_component>
      <object_component id="oc-4e1">
         <name>.text:abs</name>
         <load_address>0x1593c</load_address>
         <run_address>0x1593c</run_address>
         <size>0xa</size>
         <input_file_ref idref="fl-2c"/>
      </object_component>
      <object_component id="oc-3e3">
         <name>.text:abort</name>
         <load_address>0x15946</load_address>
         <run_address>0x15946</run_address>
         <size>0x6</size>
         <input_file_ref idref="fl-37"/>
      </object_component>
      <object_component id="oc-73">
         <name>.text:decompress:rle24:__TI_decompress_rle24</name>
         <load_address>0x1594c</load_address>
         <run_address>0x1594c</run_address>
         <size>0x6</size>
         <input_file_ref idref="fl-30"/>
      </object_component>
      <object_component id="oc-3bb">
         <name>.text:_system_pre_init</name>
         <load_address>0x15952</load_address>
         <run_address>0x15952</run_address>
         <size>0x4</size>
         <input_file_ref idref="fl-61"/>
      </object_component>
      <object_component id="oc-43a">
         <name>.text:_system_post_cinit</name>
         <load_address>0x15956</load_address>
         <run_address>0x15956</run_address>
         <size>0x2</size>
         <input_file_ref idref="fl-71"/>
      </object_component>
      <object_component id="oc-3a2">
         <name>.text:_isr:USCI_A3_ISR</name>
         <load_address>0x5c00</load_address>
         <run_address>0x5c00</run_address>
         <size>0xe2</size>
         <input_file_ref idref="fl-2"/>
      </object_component>
      <object_component id="oc-39c">
         <name>.text:_isr:P2_ISR</name>
         <load_address>0x5ce2</load_address>
         <run_address>0x5ce2</run_address>
         <size>0x60</size>
         <input_file_ref idref="fl-2"/>
      </object_component>
      <object_component id="oc-3ae">
         <name>.text:_isr:timer_b0</name>
         <load_address>0x5d42</load_address>
         <run_address>0x5d42</run_address>
         <size>0x44</size>
         <input_file_ref idref="fl-2"/>
      </object_component>
      <object_component id="oc-3a8">
         <name>.text:_isr:P1_ISR</name>
         <load_address>0x5d86</load_address>
         <run_address>0x5d86</run_address>
         <size>0x36</size>
         <input_file_ref idref="fl-2"/>
      </object_component>
      <object_component id="oc-ad">
         <name>.text:_isr:_c_int00_noargs_noexit</name>
         <load_address>0x5dbc</load_address>
         <run_address>0x5dbc</run_address>
         <size>0x1a</size>
         <input_file_ref idref="fl-2e"/>
      </object_component>
      <object_component id="oc-397">
         <name>.text:_isr:__TI_ISR_TRAP</name>
         <load_address>0x5dd6</load_address>
         <run_address>0x5dd6</run_address>
         <size>0x8</size>
         <input_file_ref idref="fl-53"/>
      </object_component>
      <object_component id="oc-94b">
         <name>.cinit..data.load</name>
         <load_address>0x5fac</load_address>
         <run_address>0x5fac</run_address>
         <size>0x5c</size>
      </object_component>
      <object_component id="oc-94a">
         <name>.cinit..bss.load</name>
         <load_address>0x6008</load_address>
         <run_address>0x6008</run_address>
         <size>0xb</size>
      </object_component>
      <object_component id="oc-948">
         <name>__TI_handler_table</name>
         <load_address>0x6014</load_address>
         <run_address>0x6014</run_address>
         <size>0x8</size>
      </object_component>
      <object_component id="oc-949">
         <name>__TI_cinit_table</name>
         <load_address>0x601c</load_address>
         <run_address>0x601c</run_address>
         <size>0x10</size>
      </object_component>
      <object_component id="oc-5a8">
         <name>.const:.string</name>
         <load_address>0x5dde</load_address>
         <run_address>0x5dde</run_address>
         <size>0x1a6</size>
         <input_file_ref idref="fl-2"/>
      </object_component>
      <object_component id="oc-8b5">
         <name>.const:.string</name>
         <load_address>0x5f84</load_address>
         <run_address>0x5f84</run_address>
         <size>0x14</size>
         <input_file_ref idref="fl-66"/>
      </object_component>
      <object_component id="oc-659">
         <name>.const</name>
         <load_address>0x5f98</load_address>
         <run_address>0x5f98</run_address>
         <size>0xb</size>
         <input_file_ref idref="fl-3"/>
      </object_component>
      <object_component id="oc-7f2">
         <name>.const:.string:$P$T0$1</name>
         <load_address>0x5fa4</load_address>
         <run_address>0x5fa4</run_address>
         <size>0x8</size>
         <input_file_ref idref="fl-3"/>
      </object_component>
      <object_component id="oc-8e2">
         <name>.binit</name>
         <load_address>0x5c00</load_address>
         <run_address>0x5c00</run_address>
         <size>0x0</size>
      </object_component>
      <object_component id="oc-79">
         <name>.int41</name>
         <load_address>0xffd2</load_address>
         <run_address>0xffd2</run_address>
         <size>0x2</size>
         <input_file_ref idref="fl-41"/>
      </object_component>
      <object_component id="oc-7a">
         <name>.int42</name>
         <load_address>0xffd4</load_address>
         <run_address>0xffd4</run_address>
         <size>0x2</size>
         <input_file_ref idref="fl-2"/>
      </object_component>
      <object_component id="oc-7b">
         <name>.int43</name>
         <load_address>0xffd6</load_address>
         <run_address>0xffd6</run_address>
         <size>0x2</size>
         <input_file_ref idref="fl-42"/>
      </object_component>
      <object_component id="oc-7c">
         <name>.int44</name>
         <load_address>0xffd8</load_address>
         <run_address>0xffd8</run_address>
         <size>0x2</size>
         <input_file_ref idref="fl-2"/>
      </object_component>
      <object_component id="oc-7d">
         <name>.int45</name>
         <load_address>0xffda</load_address>
         <run_address>0xffda</run_address>
         <size>0x2</size>
         <input_file_ref idref="fl-43"/>
      </object_component>
      <object_component id="oc-7e">
         <name>.int46</name>
         <load_address>0xffdc</load_address>
         <run_address>0xffdc</run_address>
         <size>0x2</size>
         <input_file_ref idref="fl-44"/>
      </object_component>
      <object_component id="oc-7f">
         <name>.int47</name>
         <load_address>0xffde</load_address>
         <run_address>0xffde</run_address>
         <size>0x2</size>
         <input_file_ref idref="fl-2"/>
      </object_component>
      <object_component id="oc-80">
         <name>.int48</name>
         <load_address>0xffe0</load_address>
         <run_address>0xffe0</run_address>
         <size>0x2</size>
         <input_file_ref idref="fl-45"/>
      </object_component>
      <object_component id="oc-81">
         <name>.int49</name>
         <load_address>0xffe2</load_address>
         <run_address>0xffe2</run_address>
         <size>0x2</size>
         <input_file_ref idref="fl-46"/>
      </object_component>
      <object_component id="oc-82">
         <name>.int50</name>
         <load_address>0xffe4</load_address>
         <run_address>0xffe4</run_address>
         <size>0x2</size>
         <input_file_ref idref="fl-47"/>
      </object_component>
      <object_component id="oc-83">
         <name>.int51</name>
         <load_address>0xffe6</load_address>
         <run_address>0xffe6</run_address>
         <size>0x2</size>
         <input_file_ref idref="fl-48"/>
      </object_component>
      <object_component id="oc-84">
         <name>.int52</name>
         <load_address>0xffe8</load_address>
         <run_address>0xffe8</run_address>
         <size>0x2</size>
         <input_file_ref idref="fl-49"/>
      </object_component>
      <object_component id="oc-85">
         <name>.int53</name>
         <load_address>0xffea</load_address>
         <run_address>0xffea</run_address>
         <size>0x2</size>
         <input_file_ref idref="fl-4a"/>
      </object_component>
      <object_component id="oc-86">
         <name>.int54</name>
         <load_address>0xffec</load_address>
         <run_address>0xffec</run_address>
         <size>0x2</size>
         <input_file_ref idref="fl-4b"/>
      </object_component>
      <object_component id="oc-87">
         <name>.int55</name>
         <load_address>0xffee</load_address>
         <run_address>0xffee</run_address>
         <size>0x2</size>
         <input_file_ref idref="fl-4c"/>
      </object_component>
      <object_component id="oc-88">
         <name>.int56</name>
         <load_address>0xfff0</load_address>
         <run_address>0xfff0</run_address>
         <size>0x2</size>
         <input_file_ref idref="fl-4d"/>
      </object_component>
      <object_component id="oc-89">
         <name>.int57</name>
         <load_address>0xfff2</load_address>
         <run_address>0xfff2</run_address>
         <size>0x2</size>
         <input_file_ref idref="fl-4e"/>
      </object_component>
      <object_component id="oc-8a">
         <name>.int58</name>
         <load_address>0xfff4</load_address>
         <run_address>0xfff4</run_address>
         <size>0x2</size>
         <input_file_ref idref="fl-4f"/>
      </object_component>
      <object_component id="oc-8b">
         <name>.int59</name>
         <load_address>0xfff6</load_address>
         <run_address>0xfff6</run_address>
         <size>0x2</size>
         <input_file_ref idref="fl-50"/>
      </object_component>
      <object_component id="oc-8c">
         <name>.int60</name>
         <load_address>0xfff8</load_address>
         <run_address>0xfff8</run_address>
         <size>0x2</size>
         <input_file_ref idref="fl-2"/>
      </object_component>
      <object_component id="oc-8d">
         <name>.int61</name>
         <load_address>0xfffa</load_address>
         <run_address>0xfffa</run_address>
         <size>0x2</size>
         <input_file_ref idref="fl-51"/>
      </object_component>
      <object_component id="oc-8e">
         <name>.int62</name>
         <load_address>0xfffc</load_address>
         <run_address>0xfffc</run_address>
         <size>0x2</size>
         <input_file_ref idref="fl-52"/>
      </object_component>
      <object_component id="oc-37c">
[...]
         <name>can_write</name>
         <value>0x14f1a</value>
         <object_component_ref idref="oc-652"/>
      </symbol>
      <symbol id="sm-8e3">
         <name>canspi_init</name>
         <value>0x15600</value>
         <object_component_ref idref="oc-479"/>
      </symbol>
      <symbol id="sm-8e4">
         <name>canspi_transmit</name>
         <value>0x158e2</value>
         <object_component_ref idref="oc-7e5"/>
      </symbol>
      <symbol id="sm-8e5">
         <name>canspi_exchange</name>
         <value>0x158d2</value>
         <object_component_ref idref="oc-815"/>
      </symbol>
      <symbol id="sm-914">
         <name>clock_init</name>
         <value>0x1542a</value>
         <object_component_ref idref="oc-467"/>
      </symbol>
      <symbol id="sm-915">
         <name>Port_Init</name>
         <value>0x15452</value>
         <object_component_ref idref="oc-629"/>
      </symbol>
      <symbol id="sm-916">
         <name>Clock_XT2_Init</name>
         <value>0x15052</value>
         <object_component_ref idref="oc-63b"/>
      </symbol>
      <symbol id="sm-917">
         <name>Clock_XT1_Init</name>
         <value>0x15132</value>
         <object_component_ref idref="oc-635"/>
      </symbol>
      <symbol id="sm-918">
         <name>SetVCoreUp</name>
         <value>0x14c32</value>
         <object_component_ref idref="oc-62f"/>
      </symbol>
      <symbol id="sm-930">
         <name>io_init</name>
         <value>0x13754</value>
         <object_component_ref idref="oc-461"/>
      </symbol>
      <symbol id="sm-93a">
         <name>abs</name>
         <value>0x1593c</value>
         <object_component_ref idref="oc-4e1"/>
      </symbol>
      <symbol id="sm-942">
         <name>_stack</name>
         <value>0x5b60</value>
         <object_component_ref idref="oc-379"/>
      </symbol>
      <symbol id="sm-943">
         <name>_reset_vector</name>
         <value>0xfffe</value>
         <object_component_ref idref="oc-37c"/>
      </symbol>
      <symbol id="sm-94d">
         <name>_c_int00_noargs_noexit</name>
         <value>0x5dbc</value>
         <object_component_ref idref="oc-ad"/>
      </symbol>
      <symbol id="sm-963">
         <name>__TI_decompress_none</name>
         <value>0x15800</value>
         <object_component_ref idref="oc-6d"/>
      </symbol>
      <symbol id="sm-985">
         <name>__TI_decompress_rle24</name>
         <value>0x1594c</value>
         <object_component_ref idref="oc-73"/>
      </symbol>
      <symbol id="sm-99e">
         <name>__mspabi_cvtdf</name>
         <value>0x147de</value>
         <object_component_ref idref="oc-569"/>
      </symbol>
      <symbol id="sm-9ac">
         <name>__mspabi_cvtfd</name>
         <value>0x14968</value>
         <object_component_ref idref="oc-55d"/>
      </symbol>
      <symbol id="sm-9b8">
         <name>__mspabi_remi</name>
         <value>0x153d4</value>
         <object_component_ref idref="oc-5bc"/>
      </symbol>
      <symbol id="sm-9b9">
         <name>__mspabi_divi</name>
         <value>0x153d4</value>
         <object_component_ref idref="oc-5bc"/>
      </symbol>
      <symbol id="sm-9c3">
         <name>__mspabi_remu</name>
         <value>0x157c2</value>
         <object_component_ref idref="oc-7c0"/>
      </symbol>
      <symbol id="sm-9c4">
         <name>__mspabi_divu</name>
         <value>0x157c2</value>
         <object_component_ref idref="oc-7c0"/>
      </symbol>
      <symbol id="sm-9ea">
         <name>__mspabi_divd</name>
         <value>0x128d0</value>
         <object_component_ref idref="oc-5c8"/>
      </symbol>
      <symbol id="sm-9f4">
         <name>C$$EXIT</name>
         <value>0x15946</value>
         <object_component_ref idref="oc-3e3"/>
      </symbol>
      <symbol id="sm-9f5">
         <name>abort</name>
         <value>0x15946</value>
         <object_component_ref idref="oc-3e3"/>
      </symbol>
      <symbol id="sm-a11">
         <name>__TI_frcdivd</name>
         <value>0x11780</value>
         <object_component_ref idref="oc-7c7"/>
      </symbol>
      <symbol id="sm-a21">
         <name>__mspabi_cmpf</name>
         <value>0x14dba</value>
         <object_component_ref idref="oc-575"/>
      </symbol>
      <symbol id="sm-a2e">
         <name>__mspabi_fltif</name>
         <value>0x150fc</value>
         <object_component_ref idref="oc-580"/>
      </symbol>
      <symbol id="sm-a3d">
         <name>__mspabi_fltlif</name>
         <value>0x14e04</value>
         <object_component_ref idref="oc-558"/>
      </symbol>
      <symbol id="sm-a54">
         <name>__mspabi_mpyf</name>
         <value>0x144ac</value>
         <object_component_ref idref="oc-570"/>
      </symbol>
      <symbol id="sm-a66">
         <name>__mspabi_fixfi</name>
         <value>0x14aaa</value>
         <object_component_ref idref="oc-5b6"/>
      </symbol>
      <symbol id="sm-a72">
         <name>__mspabi_fltulf</name>
         <value>0x1525e</value>
         <object_component_ref idref="oc-5ce"/>
      </symbol>
      <symbol id="sm-a7d">
         <name>__mspabi_fltuf</name>
         <value>0x15552</value>
         <object_component_ref idref="oc-5c3"/>
      </symbol>
      <symbol id="sm-a80">
         <name>__TI_int41</name>
         <value>0xffd2</value>
         <object_component_ref idref="oc-79"/>
      </symbol>
      <symbol id="sm-a83">
         <name>__TI_int43</name>
         <value>0xffd6</value>
         <object_component_ref idref="oc-7b"/>
      </symbol>
      <symbol id="sm-a86">
         <name>__TI_int45</name>
         <value>0xffda</value>
         <object_component_ref idref="oc-7d"/>
      </symbol>
      <symbol id="sm-a89">
         <name>__TI_int46</name>
         <value>0xffdc</value>
         <object_component_ref idref="oc-7e"/>
      </symbol>
      <symbol id="sm-a8c">
         <name>__TI_int48</name>
         <value>0xffe0</value>
         <object_component_ref idref="oc-80"/>
      </symbol>
      <symbol id="sm-a8f">
         <name>__TI_int49</name>
         <value>0xffe2</value>
         <object_component_ref idref="oc-81"/>
      </symbol>
      <symbol id="sm-a92">
         <name>__TI_int50</name>
         <value>0xffe4</value>
         <object_component_ref idref="oc-82"/>
      </symbol>
      <symbol id="sm-a95">
         <name>__TI_int51</name>
         <value>0xffe6</value>
         <object_component_ref idref="oc-83"/>
      </symbol>
      <symbol id="sm-a98">
         <name>__TI_int52</name>
         <value>0xffe8</value>
         <object_component_ref idref="oc-84"/>
      </symbol>
      <symbol id="sm-a9b">
         <name>__TI_int53</name>
         <value>0xffea</value>
         <object_component_ref idref="oc-85"/>
      </symbol>
      <symbol id="sm-a9e">
         <name>__TI_int54</name>
         <value>0xffec</value>
         <object_component_ref idref="oc-86"/>
      </symbol>
      <symbol id="sm-aa1">
         <name>__TI_int55</name>
         <value>0xffee</value>
         <object_component_ref idref="oc-87"/>
      </symbol>
      <symbol id="sm-aa4">
         <name>__TI_int56</name>
         <value>0xfff0</value>
         <object_component_ref idref="oc-88"/>
      </symbol>
      <symbol id="sm-aa7">
         <name>__TI_int57</name>
         <value>0xfff2</value>
         <object_component_ref idref="oc-89"/>
      </symbol>
      <symbol id="sm-aaa">
         <name>__TI_int58</name>
         <value>0xfff4</value>
         <object_component_ref idref="oc-8a"/>
      </symbol>
      <symbol id="sm-aad">
         <name>__TI_int59</name>
         <value>0xfff6</value>
         <object_component_ref idref="oc-8b"/>
      </symbol>
      <symbol id="sm-ab0">
         <name>__TI_int61</name>
         <value>0xfffa</value>
         <object_component_ref idref="oc-8d"/>
      </symbol>
      <symbol id="sm-ab3">
         <name>__TI_int62</name>
         <value>0xfffc</value>
         <object_component_ref idref="oc-8e"/>
      </symbol>
      <symbol id="sm-abb">
         <name>__TI_ISR_TRAP</name>
         <value>0x5dd6</value>
         <object_component_ref idref="oc-397"/>
      </symbol>
      <symbol id="sm-acb">
         <name>__mspabi_slll_9</name>
         <value>0x14fee</value>
         <object_component_ref idref="oc-6c2"/>
      </symbol>
      <symbol id="sm-acc">
         <name>__mspabi_slll_8</name>
         <value>0x14ff2</value>
         <object_component_ref idref="oc-6c2"/>
      </symbol>
      <symbol id="sm-acd">
         <name>__mspabi_slll_7</name>
         <value>0x14ff6</value>
         <object_component_ref idref="oc-6c2"/>
      </symbol>
      <symbol id="sm-ace">
         <name>__mspabi_slll_6</name>
         <value>0x14ffa</value>
         <object_component_ref idref="oc-6c2"/>
      </symbol>
      <symbol id="sm-acf">
         <name>__mspabi_slll_5</name>
         <value>0x14ffe</value>
         <object_component_ref idref="oc-6c2"/>
      </symbol>
      <symbol id="sm-ad0">
         <name>__mspabi_slll_4</name>
         <value>0x15002</value>
         <object_component_ref idref="oc-6c2"/>
      </symbol>
      <symbol id="sm-ad1">
         <name>__mspabi_slll_3</name>
         <value>0x15006</value>
         <object_component_ref idref="oc-6c2"/>
      </symbol>
      <symbol id="sm-ad2">
         <name>__mspabi_slll_2</name>
         <value>0x1500a</value>
         <object_component_ref idref="oc-6c2"/>
      </symbol>
      <symbol id="sm-ad3">
         <name>__mspabi_slll_1</name>
         <value>0x1500e</value>
         <object_component_ref idref="oc-6c2"/>
      </symbol>
      <symbol id="sm-ad4">
         <name>__mspabi_slll</name>
         <value>0x15902</value>
         <object_component_ref idref="oc-894"/>
      </symbol>
      <symbol id="sm-ad5">
         <name>__mspabi_slll_15</name>
         <value>0x14fd6</value>
         <object_component_ref idref="oc-6c2"/>
      </symbol>
      <symbol id="sm-ad6">
         <name>__mspabi_slll_14</name>
         <value>0x14fda</value>
         <object_component_ref idref="oc-6c2"/>
      </symbol>
      <symbol id="sm-ad7">
         <name>__mspabi_slll_13</name>
         <value>0x14fde</value>
         <object_component_ref idref="oc-6c2"/>
      </symbol>
      <symbol id="sm-ad8">
         <name>__mspabi_slll_12</name>
         <value>0x14fe2</value>
         <object_component_ref idref="oc-6c2"/>
      </symbol>
      <symbol id="sm-ad9">
         <name>__mspabi_slll_11</name>
         <value>0x14fe6</value>
         <object_component_ref idref="oc-6c2"/>
      </symbol>
      <symbol id="sm-ada">
         <name>__mspabi_slll_10</name>
         <value>0x14fea</value>
         <object_component_ref idref="oc-6c2"/>
      </symbol>
      <symbol id="sm-aea">
         <name>__mspabi_srll_8</name>
         <value>0x15030</value>
         <object_component_ref idref="oc-841"/>
      </symbol>
      <symbol id="sm-aeb">
         <name>__mspabi_srll_9</name>
         <value>0x1502c</value>
         <object_component_ref idref="oc-841"/>
      </symbol>
      <symbol id="sm-aec">
         <name>__mspabi_srll_6</name>
         <value>0x15038</value>
         <object_component_ref idref="oc-841"/>
      </symbol>
      <symbol id="sm-aed">
         <name>__mspabi_srll_7</name>
         <value>0x15034</value>
         <object_component_ref idref="oc-841"/>
      </symbol>
      <symbol id="sm-aee">
         <name>__mspabi_srll_4</name>
         <value>0x15040</value>
         <object_component_ref idref="oc-841"/>
      </symbol>
      <symbol id="sm-aef">
         <name>__mspabi_srll_5</name>
         <value>0x1503c</value>
         <object_component_ref idref="oc-841"/>
      </symbol>
      <symbol id="sm-af0">
         <name>__mspabi_srll_2</name>
         <value>0x15048</value>
         <object_component_ref idref="oc-841"/>
      </symbol>
      <symbol id="sm-af1">
         <name>__mspabi_srll_3</name>
         <value>0x15044</value>
         <object_component_ref idref="oc-841"/>
      </symbol>
      <symbol id="sm-af2">
         <name>__mspabi_srll_1</name>
         <value>0x1504c</value>
         <object_component_ref idref="oc-841"/>
      </symbol>
      <symbol id="sm-af3">
         <name>__mspabi_srll_15</name>
         <value>0x15014</value>
         <object_component_ref idref="oc-841"/>
      </symbol>
      <symbol id="sm-af4">
         <name>__mspabi_srll_14</name>
         <value>0x15018</value>
         <object_component_ref idref="oc-841"/>
      </symbol>
      <symbol id="sm-af5">
         <name>__mspabi_srll_13</name>
         <value>0x1501c</value>
         <object_component_ref idref="oc-841"/>
      </symbol>
      <symbol id="sm-af6">
         <name>__mspabi_srll_12</name>
         <value>0x15020</value>
         <object_component_ref idref="oc-841"/>
      </symbol>
      <symbol id="sm-af7">
         <name>__mspabi_srll_11</name>
         <value>0x15024</value>
         <object_component_ref idref="oc-841"/>
      </symbol>
      <symbol id="sm-af8">
         <name>__mspabi_srll_10</name>
         <value>0x15028</value>
         <object_component_ref idref="oc-841"/>
      </symbol>
      <symbol id="sm-af9">
         <name>__mspabi_srll</name>
         <value>0x15912</value>
         <object_component_ref idref="oc-899"/>
      </symbol>
      <symbol id="sm-b0d">
         <name>memcpy</name>
         <value>0x157ec</value>
         <object_component_ref idref="oc-37d"/>
      </symbol>
      <symbol id="sm-b2e">
         <name>__mspabi_mpyd</name>
         <value>0x121c2</value>
         <object_component_ref idref="oc-563"/>
      </symbol>
      <symbol id="sm-b38">
         <name>__mspabi_mpyi_f5hw</name>
         <value>0x1577e</value>
         <object_component_ref idref="oc-5f2"/>
      </symbol>
      <symbol id="sm-b42">
         <name>__mspabi_mpyl_f5hw</name>
         <value>0x15576</value>
         <object_component_ref idref="oc-846"/>
      </symbol>
      <symbol id="sm-b4c">
         <name>_system_pre_init</name>
         <value>0x15952</value>
         <object_component_ref idref="oc-3bb"/>
      </symbol>
      <symbol id="sm-b6d">
         <name>sprintf</name>
         <value>0x14e96</value>
         <object_component_ref idref="oc-5b0"/>
      </symbol>
      <symbol id="sm-b7b">
         <name>strcmp</name>
         <value>0x156d0</value>
         <object_component_ref idref="oc-41e"/>
      </symbol>
      <symbol id="sm-b84">
         <name>__mspabi_subd</name>
         <value>0x151fa</value>
         <object_component_ref idref="oc-58c"/>
      </symbol>
      <symbol id="sm-bd7">
         <name>__TI_printfi_minimal</name>
         <value>0x14170</value>
         <object_component_ref idref="oc-7b7"/>
      </symbol>
      <symbol id="sm-bf9">
         <name>__mspabi_addd</name>
         <value>0x11eea</value>
         <object_component_ref idref="oc-798"/>
      </symbol>
      <symbol id="sm-c0a">
         <name>__mspabi_sral</name>
         <value>0x158f2</value>
         <object_component_ref idref="oc-89e"/>
      </symbol>
      <symbol id="sm-c0b">
         <name>__mspabi_sral_15</name>
         <value>0x14f98</value>
         <object_component_ref idref="oc-77b"/>
      </symbol>
      <symbol id="sm-c0c">
         <name>__mspabi_sral_14</name>
         <value>0x14f9c</value>
         <object_component_ref idref="oc-77b"/>
      </symbol>
      <symbol id="sm-c0d">
         <name>__mspabi_sral_13</name>
         <value>0x14fa0</value>
         <object_component_ref idref="oc-77b"/>
      </symbol>
      <symbol id="sm-c0e">
         <name>__mspabi_sral_12</name>
         <value>0x14fa4</value>
         <object_component_ref idref="oc-77b"/>
      </symbol>
      <symbol id="sm-c0f">
         <name>__mspabi_sral_11</name>
         <value>0x14fa8</value>
         <object_component_ref idref="oc-77b"/>
      </symbol>
      <symbol id="sm-c10">
         <name>__mspabi_sral_10</name>
         <value>0x14fac</value>
         <object_component_ref idref="oc-77b"/>
      </symbol>
      <symbol id="sm-c11">
         <name>__mspabi_sral_8</name>
         <value>0x14fb4</value>
         <object_component_ref idref="oc-77b"/>
      </symbol>
      <symbol id="sm-c12">
         <name>__mspabi_sral_9</name>
         <value>0x14fb0</value>
         <object_component_ref idref="oc-77b"/>
      </symbol>
      <symbol id="sm-c13">
         <name>__mspabi_sral_6</name>
         <value>0x14fbc</value>
         <object_component_ref idref="oc-77b"/>
      </symbol>
      <symbol id="sm-c14">
         <name>__mspabi_sral_7</name>
         <value>0x14fb8</value>
         <object_component_ref idref="oc-77b"/>
      </symbol>
      <symbol id="sm-c15">
         <name>__mspabi_sral_4</name>
         <value>0x14fc4</value>
         <object_component_ref idref="oc-77b"/>
      </symbol>
      <symbol id="sm-c16">
         <name>__mspabi_sral_5</name>
         <value>0x14fc0</value>
         <object_component_ref idref="oc-77b"/>
      </symbol>
      <symbol id="sm-c17">
         <name>__mspabi_sral_2</name>
         <value>0x14fcc</value>
         <object_component_ref idref="oc-77b"/>
      </symbol>
      <symbol id="sm-c18">
         <name>__mspabi_sral_3</name>
         <value>0x14fc8</value>
         <object_component_ref idref="oc-77b"/>
      </symbol>
      <symbol id="sm-c19">
         <name>__mspabi_sral_1</name>
         <value>0x14fd0</value>
         <object_component_ref idref="oc-77b"/>
      </symbol>
      <symbol id="sm-c3b">
         <name>_auto_init_hold_wdt</name>
         <value>0x1486a</value>
         <object_component_ref idref="oc-3c1"/>
      </symbol>
      <symbol id="sm-c51">
         <name>copy_in</name>
         <value>0x14b12</value>
         <object_component_ref idref="oc-434"/>
      </symbol>
      <symbol id="sm-c72">
         <name>__TI_frcaddd</name>
         <value>0x12444</value>
         <object_component_ref idref="oc-851"/>
      </symbol>
      <symbol id="sm-c83">
         <name>__TI_frcmpyd</name>
         <value>0x11c06</value>
         <object_component_ref idref="oc-786"/>
      </symbol>
      <symbol id="sm-c92">
         <name>memccpy</name>
         <value>0x15642</value>
         <object_component_ref idref="oc-8bc"/>
      </symbol>
      <symbol id="sm-ca0">
         <name>memset</name>
         <value>0x157ac</value>
         <object_component_ref idref="oc-8af"/>
      </symbol>
      <symbol id="sm-cb4">
         <name>__TI_renormd</name>
         <value>0x14564</value>
         <object_component_ref idref="oc-8a3"/>
      </symbol>
      <symbol id="sm-cbd">
         <name>_system_post_cinit</name>
         <value>0x15956</value>
         <object_component_ref idref="oc-43a"/>
      </symbol>
      <symbol id="sm-cca">
         <name>strlen</name>
         <value>0x15922</value>
         <object_component_ref idref="oc-85e"/>
      </symbol>
      <symbol id="sm-ccc">
         <name>__TI_BINIT_Base</name>
         <value>0x0</value>
      </symbol>
      <symbol id="sm-ccd">
         <name>__TI_BINIT_Limit</name>
         <value>0x0</value>
      </symbol>
      <symbol id="sm-cce">
         <name>__TI_INITARRAY_Base</name>
         <value>0x0</value>
      </symbol>
      <symbol id="sm-ccf">
         <name>__TI_INITARRAY_Limit</name>
         <value>0x0</value>
      </symbol>
   </symbol_table>
   <title>Link successful</title>
</link_info>
