<?xml version="1.0"?>
<link_info>
   <banner>MSP430 Linker PC v15.12.3.LTS</banner>
   <copyright>Copyright (c) 2003-2015 Texas Instruments Incorporated</copyright>
   <link_time>0x58d2ffa9</link_time>
   <link_errors>0x0</link_errors>
   <output_file>TestBoardv2.out</output_file>
   <entry_point>
      <name>_c_int00_noargs_noexit</name>
      <address>0x5da4</address>
   </entry_point>
   <input_file_list>
      <input_file id="fl-2">
         <path>.\</path>
         <kind>object</kind>
         <file>BPSmain.obj</file>
         <name>BPSmain.obj</name>
      </input_file>
      <input_file id="fl-3">
         <path>.\</path>
         <kind>object</kind>
         <file>LTC6803.obj</file>
         <name>LTC6803.obj</name>
      </input_file>
      <input_file id="fl-4">
         <path>.\</path>
         <kind>object</kind>
         <file>LTCspi.obj</file>
         <name>LTCspi.obj</name>
      </input_file>
      <input_file id="fl-5">
         <path>.\</path>
         <kind>object</kind>
         <file>RS232.obj</file>
         <name>RS232.obj</name>
      </input_file>
      <input_file id="fl-6">
         <path>.\</path>
         <kind>object</kind>
         <file>ad7739_func.obj</file>
         <name>ad7739_func.obj</name>
      </input_file>
      <input_file id="fl-7">
         <path>.\</path>
         <kind>object</kind>
         <file>adcspi.obj</file>
         <name>adcspi.obj</name>
      </input_file>
      <input_file id="fl-8">
         <path>.\</path>
         <kind>object</kind>
         <file>can.obj</file>
         <name>can.obj</name>
      </input_file>
      <input_file id="fl-9">
         <path>.\</path>
         <kind>object</kind>
         <file>canspi.obj</file>
         <name>canspi.obj</name>
      </input_file>
      <input_file id="fl-a">
         <path>.\</path>
         <kind>object</kind>
         <file>clock_init.obj</file>
         <name>clock_init.obj</name>
      </input_file>
      <input_file id="fl-b">
         <path>.\</path>
         <kind>object</kind>
         <file>io_init.obj</file>
         <name>io_init.obj</name>
      </input_file>
      <input_file id="fl-2c">
         <path>C:\ti\ccsv6\tools\compiler\msp430_15.12.3.LTS\lib\</path>
         <kind>archive</kind>
         <file>rts430x_lc_rd_eabi.lib</file>
         <name>abs.obj</name>
      </input_file>
      <input_file id="fl-2d">
         <path>C:\ti\ccsv6\tools\compiler\msp430_15.12.3.LTS\lib\</path>
         <kind>archive</kind>
         <file>rts430x_lc_rd_eabi.lib</file>
         <name>boot.obj</name>
      </input_file>
      <input_file id="fl-2e">
         <path>C:\ti\ccsv6\tools\compiler\msp430_15.12.3.LTS\lib\</path>
         <kind>archive</kind>
         <file>rts430x_lc_rd_eabi.lib</file>
         <name>boot_special.obj</name>
      </input_file>
      <input_file id="fl-2f">
         <path>C:\ti\ccsv6\tools\compiler\msp430_15.12.3.LTS\lib\</path>
         <kind>archive</kind>
         <file>rts430x_lc_rd_eabi.lib</file>
         <name>copy_decompress_none.obj</name>
      </input_file>
      <input_file id="fl-30">
         <path>C:\ti\ccsv6\tools\compiler\msp430_15.12.3.LTS\lib\</path>
         <kind>archive</kind>
         <file>rts430x_lc_rd_eabi.lib</file>
         <name>copy_decompress_rle.obj</name>
      </input_file>
      <input_file id="fl-31">
         <path>C:\ti\ccsv6\tools\compiler\msp430_15.12.3.LTS\lib\</path>
         <kind>archive</kind>
         <file>rts430x_lc_rd_eabi.lib</file>
         <name>copy_zero_init.obj</name>
      </input_file>
      <input_file id="fl-32">
         <path>C:\ti\ccsv6\tools\compiler\msp430_15.12.3.LTS\lib\</path>
         <kind>archive</kind>
         <file>rts430x_lc_rd_eabi.lib</file>
         <name>cvtdf.obj</name>
      </input_file>
      <input_file id="fl-33">
         <path>C:\ti\ccsv6\tools\compiler\msp430_15.12.3.LTS\lib\</path>
         <kind>archive</kind>
         <file>rts430x_lc_rd_eabi.lib</file>
         <name>cvtfd.obj</name>
      </input_file>
      <input_file id="fl-34">
         <path>C:\ti\ccsv6\tools\compiler\msp430_15.12.3.LTS\lib\</path>
         <kind>archive</kind>
         <file>rts430x_lc_rd_eabi.lib</file>
         <name>div16s.obj</name>
      </input_file>
      <input_file id="fl-35">
         <path>C:\ti\ccsv6\tools\compiler\msp430_15.12.3.LTS\lib\</path>
         <kind>archive</kind>
         <file>rts430x_lc_rd_eabi.lib</file>
         <name>div16u.obj</name>
      </input_file>
      <input_file id="fl-36">
         <path>C:\ti\ccsv6\tools\compiler\msp430_15.12.3.LTS\lib\</path>
         <kind>archive</kind>
         <file>rts430x_lc_rd_eabi.lib</file>
         <name>divd.obj</name>
      </input_file>
      <input_file id="fl-37">
         <path>C:\ti\ccsv6\tools\compiler\msp430_15.12.3.LTS\lib\</path>
         <kind>archive</kind>
         <file>rts430x_lc_rd_eabi.lib</file>
         <name>exit.obj</name>
      </input_file>
      <input_file id="fl-38">
         <path>C:\ti\ccsv6\tools\compiler\msp430_15.12.3.LTS\lib\</path>
         <kind>archive</kind>
         <file>rts430x_lc_rd_eabi.lib</file>
         <name>exit_gvars.obj</name>
      </input_file>
      <input_file id="fl-39">
         <path>C:\ti\ccsv6\tools\compiler\msp430_15.12.3.LTS\lib\</path>
         <kind>archive</kind>
         <file>rts430x_lc_rd_eabi.lib</file>
         <name>frcdivd.obj</name>
      </input_file>
      <input_file id="fl-3a">
         <path>C:\ti\ccsv6\tools\compiler\msp430_15.12.3.LTS\lib\</path>
         <kind>archive</kind>
         <file>rts430x_lc_rd_eabi.lib</file>
         <name>fs_cmp.obj</name>
      </input_file>
      <input_file id="fl-3b">
         <path>C:\ti\ccsv6\tools\compiler\msp430_15.12.3.LTS\lib\</path>
         <kind>archive</kind>
         <file>rts430x_lc_rd_eabi.lib</file>
         <name>fs_div.obj</name>
      </input_file>
      <input_file id="fl-3c">
         <path>C:\ti\ccsv6\tools\compiler\msp430_15.12.3.LTS\lib\</path>
         <kind>archive</kind>
         <file>rts430x_lc_rd_eabi.lib</file>
         <name>fs_itof.obj</name>
      </input_file>
      <input_file id="fl-3d">
         <path>C:\ti\ccsv6\tools\compiler\msp430_15.12.3.LTS\lib\</path>
         <kind>archive</kind>
         <file>rts430x_lc_rd_eabi.lib</file>
         <name>fs_ltof.obj</name>
      </input_file>
      <input_file id="fl-3e">
         <path>C:\ti\ccsv6\tools\compiler\msp430_15.12.3.LTS\lib\</path>
         <kind>archive</kind>
         <file>rts430x_lc_rd_eabi.lib</file>
         <name>fs_mpy.obj</name>
      </input_file>
      <input_file id="fl-3f">
         <path>C:\ti\ccsv6\tools\compiler\msp430_15.12.3.LTS\lib\</path>
         <kind>archive</kind>
         <file>rts430x_lc_rd_eabi.lib</file>
         <name>fs_toi.obj</name>
      </input_file>
      <input_file id="fl-40">
         <path>C:\ti\ccsv6\tools\compiler\msp430_15.12.3.LTS\lib\</path>
         <kind>archive</kind>
         <file>rts430x_lc_rd_eabi.lib</file>
         <name>fs_utof.obj</name>
      </input_file>
      <input_file id="fl-41">
         <path>C:\ti\ccsv6\tools\compiler\msp430_15.12.3.LTS\lib\</path>
         <kind>archive</kind>
         <file>rts430x_lc_rd_eabi.lib</file>
         <name>int41.obj</name>
      </input_file>
      <input_file id="fl-42">
         <path>C:\ti\ccsv6\tools\compiler\msp430_15.12.3.LTS\lib\</path>
         <kind>archive</kind>
         <file>rts430x_lc_rd_eabi.lib</file>
         <name>int43.obj</name>
      </input_file>
      <input_file id="fl-43">
         <path>C:\ti\ccsv6\tools\compiler\msp430_15.12.3.LTS\lib\</path>
         <kind>archive</kind>
         <file>rts430x_lc_rd_eabi.lib</file>
         <name>int45.obj</name>
      </input_file>
      <input_file id="fl-44">
         <path>C:\ti\ccsv6\tools\compiler\msp430_15.12.3.LTS\lib\</path>
         <kind>archive</kind>
         <file>rts430x_lc_rd_eabi.lib</file>
         <name>int46.obj</name>
      </input_file>
      <input_file id="fl-45">
         <path>C:\ti\ccsv6\tools\compiler\msp430_15.12.3.LTS\lib\</path>
         <kind>archive</kind>
         <file>rts430x_lc_rd_eabi.lib</file>
         <name>int48.obj</name>
      </input_file>
      <input_file id="fl-46">
         <path>C:\ti\ccsv6\tools\compiler\msp430_15.12.3.LTS\lib\</path>
         <kind>archive</kind>
         <file>rts430x_lc_rd_eabi.lib</file>
         <name>int49.obj</name>
      </input_file>
      <input_file id="fl-47">
         <path>C:\ti\ccsv6\tools\compiler\msp430_15.12.3.LTS\lib\</path>
         <kind>archive</kind>
         <file>rts430x_lc_rd_eabi.lib</file>
         <name>int50.obj</name>
      </input_file>
      <input_file id="fl-48">
         <path>C:\ti\ccsv6\tools\compiler\msp430_15.12.3.LTS\lib\</path>
         <kind>archive</kind>
         <file>rts430x_lc_rd_eabi.lib</file>
         <name>int51.obj</name>
      </input_file>
      <input_file id="fl-49">
         <path>C:\ti\ccsv6\tools\compiler\msp430_15.12.3.LTS\lib\</path>
         <kind>archive</kind>
         <file>rts430x_lc_rd_eabi.lib</file>
         <name>int52.obj</name>
      </input_file>
      <input_file id="fl-4a">
         <path>C:\ti\ccsv6\tools\compiler\msp430_15.12.3.LTS\lib\</path>
         <kind>archive</kind>
         <file>rts430x_lc_rd_eabi.lib</file>
         <name>int53.obj</name>
      </input_file>
      <input_file id="fl-4b">
         <path>C:\ti\ccsv6\tools\compiler\msp430_15.12.3.LTS\lib\</path>
         <kind>archive</kind>
         <file>rts430x_lc_rd_eabi.lib</file>
         <name>int54.obj</name>
      </input_file>
      <input_file id="fl-4c">
         <path>C:\ti\ccsv6\tools\compiler\msp430_15.12.3.LTS\lib\</path>
         <kind>archive</kind>
         <file>rts430x_lc_rd_eabi.lib</file>
         <name>int55.obj</name>
      </input_file>
      <input_file id="fl-4d">
         <path>C:\ti\ccsv6\tools\compiler\msp430_15.12.3.LTS\lib\</path>
         <kind>archive</kind>
         <file>rts430x_lc_rd_eabi.lib</file>
         <name>int56.obj</name>
      </input_file>
      <input_file id="fl-4e">
         <path>C:\ti\ccsv6\tools\compiler\msp430_15.12.3.LTS\lib\</path>
         <kind>archive</kind>
         <file>rts430x_lc_rd_eabi.lib</file>
         <name>int57.obj</name>
      </input_file>
      <input_file id="fl-4f">
         <path>C:\ti\ccsv6\tools\compiler\msp430_15.12.3.LTS\lib\</path>
         <kind>archive</kind>
         <file>rts430x_lc_rd_eabi.lib</file>
         <name>int58.obj</name>
      </input_file>
      <input_file id="fl-50">
         <path>C:\ti\ccsv6\tools\compiler\msp430_15.12.3.LTS\lib\</path>
         <kind>archive</kind>
         <file>rts430x_lc_rd_eabi.lib</file>
         <name>int59.obj</name>
      </input_file>
      <input_file id="fl-51">
         <path>C:\ti\ccsv6\tools\compiler\msp430_15.12.3.LTS\lib\</path>
         <kind>archive</kind>
         <file>rts430x_lc_rd_eabi.lib</file>
         <name>int61.obj</name>
      </input_file>
      <input_file id="fl-52">
         <path>C:\ti\ccsv6\tools\compiler\msp430_15.12.3.LTS\lib\</path>
         <kind>archive</kind>
         <file>rts430x_lc_rd_eabi.lib</file>
         <name>int62.obj</name>
      </input_file>
      <input_file id="fl-53">
         <path>C:\ti\ccsv6\tools\compiler\msp430_15.12.3.LTS\lib\</path>
         <kind>archive</kind>
         <file>rts430x_lc_rd_eabi.lib</file>
         <name>isr_trap.obj</name>
      </input_file>
      <input_file id="fl-54">
         <path>C:\ti\ccsv6\tools\compiler\msp430_15.12.3.LTS\lib\</path>
         <kind>archive</kind>
         <file>rts430x_lc_rd_eabi.lib</file>
         <name>lsl32.obj</name>
      </input_file>
      <input_file id="fl-55">
         <path>C:\ti\ccsv6\tools\compiler\msp430_15.12.3.LTS\lib\</path>
         <kind>archive</kind>
         <file>rts430x_lc_rd_eabi.lib</file>
         <name>lsr32.obj</name>
      </input_file>
      <input_file id="fl-56">
         <path>C:\ti\ccsv6\tools\compiler\msp430_15.12.3.LTS\lib\</path>
         <kind>archive</kind>
         <file>rts430x_lc_rd_eabi.lib</file>
         <name>lsr64.obj</name>
      </input_file>
      <input_file id="fl-57">
         <path>C:\ti\ccsv6\tools\compiler\msp430_15.12.3.LTS\lib\</path>
         <kind>archive</kind>
         <file>rts430x_lc_rd_eabi.lib</file>
         <name>memcpy.obj</name>
      </input_file>
      <input_file id="fl-58">
         <path>C:\ti\ccsv6\tools\compiler\msp430_15.12.3.LTS\lib\</path>
         <kind>archive</kind>
         <file>rts430x_lc_rd_eabi.lib</file>
         <name>mpu_init.obj</name>
      </input_file>
      <input_file id="fl-59">
         <path>C:\ti\ccsv6\tools\compiler\msp430_15.12.3.LTS\lib\</path>
         <kind>archive</kind>
         <file>rts430x_lc_rd_eabi.lib</file>
         <name>mpyd.obj</name>
      </input_file>
      <input_file id="fl-5a">
         <path>C:\ti\ccsv6\tools\compiler\msp430_15.12.3.LTS\lib\</path>
         <kind>archive</kind>
         <file>rts430x_lc_rd_eabi.lib</file>
         <name>mult16.obj</name>
      </input_file>
      <input_file id="fl-5b">
         <path>C:\ti\ccsv6\tools\compiler\msp430_15.12.3.LTS\lib\</path>
         <kind>archive</kind>
         <file>rts430x_lc_rd_eabi.lib</file>
         <name>mult1632_f5hw.obj</name>
      </input_file>
      <input_file id="fl-5c">
         <path>C:\ti\ccsv6\tools\compiler\msp430_15.12.3.LTS\lib\</path>
         <kind>archive</kind>
         <file>rts430x_lc_rd_eabi.lib</file>
         <name>mult16_f5hw.obj</name>
      </input_file>
      <input_file id="fl-5d">
         <path>C:\ti\ccsv6\tools\compiler\msp430_15.12.3.LTS\lib\</path>
         <kind>archive</kind>
         <file>rts430x_lc_rd_eabi.lib</file>
         <name>mult32.obj</name>
      </input_file>
      <input_file id="fl-5e">
         <path>C:\ti\ccsv6\tools\compiler\msp430_15.12.3.LTS\lib\</path>
         <kind>archive</kind>
         <file>rts430x_lc_rd_eabi.lib</file>
         <name>mult3264_f5hw.obj</name>
      </input_file>
      <input_file id="fl-5f">
         <path>C:\ti\ccsv6\tools\compiler\msp430_15.12.3.LTS\lib\</path>
         <kind>archive</kind>
         <file>rts430x_lc_rd_eabi.lib</file>
         <name>mult32_f5hw.obj</name>
      </input_file>
      <input_file id="fl-60">
         <path>C:\ti\ccsv6\tools\compiler\msp430_15.12.3.LTS\lib\</path>
         <kind>archive</kind>
         <file>rts430x_lc_rd_eabi.lib</file>
         <name>mult64_f5hw.obj</name>
      </input_file>
      <input_file id="fl-61">
         <path>C:\ti\ccsv6\tools\compiler\msp430_15.12.3.LTS\lib\</path>
         <kind>archive</kind>
         <file>rts430x_lc_rd_eabi.lib</file>
         <name>pre_init.obj</name>
      </input_file>
      <input_file id="fl-62">
         <path>C:\ti\ccsv6\tools\compiler\msp430_15.12.3.LTS\lib\</path>
         <kind>archive</kind>
         <file>rts430x_lc_rd_eabi.lib</file>
         <name>sprintf.obj</name>
      </input_file>
      <input_file id="fl-63">
         <path>C:\ti\ccsv6\tools\compiler\msp430_15.12.3.LTS\lib\</path>
         <kind>archive</kind>
         <file>rts430x_lc_rd_eabi.lib</file>
         <name>strcmp.obj</name>
      </input_file>
      <input_file id="fl-64">
         <path>C:\ti\ccsv6\tools\compiler\msp430_15.12.3.LTS\lib\</path>
         <kind>archive</kind>
         <file>rts430x_lc_rd_eabi.lib</file>
         <name>subd.obj</name>
      </input_file>
      <input_file id="fl-65">
         <path>C:\ti\ccsv6\tools\compiler\msp430_15.12.3.LTS\lib\</path>
         <kind>archive</kind>
         <file>rts430x_lc_rd_eabi.lib</file>
         <name>_lock.obj</name>
      </input_file>
      <input_file id="fl-66">
         <path>C:\ti\ccsv6\tools\compiler\msp430_15.12.3.LTS\lib\</path>
         <kind>archive</kind>
         <file>rts430x_lc_rd_eabi.lib</file>
         <name>_printfi_min.obj</name>
      </input_file>
      <input_file id="fl-67">
         <path>C:\ti\ccsv6\tools\compiler\msp430_15.12.3.LTS\lib\</path>
         <kind>archive</kind>
         <file>rts430x_lc_rd_eabi.lib</file>
         <name>addd.obj</name>
      </input_file>
      <input_file id="fl-68">
         <path>C:\ti\ccsv6\tools\compiler\msp430_15.12.3.LTS\lib\</path>
         <kind>archive</kind>
         <file>rts430x_lc_rd_eabi.lib</file>
         <name>args_main.obj</name>
      </input_file>
      <input_file id="fl-69">
         <path>C:\ti\ccsv6\tools\compiler\msp430_15.12.3.LTS\lib\</path>
         <kind>archive</kind>
         <file>rts430x_lc_rd_eabi.lib</file>
         <name>asr32.obj</name>
      </input_file>
      <input_file id="fl-6a">
         <path>C:\ti\ccsv6\tools\compiler\msp430_15.12.3.LTS\lib\</path>
         <kind>archive</kind>
         <file>rts430x_lc_rd_eabi.lib</file>
         <name>autoinit_wdt.obj</name>
      </input_file>
      <input_file id="fl-6b">
         <path>C:\ti\ccsv6\tools\compiler\msp430_15.12.3.LTS\lib\</path>
         <kind>archive</kind>
         <file>rts430x_lc_rd_eabi.lib</file>
         <name>cpy_tbl.obj</name>
      </input_file>
      <input_file id="fl-6c">
         <path>C:\ti\ccsv6\tools\compiler\msp430_15.12.3.LTS\lib\</path>
         <kind>archive</kind>
         <file>rts430x_lc_rd_eabi.lib</file>
         <name>frcaddd.obj</name>
      </input_file>
      <input_file id="fl-6d">
         <path>C:\ti\ccsv6\tools\compiler\msp430_15.12.3.LTS\lib\</path>
         <kind>archive</kind>
         <file>rts430x_lc_rd_eabi.lib</file>
         <name>frcmpyd.obj</name>
      </input_file>
      <input_file id="fl-6e">
         <path>C:\ti\ccsv6\tools\compiler\msp430_15.12.3.LTS\lib\</path>
         <kind>archive</kind>
         <file>rts430x_lc_rd_eabi.lib</file>
         <name>memccpy.obj</name>
      </input_file>
      <input_file id="fl-6f">
         <path>C:\ti\ccsv6\tools\compiler\msp430_15.12.3.LTS\lib\</path>
         <kind>archive</kind>
         <file>rts430x_lc_rd_eabi.lib</file>
         <name>memset.obj</name>
      </input_file>
      <input_file id="fl-70">
         <path>C:\ti\ccsv6\tools\compiler\msp430_15.12.3.LTS\lib\</path>
         <kind>archive</kind>
         <file>rts430x_lc_rd_eabi.lib</file>
         <name>renormd.obj</name>
      </input_file>
      <input_file id="fl-71">
         <path>C:\ti\ccsv6\tools\compiler\msp430_15.12.3.LTS\lib\</path>
         <kind>archive</kind>
         <file>rts430x_lc_rd_eabi.lib</file>
         <name>startup.obj</name>
      </input_file>
      <input_file id="fl-72">
         <path>C:\ti\ccsv6\tools\compiler\msp430_15.12.3.LTS\lib\</path>
         <kind>archive</kind>
         <file>rts430x_lc_rd_eabi.lib</file>
         <name>strlen.obj</name>
      </input_file>
   </input_file_list>
   <object_component_list>
      <object_component id="oc-720">
         <name>.bss</name>
         <uninitialized>true</uninitialized>
         <run_address>0x1ce0</run_address>
         <size>0x53</size>
         <input_file_ref idref="fl-6"/>
      </object_component>
      <object_component id="oc-687">
         <name>.common:ltc1_FLGR</name>
         <uninitialized>true</uninitialized>
         <run_address>0x1e40</run_address>
         <size>0x4</size>
      </object_component>
      <object_component id="oc-696">
         <name>.common:ltc2_FLGR</name>
         <uninitialized>true</uninitialized>
         <run_address>0x1e44</run_address>
         <size>0x4</size>
      </object_component>
      <object_component id="oc-6a5">
         <name>.common:ltc3_FLGR</name>
         <uninitialized>true</uninitialized>
         <run_address>0x1e48</run_address>
         <size>0x4</size>
      </object_component>
      <object_component id="oc-48d">
         <name>.common:batt1</name>
         <uninitialized>true</uninitialized>
         <run_address>0x1e89</run_address>
         <size>0x1</size>
      </object_component>
      <object_component id="oc-49a">
         <name>.common:batt2</name>
         <uninitialized>true</uninitialized>
         <run_address>0x1e8a</run_address>
         <size>0x1</size>
      </object_component>
      <object_component id="oc-4a7">
         <name>.common:batt3</name>
         <uninitialized>true</uninitialized>
         <run_address>0x1e8b</run_address>
         <size>0x1</size>
      </object_component>
      <object_component id="oc-594">
         <name>.common:ltc1_cv</name>
         <uninitialized>true</uninitialized>
         <run_address>0x1dac</run_address>
         <size>0x18</size>
      </object_component>
      <object_component id="oc-595">
         <name>.common:ltc2_cv</name>
         <uninitialized>true</uninitialized>
         <run_address>0x1dc4</run_address>
         <size>0x18</size>
      </object_component>
      <object_component id="oc-596">
         <name>.common:ltc3_cv</name>
         <uninitialized>true</uninitialized>
         <run_address>0x1ddc</run_address>
         <size>0x18</size>
      </object_component>
      <object_component id="oc-4e4">
         <name>.common:adc_voltage</name>
         <uninitialized>true</uninitialized>
         <run_address>0x1c00</run_address>
         <size>0xe0</size>
      </object_component>
      <object_component id="oc-799">
         <name>.common:max_temp_voltage</name>
         <uninitialized>true</uninitialized>
         <run_address>0x1e54</run_address>
         <size>0x4</size>
      </object_component>
      <object_component id="oc-74c">
         <name>.common:adc_stat</name>
         <uninitialized>true</uninitialized>
         <run_address>0x1d34</run_address>
         <size>0x38</size>
      </object_component>
      <object_component id="oc-798">
         <name>.common:max_temp_index</name>
         <uninitialized>true</uninitialized>
         <run_address>0x1e8e</run_address>
         <size>0x1</size>
      </object_component>
      <object_component id="oc-42d">
         <name>.common:i</name>
         <uninitialized>true</uninitialized>
         <run_address>0x1e8d</run_address>
         <size>0x1</size>
      </object_component>
      <object_component id="oc-572">
         <name>.common:diff_ref</name>
         <uninitialized>true</uninitialized>
         <run_address>0x1e38</run_address>
         <size>0x4</size>
      </object_component>
      <object_component id="oc-573">
         <name>.common:diff_shunt</name>
         <uninitialized>true</uninitialized>
         <run_address>0x1e3c</run_address>
         <size>0x4</size>
      </object_component>
      <object_component id="oc-574">
         <name>.common:current_dvolt</name>
         <uninitialized>true</uninitialized>
         <run_address>0x1e34</run_address>
         <size>0x4</size>
      </object_component>
      <object_component id="oc-56c">
         <name>.common:current</name>
         <uninitialized>true</uninitialized>
         <run_address>0x1e30</run_address>
         <size>0x4</size>
      </object_component>
      <object_component id="oc-591">
         <name>.common:max_v_cell</name>
         <uninitialized>true</uninitialized>
         <run_address>0x1e72</run_address>
         <size>0x2</size>
      </object_component>
      <object_component id="oc-592">
         <name>.common:ltc_max</name>
         <uninitialized>true</uninitialized>
         <run_address>0x1e6c</run_address>
         <size>0x2</size>
      </object_component>
      <object_component id="oc-593">
         <name>.common:bat_voltage</name>
         <uninitialized>true</uninitialized>
         <run_address>0x1e20</run_address>
         <size>0x4</size>
      </object_component>
      <object_component id="oc-59c">
         <name>.common:max_voltage</name>
         <uninitialized>true</uninitialized>
         <run_address>0x1e58</run_address>
         <size>0x4</size>
      </object_component>
      <object_component id="oc-59d">
         <name>.common:min_v_cell</name>
         <uninitialized>true</uninitialized>
         <run_address>0x1e74</run_address>
         <size>0x2</size>
      </object_component>
      <object_component id="oc-59e">
         <name>.common:ltc_min</name>
         <uninitialized>true</uninitialized>
         <run_address>0x1e6e</run_address>
         <size>0x2</size>
      </object_component>
      <object_component id="oc-59f">
         <name>.common:min_voltage</name>
         <uninitialized>true</uninitialized>
         <run_address>0x1e5c</run_address>
         <size>0x4</size>
      </object_component>
      <object_component id="oc-5a0">
         <name>.common:max_temp_val</name>
         <uninitialized>true</uninitialized>
         <run_address>0x1e50</run_address>
         <size>0x4</size>
      </object_component>
      <object_component id="oc-5ae">
         <name>.common:max_temp_idx</name>
         <uninitialized>true</uninitialized>
         <run_address>0x1e70</run_address>
         <size>0x2</size>
      </object_component>
      <object_component id="oc-4f9">
         <name>.common:cancheck_flag</name>
         <uninitialized>true</uninitialized>
         <run_address>0x1e6a</run_address>
         <size>0x2</size>
      </object_component>
      <object_component id="oc-7c3">
         <name>.common:can_CANINTF</name>
         <uninitialized>true</uninitialized>
         <run_address>0x1e8c</run_address>
         <size>0x1</size>
      </object_component>
      <object_component id="oc-7ca">
         <name>.common:can_FLAGS</name>
         <uninitialized>true</uninitialized>
         <run_address>0x1e24</run_address>
         <size>0x4</size>
      </object_component>
      <object_component id="oc-5c0">
         <name>.common:switches_out_dif</name>
         <uninitialized>true</uninitialized>
         <run_address>0x1e7c</run_address>
         <size>0x2</size>
      </object_component>
      <object_component id="oc-5c1">
         <name>.common:switches_dif_save</name>
         <uninitialized>true</uninitialized>
         <run_address>0x1e78</run_address>
         <size>0x2</size>
      </object_component>
      <object_component id="oc-5c2">
         <name>.common:switches_out_new</name>
         <uninitialized>true</uninitialized>
         <run_address>0x1e7e</run_address>
         <size>0x2</size>
      </object_component>
      <object_component id="oc-5c3">
         <name>.common:switches_new</name>
         <uninitialized>true</uninitialized>
         <run_address>0x1e7a</run_address>
         <size>0x2</size>
      </object_component>
      <object_component id="oc-485">
         <name>.common:can_DC_rcv_count</name>
         <uninitialized>true</uninitialized>
         <run_address>0x1e68</run_address>
         <size>0x2</size>
      </object_component>
      <object_component id="oc-486">
         <name>.common:old_DC_rcv_count</name>
         <uninitialized>true</uninitialized>
         <run_address>0x1e76</run_address>
         <size>0x2</size>
      </object_component>
      <object_component id="oc-5bb">
         <name>.common:AC_char3</name>
         <uninitialized>true</uninitialized>
         <run_address>0x1e88</run_address>
         <size>0x1</size>
      </object_component>
      <object_component id="oc-5bc">
         <name>.common:AC_char2</name>
         <uninitialized>true</uninitialized>
         <run_address>0x1e87</run_address>
         <size>0x1</size>
      </object_component>
      <object_component id="oc-5bd">
         <name>.common:AC_char1</name>
         <uninitialized>true</uninitialized>
         <run_address>0x1e86</run_address>
         <size>0x1</size>
      </object_component>
      <object_component id="oc-5be">
         <name>.common:AC_char0</name>
         <uninitialized>true</uninitialized>
         <run_address>0x1d33</run_address>
         <size>0x1</size>
      </object_component>
      <object_component id="oc-5bf">
         <name>.common:AC_Serial_No</name>
         <uninitialized>true</uninitialized>
         <run_address>0x1e10</run_address>
         <size>0x4</size>
      </object_component>
      <object_component id="oc-4e5">
         <name>.common:SIG1</name>
         <uninitialized>true</uninitialized>
         <run_address>0x1e14</run_address>
         <size>0x4</size>
      </object_component>
      <object_component id="oc-4e6">
         <name>.common:SIG2</name>
         <uninitialized>true</uninitialized>
         <run_address>0x1e18</run_address>
         <size>0x4</size>
      </object_component>
      <object_component id="oc-4e7">
         <name>.common:SIG3</name>
         <uninitialized>true</uninitialized>
         <run_address>0x1e1c</run_address>
         <size>0x4</size>
      </object_component>
      <object_component id="oc-4ee">
         <name>.common:compare_sig1</name>
         <uninitialized>true</uninitialized>
         <run_address>0x1e28</run_address>
         <size>0x4</size>
      </object_component>
      <object_component id="oc-4ef">
         <name>.common:compare_sig2</name>
         <uninitialized>true</uninitialized>
         <run_address>0x1e2c</run_address>
         <size>0x4</size>
      </object_component>
      <object_component id="oc-412">
         <name>.common:command</name>
         <uninitialized>true</uninitialized>
         <run_address>0x1d8c</run_address>
         <size>0x20</size>
      </object_component>
      <object_component id="oc-5cb">
         <name>.common:buff</name>
         <uninitialized>true</uninitialized>
         <run_address>0x1d6c</run_address>
         <size>0x20</size>
      </object_component>
      <object_component id="oc-5ea">
         <name>.common:volt</name>
         <uninitialized>true</uninitialized>
         <run_address>0x1e64</run_address>
         <size>0x4</size>
      </object_component>
      <object_component id="oc-5a6">
         <name>.common:temp</name>
         <uninitialized>true</uninitialized>
         <run_address>0x1e60</run_address>
         <size>0x4</size>
      </object_component>
      <object_component id="oc-5ad">
         <name>.common:max_temp</name>
         <uninitialized>true</uninitialized>
         <run_address>0x1e4c</run_address>
         <size>0x4</size>
      </object_component>
      <object_component id="oc-5d7">
         <name>.common:temp1</name>
         <uninitialized>true</uninitialized>
         <run_address>0x1e80</run_address>
         <size>0x2</size>
      </object_component>
      <object_component id="oc-5dd">
         <name>.common:temp2</name>
         <uninitialized>true</uninitialized>
         <run_address>0x1e82</run_address>
         <size>0x2</size>
      </object_component>
      <object_component id="oc-5de">
         <name>.common:temp3</name>
         <uninitialized>true</uninitialized>
         <run_address>0x1e84</run_address>
         <size>0x2</size>
      </object_component>
      <object_component id="oc-4f0">
         <name>.common:can</name>
         <uninitialized>true</uninitialized>
         <run_address>0x1e04</run_address>
         <size>0xc</size>
      </object_component>
      <object_component id="oc-668">
         <name>.common:buffer</name>
         <uninitialized>true</uninitialized>
         <run_address>0x1df4</run_address>
         <size>0x10</size>
      </object_component>
      <object_component id="oc-408">
         <name>.data</name>
         <load_address>0x1e90</load_address>
         <run_address>0x1e90</run_address>
         <size>0x3c</size>
         <input_file_ref idref="fl-2"/>
      </object_component>
      <object_component id="oc-41b">
         <name>.data:batt_temp</name>
         <load_address>0x1f0c</load_address>
         <run_address>0x1f0c</run_address>
         <size>0x20</size>
         <input_file_ref idref="fl-2"/>
      </object_component>
      <object_component id="oc-424">
         <name>.data:batt_volt</name>
         <load_address>0x1f2c</load_address>
         <run_address>0x1f2c</run_address>
         <size>0x20</size>
         <input_file_ref idref="fl-2"/>
      </object_component>
      <object_component id="oc-427">
         <name>.data:batt_current</name>
         <load_address>0x1ecc</load_address>
         <run_address>0x1ecc</run_address>
         <size>0x20</size>
         <input_file_ref idref="fl-2"/>
      </object_component>
      <object_component id="oc-42a">
         <name>.data:batt_state</name>
         <load_address>0x1eec</load_address>
         <run_address>0x1eec</run_address>
         <size>0x20</size>
         <input_file_ref idref="fl-2"/>
      </object_component>
      <object_component id="oc-6c5">
         <name>.data:buf_addr$1</name>
         <load_address>0x1f4c</load_address>
         <run_address>0x1f4c</run_address>
         <size>0x6</size>
         <input_file_ref idref="fl-8"/>
      </object_component>
      <object_component id="oc-379">
         <name>.stack</name>
         <uninitialized>true</uninitialized>
         <run_address>0x5b60</run_address>
         <size>0x4</size>
         <input_file_ref idref="fl-2d"/>
      </object_component>
      <object_component id="oc-961">
         <name>.stack</name>
         <uninitialized>true</uninitialized>
         <run_address>0x5b60</run_address>
         <size>0x0</size>
      </object_component>
      <object_component id="oc-3db">
         <name>.text:main</name>
         <load_address>0x10000</load_address>
         <run_address>0x10000</run_address>
         <size>0x1658</size>
         <input_file_ref idref="fl-2"/>
      </object_component>
      <object_component id="oc-7eb">
         <name>.text:__TI_frcdivd</name>
         <load_address>0x11658</load_address>
         <run_address>0x11658</run_address>
         <size>0x486</size>
         <input_file_ref idref="fl-39"/>
      </object_component>
      <object_component id="oc-7aa">
         <name>.text:__TI_frcmpyd</name>
         <load_address>0x11ade</load_address>
         <run_address>0x11ade</run_address>
         <size>0x2e4</size>
         <input_file_ref idref="fl-6d"/>
      </object_component>
      <object_component id="oc-7bc">
         <name>.text:__mspabi_addd</name>
         <load_address>0x11dc2</load_address>
         <run_address>0x11dc2</run_address>
         <size>0x2d8</size>
         <input_file_ref idref="fl-67"/>
      </object_component>
      <object_component id="oc-580">
         <name>.text:__mspabi_mpyd</name>
         <load_address>0x1209a</load_address>
         <run_address>0x1209a</run_address>
         <size>0x282</size>
         <input_file_ref idref="fl-59"/>
      </object_component>
      <object_component id="oc-868">
         <name>.text:__TI_frcaddd</name>
         <load_address>0x1231c</load_address>
         <run_address>0x1231c</run_address>
         <size>0x252</size>
         <input_file_ref idref="fl-6c"/>
      </object_component>
      <object_component id="oc-5b5">
         <name>.text:can_receive</name>
         <load_address>0x1256e</load_address>
         <run_address>0x1256e</run_address>
         <size>0x23a</size>
         <input_file_ref idref="fl-8"/>
      </object_component>
      <object_component id="oc-5e4">
         <name>.text:__mspabi_divd</name>
         <load_address>0x127a8</load_address>
         <run_address>0x127a8</run_address>
         <size>0x222</size>
         <input_file_ref idref="fl-36"/>
      </object_component>
      <object_component id="oc-512">
         <name>.text:adc_bus1_init</name>
         <load_address>0x129ca</load_address>
         <run_address>0x129ca</run_address>
         <size>0x1b4</size>
         <input_file_ref idref="fl-6"/>
      </object_component>
      <object_component id="oc-52a">
         <name>.text:adc_bus2_init</name>
         <load_address>0x12b7e</load_address>
         <run_address>0x12b7e</run_address>
         <size>0x186</size>
         <input_file_ref idref="fl-6"/>
      </object_component>
      <object_component id="oc-566">
         <name>.text:adc_temp_check</name>
         <load_address>0x12d04</load_address>
         <run_address>0x12d04</run_address>
         <size>0x182</size>
         <input_file_ref idref="fl-6"/>
      </object_component>
      <object_component id="oc-4f3">
         <name>.text:can_transmit</name>
         <load_address>0x12e86</load_address>
         <run_address>0x12e86</run_address>
         <size>0x17a</size>
         <input_file_ref idref="fl-8"/>
      </object_component>
      <object_component id="oc-47f">
         <name>.text:can_init</name>
         <load_address>0x13000</load_address>
         <run_address>0x13000</run_address>
         <size>0x142</size>
         <input_file_ref idref="fl-8"/>
      </object_component>
      <object_component id="oc-87b">
         <name>.text:_setfield</name>
         <load_address>0x13142</load_address>
         <run_address>0x13142</run_address>
         <size>0x132</size>
         <input_file_ref idref="fl-66"/>
      </object_component>
      <object_component id="oc-536">
         <name>.text:adc_bus2_read_convert</name>
         <load_address>0x13274</load_address>
         <run_address>0x13274</run_address>
         <size>0x12e</size>
         <input_file_ref idref="fl-6"/>
      </object_component>
      <object_component id="oc-4c0">
         <name>.text:LTC1_Read_Voltages</name>
         <load_address>0x133a2</load_address>
         <run_address>0x133a2</run_address>
         <size>0x124</size>
         <input_file_ref idref="fl-3"/>
      </object_component>
      <object_component id="oc-4ba">
         <name>.text:LTC2_Read_Voltages</name>
         <load_address>0x134c6</load_address>
         <run_address>0x134c6</run_address>
         <size>0x124</size>
         <input_file_ref idref="fl-3"/>
      </object_component>
      <object_component id="oc-4b4">
         <name>.text:LTC3_Read_Voltages</name>
         <load_address>0x135ea</load_address>
         <run_address>0x135ea</run_address>
         <size>0x124</size>
         <input_file_ref idref="fl-3"/>
      </object_component>
      <object_component id="oc-67f">
         <name>.text:Calculate_PEC</name>
         <load_address>0x1370e</load_address>
         <run_address>0x1370e</run_address>
         <size>0x118</size>
         <input_file_ref idref="fl-3"/>
      </object_component>
      <object_component id="oc-768">
         <name>.text:adc_bus2_zselfcal</name>
         <load_address>0x13826</load_address>
         <run_address>0x13826</run_address>
         <size>0x110</size>
         <input_file_ref idref="fl-6"/>
      </object_component>
      <object_component id="oc-51e">
         <name>.text:adc_bus1_read_convert</name>
         <load_address>0x13936</load_address>
         <run_address>0x13936</run_address>
         <size>0x10c</size>
         <input_file_ref idref="fl-6"/>
      </object_component>
      <object_component id="oc-461">
         <name>.text:io_init</name>
         <load_address>0x13a42</load_address>
         <run_address>0x13a42</run_address>
         <size>0x10a</size>
         <input_file_ref idref="fl-b"/>
      </object_component>
      <object_component id="oc-4a8">
         <name>.text:LTC3_Read_Flags</name>
         <load_address>0x13b4c</load_address>
         <run_address>0x13b4c</run_address>
         <size>0x104</size>
         <input_file_ref idref="fl-3"/>
      </object_component>
      <object_component id="oc-49b">
         <name>.text:LTC2_Read_Flags</name>
         <load_address>0x13c50</load_address>
         <run_address>0x13c50</run_address>
         <size>0x102</size>
         <input_file_ref idref="fl-3"/>
      </object_component>
      <object_component id="oc-48e">
         <name>.text:LTC1_Read_Flags</name>
         <load_address>0x13d52</load_address>
         <run_address>0x13d52</run_address>
         <size>0x100</size>
         <input_file_ref idref="fl-3"/>
      </object_component>
      <object_component id="oc-71a">
         <name>.text:adc_bus1_zselfcal</name>
         <load_address>0x13e52</load_address>
         <run_address>0x13e52</run_address>
         <size>0xfa</size>
         <input_file_ref idref="fl-6"/>
      </object_component>
      <object_component id="oc-487">
         <name>.text:LTC1_Read_Config</name>
         <load_address>0x13f4c</load_address>
         <run_address>0x13f4c</run_address>
         <size>0xe4</size>
         <input_file_ref idref="fl-3"/>
      </object_component>
      <object_component id="oc-494">
         <name>.text:LTC2_Read_Config</name>
         <load_address>0x14030</load_address>
         <run_address>0x14030</run_address>
         <size>0xe4</size>
         <input_file_ref idref="fl-3"/>
      </object_component>
      <object_component id="oc-4a1">
         <name>.text:LTC3_Read_Config</name>
         <load_address>0x14114</load_address>
         <run_address>0x14114</run_address>
         <size>0xe4</size>
         <input_file_ref idref="fl-3"/>
      </object_component>
      <object_component id="oc-8cb">
         <name>.text:_pproc_diouxp</name>
         <load_address>0x141f8</load_address>
         <run_address>0x141f8</run_address>
         <size>0xd8</size>
         <input_file_ref idref="fl-66"/>
      </object_component>
      <object_component id="oc-54e">
         <name>.text:adc_misc_read_convert</name>
         <load_address>0x142d0</load_address>
         <run_address>0x142d0</run_address>
         <size>0xd4</size>
         <input_file_ref idref="fl-6"/>
      </object_component>
      <object_component id="oc-7db">
         <name>.text:__TI_printfi_minimal</name>
         <load_address>0x143a4</load_address>
         <run_address>0x143a4</run_address>
         <size>0xd2</size>
         <input_file_ref idref="fl-66"/>
      </object_component>
      <object_component id="oc-6df">
         <name>.text:LTC1_Config</name>
         <load_address>0x14476</load_address>
         <run_address>0x14476</run_address>
         <size>0xce</size>
         <input_file_ref idref="fl-3"/>
      </object_component>
      <object_component id="oc-6ec">
         <name>.text:LTC2_Config</name>
         <load_address>0x14544</load_address>
         <run_address>0x14544</run_address>
         <size>0xce</size>
         <input_file_ref idref="fl-3"/>
      </object_component>
      <object_component id="oc-6f9">
         <name>.text:LTC3_Config</name>
         <load_address>0x14612</load_address>
         <run_address>0x14612</run_address>
         <size>0xce</size>
         <input_file_ref idref="fl-3"/>
      </object_component>
      <object_component id="oc-5a1">
         <name>.text</name>
         <load_address>0x146e0</load_address>
         <run_address>0x146e0</run_address>
         <size>0xb8</size>
         <input_file_ref idref="fl-3e"/>
      </object_component>
      <object_component id="oc-8b8">
         <name>.text:__TI_renormd</name>
         <load_address>0x14798</load_address>
         <run_address>0x14798</run_address>
         <size>0xb2</size>
         <input_file_ref idref="fl-70"/>
      </object_component>
      <object_component id="oc-4de">
         <name>.text:adc_bus2_contconv_start</name>
         <load_address>0x1484a</load_address>
         <run_address>0x1484a</run_address>
         <size>0xa2</size>
         <input_file_ref idref="fl-6"/>
      </object_component>
      <object_component id="oc-542">
         <name>.text:adc_misc_init</name>
         <load_address>0x148ec</load_address>
         <run_address>0x148ec</run_address>
         <size>0x94</size>
         <input_file_ref idref="fl-6"/>
      </object_component>
      <object_component id="oc-4d8">
         <name>.text:adc_bus1_contconv_start</name>
         <load_address>0x14980</load_address>
         <run_address>0x14980</run_address>
         <size>0x92</size>
         <input_file_ref idref="fl-6"/>
      </object_component>
      <object_component id="oc-58c">
         <name>.text</name>
         <load_address>0x14a12</load_address>
         <run_address>0x14a12</run_address>
         <size>0x90</size>
         <input_file_ref idref="fl-3b"/>
      </object_component>
      <object_component id="oc-586">
         <name>.text:__mspabi_cvtdf</name>
         <load_address>0x14aa2</load_address>
         <run_address>0x14aa2</run_address>
         <size>0x8c</size>
         <input_file_ref idref="fl-32"/>
      </object_component>
      <object_component id="oc-3c1">
         <name>.text:_auto_init_hold_wdt</name>
         <load_address>0x14b2e</load_address>
         <run_address>0x14b2e</run_address>
         <size>0x82</size>
         <input_file_ref idref="fl-6a"/>
      </object_component>
      <object_component id="oc-57a">
         <name>.text:__mspabi_cvtfd</name>
         <load_address>0x14bb0</load_address>
         <run_address>0x14bb0</run_address>
         <size>0x6e</size>
         <input_file_ref idref="fl-33"/>
      </object_component>
      <object_component id="oc-74f">
         <name>.text:adc_bus2_reset</name>
         <load_address>0x14c1e</load_address>
         <run_address>0x14c1e</run_address>
         <size>0x6c</size>
         <input_file_ref idref="fl-6"/>
      </object_component>
      <object_component id="oc-38a">
         <name>.text:__TI_decompress_rle_core</name>
         <load_address>0x14c8a</load_address>
         <run_address>0x14c8a</run_address>
         <size>0x68</size>
         <input_file_ref idref="fl-30"/>
      </object_component>
      <object_component id="oc-5d2">
         <name>.text</name>
         <load_address>0x14cf2</load_address>
         <run_address>0x14cf2</run_address>
         <size>0x68</size>
         <input_file_ref idref="fl-3f"/>
      </object_component>
      <object_component id="oc-434">
         <name>.text:copy_in</name>
         <load_address>0x14d5a</load_address>
         <run_address>0x14d5a</run_address>
         <size>0x66</size>
         <input_file_ref idref="fl-6b"/>
      </object_component>
      <object_component id="oc-701">
         <name>.text:adc_bus1_reset</name>
         <load_address>0x14dc0</load_address>
         <run_address>0x14dc0</run_address>
         <size>0x64</size>
         <input_file_ref idref="fl-6"/>
      </object_component>
      <object_component id="oc-55a">
         <name>.text:adc_bus2_idle</name>
         <load_address>0x14e24</load_address>
         <run_address>0x14e24</run_address>
         <size>0x56</size>
         <input_file_ref idref="fl-6"/>
      </object_component>
      <object_component id="oc-646">
         <name>.text:SetVCoreUp</name>
         <load_address>0x14e7a</load_address>
         <run_address>0x14e7a</run_address>
         <size>0x54</size>
         <input_file_ref idref="fl-a"/>
      </object_component>
      <object_component id="oc-6cc">
         <name>.text:can_write_tx</name>
         <load_address>0x14ece</load_address>
         <run_address>0x14ece</run_address>
         <size>0x52</size>
         <input_file_ref idref="fl-8"/>
      </object_component>
      <object_component id="oc-554">
         <name>.text:adc_bus1_idle</name>
         <load_address>0x14f20</load_address>
         <run_address>0x14f20</run_address>
         <size>0x4e</size>
         <input_file_ref idref="fl-6"/>
      </object_component>
      <object_component id="oc-518">
         <name>.text:adc_bus1_selfcal</name>
         <load_address>0x14f6e</load_address>
         <run_address>0x14f6e</run_address>
         <size>0x4a</size>
         <input_file_ref idref="fl-6"/>
      </object_component>
      <object_component id="oc-530">
         <name>.text:adc_bus2_selfcal</name>
         <load_address>0x14fb8</load_address>
         <run_address>0x14fb8</run_address>
         <size>0x4a</size>
         <input_file_ref idref="fl-6"/>
      </object_component>
      <object_component id="oc-56d">
         <name>.text</name>
         <load_address>0x15002</load_address>
         <run_address>0x15002</run_address>
         <size>0x4a</size>
         <input_file_ref idref="fl-3a"/>
      </object_component>
      <object_component id="oc-575">
         <name>.text</name>
         <load_address>0x1504c</load_address>
         <run_address>0x1504c</run_address>
         <size>0x4a</size>
         <input_file_ref idref="fl-3d"/>
      </object_component>
      <object_component id="oc-881">
         <name>.text:_pproc_str</name>
         <load_address>0x15096</load_address>
         <run_address>0x15096</run_address>
         <size>0x48</size>
         <input_file_ref idref="fl-66"/>
      </object_component>
      <object_component id="oc-5cc">
         <name>.text:sprintf</name>
         <load_address>0x150de</load_address>
         <run_address>0x150de</run_address>
         <size>0x44</size>
         <input_file_ref idref="fl-62"/>
      </object_component>
      <object_component id="oc-4ae">
         <name>.text:adc_misc_contconv_start</name>
         <load_address>0x15122</load_address>
         <run_address>0x15122</run_address>
         <size>0x40</size>
         <input_file_ref idref="fl-6"/>
      </object_component>
      <object_component id="oc-669">
         <name>.text:can_write</name>
         <load_address>0x15162</load_address>
         <run_address>0x15162</run_address>
         <size>0x40</size>
         <input_file_ref idref="fl-8"/>
      </object_component>
      <object_component id="oc-7c4">
         <name>.text:can_read</name>
         <load_address>0x151a2</load_address>
         <run_address>0x151a2</run_address>
         <size>0x3e</size>
         <input_file_ref idref="fl-8"/>
      </object_component>
      <object_component id="oc-79f">
         <name>.text:l_asr_const</name>
         <load_address>0x151e0</load_address>
         <run_address>0x151e0</run_address>
         <size>0x3e</size>
         <input_file_ref idref="fl-69"/>
      </object_component>
      <object_component id="oc-747">
         <name>.text:l_lsl_const</name>
         <load_address>0x1521e</load_address>
         <run_address>0x1521e</run_address>
         <size>0x3e</size>
         <input_file_ref idref="fl-54"/>
      </object_component>
      <object_component id="oc-858">
         <name>.text:l_lsr_const</name>
         <load_address>0x1525c</load_address>
         <run_address>0x1525c</run_address>
         <size>0x3e</size>
         <input_file_ref idref="fl-55"/>
      </object_component>
      <object_component id="oc-652">
         <name>.text:Clock_XT2_Init</name>
         <load_address>0x1529a</load_address>
         <run_address>0x1529a</run_address>
         <size>0x3a</size>
         <input_file_ref idref="fl-a"/>
      </object_component>
      <object_component id="oc-45b">
         <name>.text:delay</name>
         <load_address>0x152d4</load_address>
         <run_address>0x152d4</run_address>
         <size>0x38</size>
         <input_file_ref idref="fl-2"/>
      </object_component>
      <object_component id="oc-639">
         <name>.text:delay</name>
         <load_address>0x1530c</load_address>
         <run_address>0x1530c</run_address>
         <size>0x38</size>
         <input_file_ref idref="fl-b"/>
      </object_component>
      <object_component id="oc-597">
         <name>.text</name>
         <load_address>0x15344</load_address>
         <run_address>0x15344</run_address>
         <size>0x36</size>
         <input_file_ref idref="fl-3c"/>
      </object_component>
      <object_component id="oc-64c">
         <name>.text:Clock_XT1_Init</name>
         <load_address>0x1537a</load_address>
         <run_address>0x1537a</run_address>
         <size>0x32</size>
         <input_file_ref idref="fl-a"/>
      </object_component>
      <object_component id="oc-4d2">
         <name>.text:LTC1_Start_ADCCV</name>
         <load_address>0x153ac</load_address>
         <run_address>0x153ac</run_address>
         <size>0x32</size>
         <input_file_ref idref="fl-3"/>
      </object_component>
      <object_component id="oc-4cc">
         <name>.text:LTC2_Start_ADCCV</name>
         <load_address>0x153de</load_address>
         <run_address>0x153de</run_address>
         <size>0x32</size>
         <input_file_ref idref="fl-3"/>
      </object_component>
      <object_component id="oc-4c6">
         <name>.text:LTC3_Start_ADCCV</name>
         <load_address>0x15410</load_address>
         <run_address>0x15410</run_address>
         <size>0x32</size>
         <input_file_ref idref="fl-3"/>
      </object_component>
      <object_component id="oc-5a7">
         <name>.text:__mspabi_subd</name>
         <load_address>0x15442</load_address>
         <run_address>0x15442</run_address>
         <size>0x32</size>
         <input_file_ref idref="fl-64"/>
      </object_component>
      <object_component id="oc-662">
         <name>.text:can_mod</name>
         <load_address>0x15474</load_address>
         <run_address>0x15474</run_address>
         <size>0x32</size>
         <input_file_ref idref="fl-8"/>
      </object_component>
      <object_component id="oc-4fa">
         <name>.text:LTC1_init</name>
         <load_address>0x154a6</load_address>
         <run_address>0x154a6</run_address>
         <size>0x30</size>
         <input_file_ref idref="fl-3"/>
      </object_component>
      <object_component id="oc-500">
         <name>.text:LTC2_init</name>
         <load_address>0x154d6</load_address>
         <run_address>0x154d6</run_address>
         <size>0x30</size>
         <input_file_ref idref="fl-3"/>
      </object_component>
      <object_component id="oc-506">
         <name>.text:LTC3_init</name>
         <load_address>0x15506</load_address>
         <run_address>0x15506</run_address>
         <size>0x30</size>
         <input_file_ref idref="fl-3"/>
      </object_component>
      <object_component id="oc-548">
         <name>.text:adc_misc_selfcal</name>
         <load_address>0x15536</load_address>
         <run_address>0x15536</run_address>
         <size>0x2e</size>
         <input_file_ref idref="fl-6"/>
      </object_component>
      <object_component id="oc-6d2">
         <name>.text:can_rts</name>
         <load_address>0x15564</load_address>
         <run_address>0x15564</run_address>
         <size>0x2e</size>
         <input_file_ref idref="fl-8"/>
      </object_component>
      <object_component id="oc-774">
         <name>.text:adc_misc_reset</name>
         <load_address>0x15592</load_address>
         <run_address>0x15592</run_address>
         <size>0x2c</size>
         <input_file_ref idref="fl-6"/>
      </object_component>
      <object_component id="oc-5af">
         <name>.text:can_flag_check</name>
         <load_address>0x155be</load_address>
         <run_address>0x155be</run_address>
         <size>0x2c</size>
         <input_file_ref idref="fl-8"/>
      </object_component>
      <object_component id="oc-5d8">
         <name>.text</name>
         <load_address>0x155ea</load_address>
         <run_address>0x155ea</run_address>
         <size>0x2c</size>
         <input_file_ref idref="fl-34"/>
      </object_component>
      <object_component id="oc-5c5">
         <name>.text:BPS2PC_puts</name>
         <load_address>0x15616</load_address>
         <run_address>0x15616</run_address>
         <size>0x2a</size>
         <input_file_ref idref="fl-5"/>
      </object_component>
      <object_component id="oc-467">
         <name>.text:clock_init</name>
         <load_address>0x15640</load_address>
         <run_address>0x15640</run_address>
         <size>0x28</size>
         <input_file_ref idref="fl-a"/>
      </object_component>
      <object_component id="oc-640">
         <name>.text:Port_Init</name>
         <load_address>0x15668</load_address>
         <run_address>0x15668</run_address>
         <size>0x26</size>
         <input_file_ref idref="fl-a"/>
      </object_component>
      <object_component id="oc-53c">
         <name>.text:adc_misc_spi_init</name>
         <load_address>0x1568e</load_address>
         <run_address>0x1568e</run_address>
         <size>0x26</size>
         <input_file_ref idref="fl-7"/>
      </object_component>
      <object_component id="oc-6d9">
         <name>.text:LTC1SPI_init</name>
         <load_address>0x156b4</load_address>
         <run_address>0x156b4</run_address>
         <size>0x24</size>
         <input_file_ref idref="fl-4"/>
      </object_component>
      <object_component id="oc-6e6">
         <name>.text:LTC2SPI_init</name>
         <load_address>0x156d8</load_address>
         <run_address>0x156d8</run_address>
         <size>0x24</size>
         <input_file_ref idref="fl-4"/>
      </object_component>
      <object_component id="oc-6f3">
         <name>.text:LTC3SPI_init</name>
         <load_address>0x156fc</load_address>
         <run_address>0x156fc</run_address>
         <size>0x24</size>
         <input_file_ref idref="fl-4"/>
      </object_component>
      <object_component id="oc-787">
         <name>.text:adc_misc_fselfcal</name>
         <load_address>0x15720</load_address>
         <run_address>0x15720</run_address>
         <size>0x24</size>
         <input_file_ref idref="fl-6"/>
      </object_component>
      <object_component id="oc-781">
         <name>.text:adc_misc_zselfcal</name>
         <load_address>0x15744</load_address>
         <run_address>0x15744</run_address>
         <size>0x24</size>
         <input_file_ref idref="fl-6"/>
      </object_component>
      <object_component id="oc-5df">
         <name>.text</name>
         <load_address>0x15768</load_address>
         <run_address>0x15768</run_address>
         <size>0x24</size>
         <input_file_ref idref="fl-40"/>
      </object_component>
      <object_component id="oc-85d">
         <name>.text</name>
         <load_address>0x1578c</load_address>
         <run_address>0x1578c</run_address>
         <size>0x24</size>
         <input_file_ref idref="fl-5f"/>
      </object_component>
      <object_component id="oc-473">
         <name>.text:BPS2PC_init</name>
         <load_address>0x157b0</load_address>
         <run_address>0x157b0</run_address>
         <size>0x22</size>
         <input_file_ref idref="fl-5"/>
      </object_component>
      <object_component id="oc-50c">
         <name>.text:adc_bus1_spi_init</name>
         <load_address>0x157d2</load_address>
         <run_address>0x157d2</run_address>
         <size>0x22</size>
         <input_file_ref idref="fl-7"/>
      </object_component>
      <object_component id="oc-524">
         <name>.text:adc_bus2_spi_init</name>
         <load_address>0x157f4</load_address>
         <run_address>0x157f4</run_address>
         <size>0x22</size>
         <input_file_ref idref="fl-7"/>
      </object_component>
      <object_component id="oc-479">
         <name>.text:canspi_init</name>
         <load_address>0x15816</load_address>
         <run_address>0x15816</run_address>
         <size>0x22</size>
         <input_file_ref idref="fl-9"/>
      </object_component>
      <object_component id="oc-7cf">
         <name>.text:_outs</name>
         <load_address>0x15838</load_address>
         <run_address>0x15838</run_address>
         <size>0x20</size>
         <input_file_ref idref="fl-62"/>
      </object_component>
      <object_component id="oc-560">
         <name>.text:adc_misc_idle</name>
         <load_address>0x15858</load_address>
         <run_address>0x15858</run_address>
         <size>0x20</size>
         <input_file_ref idref="fl-6"/>
      </object_component>
      <object_component id="oc-8d1">
         <name>.text:memccpy</name>
         <load_address>0x15878</load_address>
         <run_address>0x15878</run_address>
         <size>0x1e</size>
         <input_file_ref idref="fl-6e"/>
      </object_component>
      <object_component id="oc-75b">
         <name>.text:adc5_status</name>
         <load_address>0x15896</load_address>
         <run_address>0x15896</run_address>
         <size>0x1c</size>
         <input_file_ref idref="fl-6"/>
      </object_component>
      <object_component id="oc-761">
         <name>.text:adc6_status</name>
         <load_address>0x158b2</load_address>
         <run_address>0x158b2</run_address>
         <size>0x1c</size>
         <input_file_ref idref="fl-6"/>
      </object_component>
      <object_component id="oc-77a">
         <name>.text:adc_misc_status</name>
         <load_address>0x158ce</load_address>
         <run_address>0x158ce</run_address>
         <size>0x1c</size>
         <input_file_ref idref="fl-6"/>
      </object_component>
      <object_component id="oc-6c6">
         <name>.text:can_read_status</name>
         <load_address>0x158ea</load_address>
         <run_address>0x158ea</run_address>
         <size>0x1c</size>
         <input_file_ref idref="fl-8"/>
      </object_component>
      <object_component id="oc-41e">
         <name>.text:strcmp</name>
         <load_address>0x15906</load_address>
         <run_address>0x15906</run_address>
         <size>0x1c</size>
         <input_file_ref idref="fl-63"/>
      </object_component>
      <object_component id="oc-46d">
         <name>.text:timerB_init</name>
         <load_address>0x15922</load_address>
         <run_address>0x15922</run_address>
         <size>0x1a</size>
         <input_file_ref idref="fl-2"/>
      </object_component>
      <object_component id="oc-40c">
         <name>.text:BPS2PC_getchar</name>
         <load_address>0x1593c</load_address>
         <run_address>0x1593c</run_address>
         <size>0x18</size>
         <input_file_ref idref="fl-5"/>
      </object_component>
      <object_component id="oc-707">
         <name>.text:adc1_status</name>
         <load_address>0x15954</load_address>
         <run_address>0x15954</run_address>
         <size>0x18</size>
         <input_file_ref idref="fl-6"/>
      </object_component>
      <object_component id="oc-70d">
         <name>.text:adc2_status</name>
         <load_address>0x1596c</load_address>
         <run_address>0x1596c</run_address>
         <size>0x18</size>
         <input_file_ref idref="fl-6"/>
      </object_component>
      <object_component id="oc-713">
         <name>.text:adc3_status</name>
         <load_address>0x15984</load_address>
         <run_address>0x15984</run_address>
         <size>0x18</size>
         <input_file_ref idref="fl-6"/>
      </object_component>
      <object_component id="oc-755">
         <name>.text:adc4_status</name>
         <load_address>0x1599c</load_address>
         <run_address>0x1599c</run_address>
         <size>0x18</size>
         <input_file_ref idref="fl-6"/>
      </object_component>
      <object_component id="oc-609">
         <name>.text</name>
         <load_address>0x159b4</load_address>
         <run_address>0x159b4</run_address>
         <size>0x18</size>
         <input_file_ref idref="fl-5c"/>
      </object_component>
      <object_component id="oc-65c">
         <name>.text:can_reset</name>
         <load_address>0x159cc</load_address>
         <run_address>0x159cc</run_address>
         <size>0x16</size>
         <input_file_ref idref="fl-8"/>
      </object_component>
      <object_component id="oc-8c4">
         <name>.text:memset</name>
         <load_address>0x159e2</load_address>
         <run_address>0x159e2</run_address>
         <size>0x16</size>
         <input_file_ref idref="fl-6f"/>
      </object_component>
      <object_component id="oc-7e4">
         <name>.text</name>
         <load_address>0x159f8</load_address>
         <run_address>0x159f8</run_address>
         <size>0x16</size>
         <input_file_ref idref="fl-35"/>
      </object_component>
      <object_component id="oc-7d5">
         <name>.text:_outc</name>
         <load_address>0x15a0e</load_address>
         <run_address>0x15a0e</run_address>
         <size>0x14</size>
         <input_file_ref idref="fl-62"/>
      </object_component>
      <object_component id="oc-37d">
         <name>.text:memcpy</name>
         <load_address>0x15a22</load_address>
         <run_address>0x15a22</run_address>
         <size>0x14</size>
         <input_file_ref idref="fl-57"/>
      </object_component>
      <object_component id="oc-6d">
         <name>.text:decompress:none:__TI_decompress_none</name>
         <load_address>0x15a36</load_address>
         <run_address>0x15a36</run_address>
         <size>0x12</size>
         <input_file_ref idref="fl-2f"/>
      </object_component>
      <object_component id="oc-679">
         <name>.text:LTC1_exchange</name>
         <load_address>0x15a48</load_address>
         <run_address>0x15a48</run_address>
         <size>0x10</size>
         <input_file_ref idref="fl-4"/>
      </object_component>
      <object_component id="oc-673">
         <name>.text:LTC1_transmit</name>
         <load_address>0x15a58</load_address>
         <run_address>0x15a58</run_address>
         <size>0x10</size>
         <input_file_ref idref="fl-4"/>
      </object_component>
      <object_component id="oc-68f">
         <name>.text:LTC2_exchange</name>
         <load_address>0x15a68</load_address>
         <run_address>0x15a68</run_address>
         <size>0x10</size>
         <input_file_ref idref="fl-4"/>
      </object_component>
      <object_component id="oc-689">
         <name>.text:LTC2_transmit</name>
         <load_address>0x15a78</load_address>
         <run_address>0x15a78</run_address>
         <size>0x10</size>
         <input_file_ref idref="fl-4"/>
      </object_component>
      <object_component id="oc-69e">
         <name>.text:LTC3_exchange</name>
         <load_address>0x15a88</load_address>
         <run_address>0x15a88</run_address>
         <size>0x10</size>
         <input_file_ref idref="fl-4"/>
      </object_component>
      <object_component id="oc-698">
         <name>.text:LTC3_transmit</name>
         <load_address>0x15a98</load_address>
         <run_address>0x15a98</run_address>
         <size>0x10</size>
         <input_file_ref idref="fl-4"/>
      </object_component>
      <object_component id="oc-741">
         <name>.text:adc_bus1_exchange</name>
         <load_address>0x15aa8</load_address>
         <run_address>0x15aa8</run_address>
         <size>0x10</size>
         <input_file_ref idref="fl-7"/>
      </object_component>
      <object_component id="oc-6b4">
         <name>.text:adc_bus1_transmit</name>
         <load_address>0x15ab8</load_address>
         <run_address>0x15ab8</run_address>
         <size>0x10</size>
         <input_file_ref idref="fl-7"/>
      </object_component>
      <object_component id="oc-76c">
         <name>.text:adc_bus2_exchange</name>
         <load_address>0x15ac8</load_address>
         <run_address>0x15ac8</run_address>
         <size>0x10</size>
         <input_file_ref idref="fl-7"/>
      </object_component>
      <object_component id="oc-6bb">
         <name>.text:adc_bus2_transmit</name>
         <load_address>0x15ad8</load_address>
         <run_address>0x15ad8</run_address>
         <size>0x10</size>
         <input_file_ref idref="fl-7"/>
      </object_component>
      <object_component id="oc-78e">
         <name>.text:adc_misc_exchange</name>
         <load_address>0x15ae8</load_address>
         <run_address>0x15ae8</run_address>
         <size>0x10</size>
         <input_file_ref idref="fl-7"/>
      </object_component>
      <object_component id="oc-6a7">
         <name>.text:adc_misc_transmit</name>
         <load_address>0x15af8</load_address>
         <run_address>0x15af8</run_address>
         <size>0x10</size>
         <input_file_ref idref="fl-7"/>
      </object_component>
      <object_component id="oc-822">
         <name>.text:canspi_exchange</name>
         <load_address>0x15b08</load_address>
         <run_address>0x15b08</run_address>
         <size>0x10</size>
         <input_file_ref idref="fl-9"/>
      </object_component>
      <object_component id="oc-808">
         <name>.text:canspi_transmit</name>
         <load_address>0x15b18</load_address>
         <run_address>0x15b18</run_address>
         <size>0x10</size>
         <input_file_ref idref="fl-9"/>
      </object_component>
      <object_component id="oc-8b3">
         <name>.text:l_asr</name>
         <load_address>0x15b28</load_address>
         <run_address>0x15b28</run_address>
         <size>0x10</size>
         <input_file_ref idref="fl-69"/>
      </object_component>
      <object_component id="oc-8a9">
         <name>.text:l_lsl</name>
         <load_address>0x15b38</load_address>
         <run_address>0x15b38</run_address>
         <size>0x10</size>
         <input_file_ref idref="fl-54"/>
      </object_component>
      <object_component id="oc-8ae">
         <name>.text:l_lsr</name>
         <load_address>0x15b48</load_address>
         <run_address>0x15b48</run_address>
         <size>0x10</size>
         <input_file_ref idref="fl-55"/>
      </object_component>
      <object_component id="oc-875">
         <name>.text:strlen</name>
         <load_address>0x15b58</load_address>
         <run_address>0x15b58</run_address>
         <size>0xe</size>
         <input_file_ref idref="fl-72"/>
      </object_component>
      <object_component id="oc-415">
         <name>.text:BPS2PC_putchar</name>
         <load_address>0x15b66</load_address>
         <run_address>0x15b66</run_address>
         <size>0xc</size>
         <input_file_ref idref="fl-5"/>
      </object_component>
      <object_component id="oc-4e8">
         <name>.text:abs</name>
         <load_address>0x15b72</load_address>
         <run_address>0x15b72</run_address>
         <size>0xa</size>
         <input_file_ref idref="fl-2c"/>
      </object_component>
      <object_component id="oc-3e3">
         <name>.text:abort</name>
         <load_address>0x15b7c</load_address>
         <run_address>0x15b7c</run_address>
         <size>0x6</size>
         <input_file_ref idref="fl-37"/>
      </object_component>
      <object_component id="oc-73">
         <name>.text:decompress:rle24:__TI_decompress_rle24</name>
         <load_address>0x15b82</load_address>
         <run_address>0x15b82</run_address>
         <size>0x6</size>
         <input_file_ref idref="fl-30"/>
      </object_component>
      <object_component id="oc-3bb">
         <name>.text:_system_pre_init</name>
         <load_address>0x15b88</load_address>
         <run_address>0x15b88</run_address>
         <size>0x4</size>
         <input_file_ref idref="fl-61"/>
      </object_component>
      <object_component id="oc-43a">
         <name>.text:_system_post_cinit</name>
         <load_address>0x15b8c</load_address>
         <run_address>0x15b8c</run_address>
         <size>0x2</size>
         <input_file_ref idref="fl-71"/>
      </object_component>
      <object_component id="oc-3a2">
         <name>.text:_isr:USCI_A3_ISR</name>
         <load_address>0x5c00</load_address>
         <run_address>0x5c00</run_address>
         <size>0xe2</size>
         <input_file_ref idref="fl-2"/>
      </object_component>
      <object_component id="oc-39c">
         <name>.text:_isr:P2_ISR</name>
         <load_address>0x5ce2</load_address>
         <run_address>0x5ce2</run_address>
         <size>0x60</size>
         <input_file_ref idref="fl-2"/>
      </object_component>
      <object_component id="oc-3a8">
         <name>.text:_isr:P1_ISR</name>
         <load_address>0x5d42</load_address>
         <run_address>0x5d42</run_address>
         <size>0x36</size>
         <input_file_ref idref="fl-2"/>
      </object_component>
      <object_component id="oc-3ae">
         <name>.text:_isr:timer_b0</name>
         <load_address>0x5d78</load_address>
         <run_address>0x5d78</run_address>
         <size>0x2c</size>
         <input_file_ref idref="fl-2"/>
      </object_component>
      <object_component id="oc-ad">
         <name>.text:_isr:_c_int00_noargs_noexit</name>
         <load_address>0x5da4</load_address>
         <run_address>0x5da4</run_address>
         <size>0x1a</size>
         <input_file_ref idref="fl-2e"/>
      </object_component>
      <object_component id="oc-397">
         <name>.text:_isr:__TI_ISR_TRAP</name>
         <load_address>0x5dbe</load_address>
         <run_address>0x5dbe</run_address>
         <size>0x8</size>
         <input_file_ref idref="fl-53"/>
      </object_component>
      <object_component id="oc-960">
         <name>.cinit..data.load</name>
         <load_address>0x5fc0</load_address>
         <run_address>0x5fc0</run_address>
         <size>0x63</size>
      </object_component>
      <object_component id="oc-95f">
         <name>.cinit..bss.load</name>
         <load_address>0x6024</load_address>
         <run_address>0x6024</run_address>
         <size>0xb</size>
      </object_component>
      <object_component id="oc-95d">
         <name>__TI_handler_table</name>
         <load_address>0x6030</load_address>
         <run_address>0x6030</run_address>
         <size>0x8</size>
      </object_component>
      <object_component id="oc-95e">
         <name>__TI_cinit_table</name>
         <load_address>0x6038</load_address>
         <run_address>0x6038</run_address>
         <size>0x10</size>
      </object_component>
      <object_component id="oc-5c4">
         <name>.const:.string</name>
         <load_address>0x5dc6</load_address>
         <run_address>0x5dc6</run_address>
         <size>0x1a6</size>
         <input_file_ref idref="fl-2"/>
      </object_component>
      <object_component id="oc-79a">
         <name>.const:.string:TCHECK$68</name>
         <load_address>0x5f6c</load_address>
         <run_address>0x5f6c</run_address>
         <size>0x23</size>
         <input_file_ref idref="fl-6"/>
      </object_component>
      <object_component id="oc-8ca">
         <name>.const:.string</name>
         <load_address>0x5f90</load_address>
         <run_address>0x5f90</run_address>
         <size>0x14</size>
         <input_file_ref idref="fl-66"/>
      </object_component>
      <object_component id="oc-670">
         <name>.const</name>
         <load_address>0x5fa4</load_address>
         <run_address>0x5fa4</run_address>
         <size>0xb</size>
         <input_file_ref idref="fl-3"/>
      </object_component>
      <object_component id="oc-815">
         <name>.const:.string:$P$T0$1</name>
         <load_address>0x5fb0</load_address>
         <run_address>0x5fb0</run_address>
         <size>0x8</size>
         <input_file_ref idref="fl-3"/>
      </object_component>
      <object_component id="oc-79b">
         <name>.const:.string:VRCHECK$69</name>
         <load_address>0x5fb8</load_address>
         <run_address>0x5fb8</run_address>
         <size>0x7</size>
         <input_file_ref idref="fl-6"/>
      </object_component>
      <object_component id="oc-8f7">
         <name>.binit</name>
         <load_address>0x5c00</load_address>
         <run_address>0x5c00</run_address>
         <size>0x0</size>
      </object_component>
      <object_component id="oc-79">
         <name>.int41</name>
         <load_address>0xffd2</load_address>
         <run_address>0xffd2</run_address>
         <size>0x2</size>
         <input_file_ref idref="fl-41"/>
      </object_component>
      <object_component id="oc-7a">
         <name>.int42</name>
         <load_address>0xffd4</load_address>
         <run_address>0xffd4</run_address>
         <size>0x2</size>
         <input_file_ref idref="fl-2"/>
      </object_component>
      <object_component id="oc-7b">
         <name>.int43</name>
         <load_address>0xffd6</load_address>
         <run_address>0xffd6</run_address>
         <size>0x2</size>
         <input_file_ref idref="fl-42"/>
      </object_component>
      <object_component id="oc-7c">
         <name>.int44</name>
         <load_address>0xffd8</load_address>
         <run_address>0xffd8</run_address>
         <size>0x2</size>
         <input_file_ref idref="fl-2"/>
      </object_component>
      <object_component id="oc-7d">
         <name>.int45</name>
         <load_address>0xffda</load_address>
         <run_address>0xffda</run_address>
         <size>0x2</size>
         <input_file_ref idref="fl-43"/>
      </object_component>
      <object_component id="oc-7e">
         <name>.int46</name>
         <load_address>0xffdc</load_address>
         <run_address>0xffdc</run_address>
         <size>0x2</size>
         <input_file_ref idref="fl-44"/>
      </object_component>
      <object_component id="oc-7f">
         <name>.int47</name>
         <load_address>0xffde</load_address>
         <run_address>0xffde</run_address>
         <size>0x2</size>
         <input_file_ref idref="fl-2"/>
      </object_component>
      <object_component id="oc-80">
         <name>.int48</name>
         <load_address>0xffe0</load_address>
         <run_address>0xffe0</run_address>
         <size>0x2</size>
         <input_file_ref idref="fl-45"/>
      </object_component>
      <object_component id="oc-81">
         <name>.int49</name>
         <load_address>0xffe2</load_address>
         <run_address>0xffe2</run_address>
         <size>0x2</size>
         <input_file_ref idref="fl-46"/>
      </object_component>
      <object_component id="oc-82">
         <name>.int50</name>
         <load_address>0xffe4</load_address>
         <run_address>0xffe4</run_address>
         <size>0x2</size>
         <input_file_ref idref="fl-47"/>
      </object_component>
      <object_component id="oc-83">
         <name>.int51</name>
         <load_address>0xffe6</load_address>
         <run_address>0xffe6</run_address>
         <size>0x2</size>
         <input_file_ref idref="fl-48"/>
      </object_component>
      <object_component id="oc-84">
         <name>.int52</name>
         <load_address>0xffe8</load_address>
         <run_address>0xffe8</run_address>
         <size>0x2</size>
         <input_file_ref idref="fl-49"/>
      </object_component>
      <object_component id="oc-85">
         <name>.int53</name>
         <load_address>0xffea</load_address>
         <run_address>0xffea</run_address>
         <size>0x2</size>
         <input_file_ref idref="fl-4a"/>
      </object_component>
      <object_component id="oc-86">
         <name>.int54</name>
[...]
         <name>can_write</name>
         <value>0x15162</value>
         <object_component_ref idref="oc-669"/>
      </symbol>
      <symbol id="sm-916">
         <name>canspi_init</name>
         <value>0x15816</value>
         <object_component_ref idref="oc-479"/>
      </symbol>
      <symbol id="sm-917">
         <name>canspi_transmit</name>
         <value>0x15b18</value>
         <object_component_ref idref="oc-808"/>
      </symbol>
      <symbol id="sm-918">
         <name>canspi_exchange</name>
         <value>0x15b08</value>
         <object_component_ref idref="oc-822"/>
      </symbol>
      <symbol id="sm-947">
         <name>clock_init</name>
         <value>0x15640</value>
         <object_component_ref idref="oc-467"/>
      </symbol>
      <symbol id="sm-948">
         <name>Port_Init</name>
         <value>0x15668</value>
         <object_component_ref idref="oc-640"/>
      </symbol>
      <symbol id="sm-949">
         <name>Clock_XT2_Init</name>
         <value>0x1529a</value>
         <object_component_ref idref="oc-652"/>
      </symbol>
      <symbol id="sm-94a">
         <name>Clock_XT1_Init</name>
         <value>0x1537a</value>
         <object_component_ref idref="oc-64c"/>
      </symbol>
      <symbol id="sm-94b">
         <name>SetVCoreUp</name>
         <value>0x14e7a</value>
         <object_component_ref idref="oc-646"/>
      </symbol>
      <symbol id="sm-963">
         <name>io_init</name>
         <value>0x13a42</value>
         <object_component_ref idref="oc-461"/>
      </symbol>
      <symbol id="sm-96d">
         <name>abs</name>
         <value>0x15b72</value>
         <object_component_ref idref="oc-4e8"/>
      </symbol>
      <symbol id="sm-975">
         <name>_stack</name>
         <value>0x5b60</value>
         <object_component_ref idref="oc-379"/>
      </symbol>
      <symbol id="sm-976">
         <name>_reset_vector</name>
         <value>0xfffe</value>
         <object_component_ref idref="oc-37c"/>
      </symbol>
      <symbol id="sm-980">
         <name>_c_int00_noargs_noexit</name>
         <value>0x5da4</value>
         <object_component_ref idref="oc-ad"/>
      </symbol>
      <symbol id="sm-996">
         <name>__TI_decompress_none</name>
         <value>0x15a36</value>
         <object_component_ref idref="oc-6d"/>
      </symbol>
      <symbol id="sm-9b8">
         <name>__TI_decompress_rle24</name>
         <value>0x15b82</value>
         <object_component_ref idref="oc-73"/>
      </symbol>
      <symbol id="sm-9d1">
         <name>__mspabi_cvtdf</name>
         <value>0x14aa2</value>
         <object_component_ref idref="oc-586"/>
      </symbol>
      <symbol id="sm-9df">
         <name>__mspabi_cvtfd</name>
         <value>0x14bb0</value>
         <object_component_ref idref="oc-57a"/>
      </symbol>
      <symbol id="sm-9eb">
         <name>__mspabi_remi</name>
         <value>0x155ea</value>
         <object_component_ref idref="oc-5d8"/>
      </symbol>
      <symbol id="sm-9ec">
         <name>__mspabi_divi</name>
         <value>0x155ea</value>
         <object_component_ref idref="oc-5d8"/>
      </symbol>
      <symbol id="sm-9f6">
         <name>__mspabi_remu</name>
         <value>0x159f8</value>
         <object_component_ref idref="oc-7e4"/>
      </symbol>
      <symbol id="sm-9f7">
         <name>__mspabi_divu</name>
         <value>0x159f8</value>
         <object_component_ref idref="oc-7e4"/>
      </symbol>
      <symbol id="sm-a1d">
         <name>__mspabi_divd</name>
         <value>0x127a8</value>
         <object_component_ref idref="oc-5e4"/>
      </symbol>
      <symbol id="sm-a27">
         <name>C$$EXIT</name>
         <value>0x15b7c</value>
         <object_component_ref idref="oc-3e3"/>
      </symbol>
      <symbol id="sm-a28">
         <name>abort</name>
         <value>0x15b7c</value>
         <object_component_ref idref="oc-3e3"/>
      </symbol>
      <symbol id="sm-a44">
         <name>__TI_frcdivd</name>
         <value>0x11658</value>
         <object_component_ref idref="oc-7eb"/>
      </symbol>
      <symbol id="sm-a54">
         <name>__mspabi_cmpf</name>
         <value>0x15002</value>
         <object_component_ref idref="oc-56d"/>
      </symbol>
      <symbol id="sm-a66">
         <name>__mspabi_divf</name>
         <value>0x14a12</value>
         <object_component_ref idref="oc-58c"/>
      </symbol>
      <symbol id="sm-a73">
         <name>__mspabi_fltif</name>
         <value>0x15344</value>
         <object_component_ref idref="oc-597"/>
      </symbol>
      <symbol id="sm-a82">
         <name>__mspabi_fltlif</name>
         <value>0x1504c</value>
         <object_component_ref idref="oc-575"/>
      </symbol>
      <symbol id="sm-a99">
         <name>__mspabi_mpyf</name>
         <value>0x146e0</value>
         <object_component_ref idref="oc-5a1"/>
      </symbol>
      <symbol id="sm-aab">
         <name>__mspabi_fixfi</name>
         <value>0x14cf2</value>
         <object_component_ref idref="oc-5d2"/>
      </symbol>
      <symbol id="sm-ab6">
         <name>__mspabi_fltuf</name>
         <value>0x15768</value>
         <object_component_ref idref="oc-5df"/>
      </symbol>
      <symbol id="sm-ab9">
         <name>__TI_int41</name>
         <value>0xffd2</value>
         <object_component_ref idref="oc-79"/>
      </symbol>
      <symbol id="sm-abc">
         <name>__TI_int43</name>
         <value>0xffd6</value>
         <object_component_ref idref="oc-7b"/>
      </symbol>
      <symbol id="sm-abf">
         <name>__TI_int45</name>
         <value>0xffda</value>
         <object_component_ref idref="oc-7d"/>
      </symbol>
      <symbol id="sm-ac2">
         <name>__TI_int46</name>
         <value>0xffdc</value>
         <object_component_ref idref="oc-7e"/>
      </symbol>
      <symbol id="sm-ac5">
         <name>__TI_int48</name>
         <value>0xffe0</value>
         <object_component_ref idref="oc-80"/>
      </symbol>
      <symbol id="sm-ac8">
         <name>__TI_int49</name>
         <value>0xffe2</value>
         <object_component_ref idref="oc-81"/>
      </symbol>
      <symbol id="sm-acb">
         <name>__TI_int50</name>
         <value>0xffe4</value>
         <object_component_ref idref="oc-82"/>
      </symbol>
      <symbol id="sm-ace">
         <name>__TI_int51</name>
         <value>0xffe6</value>
         <object_component_ref idref="oc-83"/>
      </symbol>
      <symbol id="sm-ad1">
         <name>__TI_int52</name>
         <value>0xffe8</value>
         <object_component_ref idref="oc-84"/>
      </symbol>
      <symbol id="sm-ad4">
         <name>__TI_int53</name>
         <value>0xffea</value>
         <object_component_ref idref="oc-85"/>
      </symbol>
      <symbol id="sm-ad7">
         <name>__TI_int54</name>
         <value>0xffec</value>
         <object_component_ref idref="oc-86"/>
      </symbol>
      <symbol id="sm-ada">
         <name>__TI_int55</name>
         <value>0xffee</value>
         <object_component_ref idref="oc-87"/>
      </symbol>
      <symbol id="sm-add">
         <name>__TI_int56</name>
         <value>0xfff0</value>
         <object_component_ref idref="oc-88"/>
      </symbol>
      <symbol id="sm-ae0">
         <name>__TI_int57</name>
         <value>0xfff2</value>
         <object_component_ref idref="oc-89"/>
      </symbol>
      <symbol id="sm-ae3">
         <name>__TI_int58</name>
         <value>0xfff4</value>
         <object_component_ref idref="oc-8a"/>
      </symbol>
      <symbol id="sm-ae6">
         <name>__TI_int59</name>
         <value>0xfff6</value>
         <object_component_ref idref="oc-8b"/>
      </symbol>
      <symbol id="sm-ae9">
         <name>__TI_int61</name>
         <value>0xfffa</value>
         <object_component_ref idref="oc-8d"/>
      </symbol>
      <symbol id="sm-aec">
         <name>__TI_int62</name>
         <value>0xfffc</value>
         <object_component_ref idref="oc-8e"/>
      </symbol>
      <symbol id="sm-af4">
         <name>__TI_ISR_TRAP</name>
         <value>0x5dbe</value>
         <object_component_ref idref="oc-397"/>
      </symbol>
      <symbol id="sm-b04">
         <name>__mspabi_slll_9</name>
         <value>0x15236</value>
         <object_component_ref idref="oc-747"/>
      </symbol>
      <symbol id="sm-b05">
         <name>__mspabi_slll_8</name>
         <value>0x1523a</value>
         <object_component_ref idref="oc-747"/>
      </symbol>
      <symbol id="sm-b06">
         <name>__mspabi_slll_7</name>
         <value>0x1523e</value>
         <object_component_ref idref="oc-747"/>
      </symbol>
      <symbol id="sm-b07">
         <name>__mspabi_slll_6</name>
         <value>0x15242</value>
         <object_component_ref idref="oc-747"/>
      </symbol>
      <symbol id="sm-b08">
         <name>__mspabi_slll_5</name>
         <value>0x15246</value>
         <object_component_ref idref="oc-747"/>
      </symbol>
      <symbol id="sm-b09">
         <name>__mspabi_slll_4</name>
         <value>0x1524a</value>
         <object_component_ref idref="oc-747"/>
      </symbol>
      <symbol id="sm-b0a">
         <name>__mspabi_slll_3</name>
         <value>0x1524e</value>
         <object_component_ref idref="oc-747"/>
      </symbol>
      <symbol id="sm-b0b">
         <name>__mspabi_slll_2</name>
         <value>0x15252</value>
         <object_component_ref idref="oc-747"/>
      </symbol>
      <symbol id="sm-b0c">
         <name>__mspabi_slll_1</name>
         <value>0x15256</value>
         <object_component_ref idref="oc-747"/>
      </symbol>
      <symbol id="sm-b0d">
         <name>__mspabi_slll</name>
         <value>0x15b38</value>
         <object_component_ref idref="oc-8a9"/>
      </symbol>
      <symbol id="sm-b0e">
         <name>__mspabi_slll_15</name>
         <value>0x1521e</value>
         <object_component_ref idref="oc-747"/>
      </symbol>
      <symbol id="sm-b0f">
         <name>__mspabi_slll_14</name>
         <value>0x15222</value>
         <object_component_ref idref="oc-747"/>
      </symbol>
      <symbol id="sm-b10">
         <name>__mspabi_slll_13</name>
         <value>0x15226</value>
         <object_component_ref idref="oc-747"/>
      </symbol>
      <symbol id="sm-b11">
         <name>__mspabi_slll_12</name>
         <value>0x1522a</value>
         <object_component_ref idref="oc-747"/>
      </symbol>
      <symbol id="sm-b12">
         <name>__mspabi_slll_11</name>
         <value>0x1522e</value>
         <object_component_ref idref="oc-747"/>
      </symbol>
      <symbol id="sm-b13">
         <name>__mspabi_slll_10</name>
         <value>0x15232</value>
         <object_component_ref idref="oc-747"/>
      </symbol>
      <symbol id="sm-b23">
         <name>__mspabi_srll_8</name>
         <value>0x15278</value>
         <object_component_ref idref="oc-858"/>
      </symbol>
      <symbol id="sm-b24">
         <name>__mspabi_srll_9</name>
         <value>0x15274</value>
         <object_component_ref idref="oc-858"/>
      </symbol>
      <symbol id="sm-b25">
         <name>__mspabi_srll_6</name>
         <value>0x15280</value>
         <object_component_ref idref="oc-858"/>
      </symbol>
      <symbol id="sm-b26">
         <name>__mspabi_srll_7</name>
         <value>0x1527c</value>
         <object_component_ref idref="oc-858"/>
      </symbol>
      <symbol id="sm-b27">
         <name>__mspabi_srll_4</name>
         <value>0x15288</value>
         <object_component_ref idref="oc-858"/>
      </symbol>
      <symbol id="sm-b28">
         <name>__mspabi_srll_5</name>
         <value>0x15284</value>
         <object_component_ref idref="oc-858"/>
      </symbol>
      <symbol id="sm-b29">
         <name>__mspabi_srll_2</name>
         <value>0x15290</value>
         <object_component_ref idref="oc-858"/>
      </symbol>
      <symbol id="sm-b2a">
         <name>__mspabi_srll_3</name>
         <value>0x1528c</value>
         <object_component_ref idref="oc-858"/>
      </symbol>
      <symbol id="sm-b2b">
         <name>__mspabi_srll_1</name>
         <value>0x15294</value>
         <object_component_ref idref="oc-858"/>
      </symbol>
      <symbol id="sm-b2c">
         <name>__mspabi_srll_15</name>
         <value>0x1525c</value>
         <object_component_ref idref="oc-858"/>
      </symbol>
      <symbol id="sm-b2d">
         <name>__mspabi_srll_14</name>
         <value>0x15260</value>
         <object_component_ref idref="oc-858"/>
      </symbol>
      <symbol id="sm-b2e">
         <name>__mspabi_srll_13</name>
         <value>0x15264</value>
         <object_component_ref idref="oc-858"/>
      </symbol>
      <symbol id="sm-b2f">
         <name>__mspabi_srll_12</name>
         <value>0x15268</value>
         <object_component_ref idref="oc-858"/>
      </symbol>
      <symbol id="sm-b30">
         <name>__mspabi_srll_11</name>
         <value>0x1526c</value>
         <object_component_ref idref="oc-858"/>
      </symbol>
      <symbol id="sm-b31">
         <name>__mspabi_srll_10</name>
         <value>0x15270</value>
         <object_component_ref idref="oc-858"/>
      </symbol>
      <symbol id="sm-b32">
         <name>__mspabi_srll</name>
         <value>0x15b48</value>
         <object_component_ref idref="oc-8ae"/>
      </symbol>
      <symbol id="sm-b46">
         <name>memcpy</name>
         <value>0x15a22</value>
         <object_component_ref idref="oc-37d"/>
      </symbol>
      <symbol id="sm-b67">
         <name>__mspabi_mpyd</name>
         <value>0x1209a</value>
         <object_component_ref idref="oc-580"/>
      </symbol>
      <symbol id="sm-b71">
         <name>__mspabi_mpyi_f5hw</name>
         <value>0x159b4</value>
         <object_component_ref idref="oc-609"/>
      </symbol>
      <symbol id="sm-b7b">
         <name>__mspabi_mpyl_f5hw</name>
         <value>0x1578c</value>
         <object_component_ref idref="oc-85d"/>
      </symbol>
      <symbol id="sm-b85">
         <name>_system_pre_init</name>
         <value>0x15b88</value>
         <object_component_ref idref="oc-3bb"/>
      </symbol>
      <symbol id="sm-ba6">
         <name>sprintf</name>
         <value>0x150de</value>
         <object_component_ref idref="oc-5cc"/>
      </symbol>
      <symbol id="sm-bb4">
         <name>strcmp</name>
         <value>0x15906</value>
         <object_component_ref idref="oc-41e"/>
      </symbol>
      <symbol id="sm-bbd">
         <name>__mspabi_subd</name>
         <value>0x15442</value>
         <object_component_ref idref="oc-5a7"/>
      </symbol>
      <symbol id="sm-c10">
         <name>__TI_printfi_minimal</name>
         <value>0x143a4</value>
         <object_component_ref idref="oc-7db"/>
      </symbol>
      <symbol id="sm-c32">
         <name>__mspabi_addd</name>
         <value>0x11dc2</value>
         <object_component_ref idref="oc-7bc"/>
      </symbol>
      <symbol id="sm-c43">
         <name>__mspabi_sral</name>
         <value>0x15b28</value>
         <object_component_ref idref="oc-8b3"/>
      </symbol>
      <symbol id="sm-c44">
         <name>__mspabi_sral_15</name>
         <value>0x151e0</value>
         <object_component_ref idref="oc-79f"/>
      </symbol>
      <symbol id="sm-c45">
         <name>__mspabi_sral_14</name>
         <value>0x151e4</value>
         <object_component_ref idref="oc-79f"/>
      </symbol>
      <symbol id="sm-c46">
         <name>__mspabi_sral_13</name>
         <value>0x151e8</value>
         <object_component_ref idref="oc-79f"/>
      </symbol>
      <symbol id="sm-c47">
         <name>__mspabi_sral_12</name>
         <value>0x151ec</value>
         <object_component_ref idref="oc-79f"/>
      </symbol>
      <symbol id="sm-c48">
         <name>__mspabi_sral_11</name>
         <value>0x151f0</value>
         <object_component_ref idref="oc-79f"/>
      </symbol>
      <symbol id="sm-c49">
         <name>__mspabi_sral_10</name>
         <value>0x151f4</value>
         <object_component_ref idref="oc-79f"/>
      </symbol>
      <symbol id="sm-c4a">
         <name>__mspabi_sral_8</name>
         <value>0x151fc</value>
         <object_component_ref idref="oc-79f"/>
      </symbol>
      <symbol id="sm-c4b">
         <name>__mspabi_sral_9</name>
         <value>0x151f8</value>
         <object_component_ref idref="oc-79f"/>
      </symbol>
      <symbol id="sm-c4c">
         <name>__mspabi_sral_6</name>
         <value>0x15204</value>
         <object_component_ref idref="oc-79f"/>
      </symbol>
      <symbol id="sm-c4d">
         <name>__mspabi_sral_7</name>
         <value>0x15200</value>
         <object_component_ref idref="oc-79f"/>
      </symbol>
      <symbol id="sm-c4e">
         <name>__mspabi_sral_4</name>
         <value>0x1520c</value>
         <object_component_ref idref="oc-79f"/>
      </symbol>
      <symbol id="sm-c4f">
         <name>__mspabi_sral_5</name>
         <value>0x15208</value>
         <object_component_ref idref="oc-79f"/>
      </symbol>
      <symbol id="sm-c50">
         <name>__mspabi_sral_2</name>
         <value>0x15214</value>
         <object_component_ref idref="oc-79f"/>
      </symbol>
      <symbol id="sm-c51">
         <name>__mspabi_sral_3</name>
         <value>0x15210</value>
         <object_component_ref idref="oc-79f"/>
      </symbol>
      <symbol id="sm-c52">
         <name>__mspabi_sral_1</name>
         <value>0x15218</value>
         <object_component_ref idref="oc-79f"/>
      </symbol>
      <symbol id="sm-c74">
         <name>_auto_init_hold_wdt</name>
         <value>0x14b2e</value>
         <object_component_ref idref="oc-3c1"/>
      </symbol>
      <symbol id="sm-c8a">
         <name>copy_in</name>
         <value>0x14d5a</value>
         <object_component_ref idref="oc-434"/>
      </symbol>
      <symbol id="sm-cab">
         <name>__TI_frcaddd</name>
         <value>0x1231c</value>
         <object_component_ref idref="oc-868"/>
      </symbol>
      <symbol id="sm-cbc">
         <name>__TI_frcmpyd</name>
         <value>0x11ade</value>
         <object_component_ref idref="oc-7aa"/>
      </symbol>
      <symbol id="sm-ccb">
         <name>memccpy</name>
         <value>0x15878</value>
         <object_component_ref idref="oc-8d1"/>
      </symbol>
      <symbol id="sm-cd9">
         <name>memset</name>
         <value>0x159e2</value>
         <object_component_ref idref="oc-8c4"/>
      </symbol>
      <symbol id="sm-ced">
         <name>__TI_renormd</name>
         <value>0x14798</value>
         <object_component_ref idref="oc-8b8"/>
      </symbol>
      <symbol id="sm-cf6">
         <name>_system_post_cinit</name>
         <value>0x15b8c</value>
         <object_component_ref idref="oc-43a"/>
      </symbol>
      <symbol id="sm-d03">
         <name>strlen</name>
         <value>0x15b58</value>
         <object_component_ref idref="oc-875"/>
      </symbol>
      <symbol id="sm-d05">
         <name>__TI_BINIT_Base</name>
         <value>0x0</value>
      </symbol>
      <symbol id="sm-d06">
         <name>__TI_BINIT_Limit</name>
         <value>0x0</value>
      </symbol>
      <symbol id="sm-d07">
         <name>__TI_INITARRAY_Base</name>
         <value>0x0</value>
      </symbol>
      <symbol id="sm-d08">
         <name>__TI_INITARRAY_Limit</name>
         <value>0x0</value>
      </symbol>
   </symbol_table>
   <title>Link successful</title>
</link_info>
