******************************************************************************
                  MSP430 Linker PC v15.12.3                    
******************************************************************************
>> Linked Fri Jul 22 12:08:14 2016

OUTPUT FILE NAME:   <BPS_Simulator.out>
ENTRY POINT SYMBOL: "_c_int00_noargs_noexit"  address: 00005d12


MEMORY CONFIGURATION

         name            origin    length      used     unused   attr    fill
----------------------  --------  ---------  --------  --------  ----  --------
  SFR                   00000000   00000010  00000000  00000010  RWIX
  PERIPHERALS_8BIT      00000010   000000f0  00000000  000000f0  RWIX
  PERIPHERALS_16BIT     00000100   00000100  00000000  00000100  RWIX
  INFOD                 00001800   00000080  00000000  00000080  RWIX
  INFOC                 00001880   00000080  00000000  00000080  RWIX
  INFOB                 00001900   00000080  00000000  00000080  RWIX
  INFOA                 00001980   00000080  00000000  00000080  RWIX
  RAM                   00001c00   00004000  0000034d  00003cb3  RWIX
  FLASH                 00005c00   0000a380  00000306  0000a07a  RWIX
  INT00                 0000ff80   00000002  00000000  00000002  RWIX
  INT01                 0000ff82   00000002  00000000  00000002  RWIX
  INT02                 0000ff84   00000002  00000000  00000002  RWIX
  INT03                 0000ff86   00000002  00000000  00000002  RWIX
  INT04                 0000ff88   00000002  00000000  00000002  RWIX
  INT05                 0000ff8a   00000002  00000000  00000002  RWIX
  INT06                 0000ff8c   00000002  00000000  00000002  RWIX
  INT07                 0000ff8e   00000002  00000000  00000002  RWIX
  INT08                 0000ff90   00000002  00000000  00000002  RWIX
  INT09                 0000ff92   00000002  00000000  00000002  RWIX
  INT10                 0000ff94   00000002  00000000  00000002  RWIX
  INT11                 0000ff96   00000002  00000000  00000002  RWIX
  INT12                 0000ff98   00000002  00000000  00000002  RWIX
  INT13                 0000ff9a   00000002  00000000  00000002  RWIX
  INT14                 0000ff9c   00000002  00000000  00000002  RWIX
  INT15                 0000ff9e   00000002  00000000  00000002  RWIX
  INT16                 0000ffa0   00000002  00000000  00000002  RWIX
  INT17                 0000ffa2   00000002  00000000  00000002  RWIX
  INT18                 0000ffa4   00000002  00000000  00000002  RWIX
  INT19                 0000ffa6   00000002  00000000  00000002  RWIX
  INT20                 0000ffa8   00000002  00000000  00000002  RWIX
  INT21                 0000ffaa   00000002  00000000  00000002  RWIX
  INT22                 0000ffac   00000002  00000000  00000002  RWIX
  INT23                 0000ffae   00000002  00000000  00000002  RWIX
  INT24                 0000ffb0   00000002  00000000  00000002  RWIX
  INT25                 0000ffb2   00000002  00000000  00000002  RWIX
  INT26                 0000ffb4   00000002  00000000  00000002  RWIX
  INT27                 0000ffb6   00000002  00000000  00000002  RWIX
  INT28                 0000ffb8   00000002  00000000  00000002  RWIX
  INT29                 0000ffba   00000002  00000000  00000002  RWIX
  INT30                 0000ffbc   00000002  00000000  00000002  RWIX
  INT31                 0000ffbe   00000002  00000000  00000002  RWIX
  INT32                 0000ffc0   00000002  00000000  00000002  RWIX
  INT33                 0000ffc2   00000002  00000000  00000002  RWIX
  INT34                 0000ffc4   00000002  00000000  00000002  RWIX
  INT35                 0000ffc6   00000002  00000000  00000002  RWIX
  INT36                 0000ffc8   00000002  00000000  00000002  RWIX
  INT37                 0000ffca   00000002  00000000  00000002  RWIX
  INT38                 0000ffcc   00000002  00000000  00000002  RWIX
  INT39                 0000ffce   00000002  00000000  00000002  RWIX
  INT40                 0000ffd0   00000002  00000000  00000002  RWIX
  INT41                 0000ffd2   00000002  00000002  00000000  RWIX
  INT42                 0000ffd4   00000002  00000002  00000000  RWIX
  INT43                 0000ffd6   00000002  00000002  00000000  RWIX
  INT44                 0000ffd8   00000002  00000002  00000000  RWIX
  INT45                 0000ffda   00000002  00000002  00000000  RWIX
  INT46                 0000ffdc   00000002  00000002  00000000  RWIX
  INT47                 0000ffde   00000002  00000002  00000000  RWIX
  INT48                 0000ffe0   00000002  00000002  00000000  RWIX
  INT49                 0000ffe2   00000002  00000002  00000000  RWIX
  INT50                 0000ffe4   00000002  00000002  00000000  RWIX
  INT51                 0000ffe6   00000002  00000002  00000000  RWIX
  INT52                 0000ffe8   00000002  00000002  00000000  RWIX
  INT53                 0000ffea   00000002  00000002  00000000  RWIX
  INT54                 0000ffec   00000002  00000002  00000000  RWIX
  INT55                 0000ffee   00000002  00000002  00000000  RWIX
  INT56                 0000fff0   00000002  00000002  00000000  RWIX
  INT57                 0000fff2   00000002  00000002  00000000  RWIX
  INT58                 0000fff4   00000002  00000002  00000000  RWIX
  INT59                 0000fff6   00000002  00000002  00000000  RWIX
  INT60                 0000fff8   00000002  00000002  00000000  RWIX
  INT61                 0000fffa   00000002  00000002  00000000  RWIX
  INT62                 0000fffc   00000002  00000002  00000000  RWIX
  RESET                 0000fffe   00000002  00000002  00000000  RWIX
  FLASH2                00010000   00035c00  00005310  000308f0  RWIX


SECTION ALLOCATION MAP

 output                                  attributes/
section   page    origin      length       input sections
--------  ----  ----------  ----------   ----------------
.bss       0    00001c00    0000022f     UNINITIALIZED
                  00001c00    000000a0     (.common:temperature_adc)
                  00001ca0    0000004e     ad7739_func.obj (.bss)
                  00001cee    0000001e     (.common:buff)
                  00001d0c    0000001e     (.common:command)
                  00001d2a    00000018     (.common:ltc1_CV)
                  00001d42    00000018     (.common:ltc1_cv)
                  00001d5a    00000018     (.common:ltc2_CV)
                  00001d72    00000018     (.common:ltc2_cv)
                  00001d8a    00000018     (.common:ltc3_CV)
                  00001da2    00000018     (.common:ltc3_cv)
                  00001dba    00000010     (.common:buffer)
                  00001dca    0000000c     (.common:can)
                  00001dd6    00000004     (.common:AC_Serial_No)
                  00001dda    00000004     (.common:SIG1)
                  00001dde    00000004     (.common:SIG2)
                  00001de2    00000004     (.common:SIG3)
                  00001de6    00000004     (.common:bat_voltage)
                  00001dea    00000004     (.common:can_FLAGS)
                  00001dee    00000004     (.common:compare_sig)
                  00001df2    00000004     (.common:current)
                  00001df6    00000004     (.common:max_temp)
                  00001dfa    00000004     (.common:max_voltage)
                  00001dfe    00000004     (.common:min_voltage)
                  00001e02    00000004     (.common:temp)
                  00001e06    00000004     (.common:volt)
                  00001e0a    00000002     (.common:cancheck)
                  00001e0c    00000002     (.common:ltc_max)
                  00001e0e    00000002     (.common:ltc_min)
                  00001e10    00000002     (.common:max_temp_idx)
                  00001e12    00000002     (.common:max_v_cell)
                  00001e14    00000002     (.common:min_v_cell)
                  00001e16    00000002     (.common:switches_dif_save)
                  00001e18    00000002     (.common:switches_new)
                  00001e1a    00000002     (.common:switches_out_dif)
                  00001e1c    00000002     (.common:switches_out_new)
                  00001e1e    00000002     (.common:temp1)
                  00001e20    00000002     (.common:temp2)
                  00001e22    00000002     (.common:temp3)
                  00001e24    00000001     (.common:AC_char0)
                  00001e25    00000001     (.common:AC_char1)
                  00001e26    00000001     (.common:AC_char2)
                  00001e27    00000001     (.common:AC_char3)
                  00001e28    00000001     (.common:batt1)
                  00001e29    00000001     (.common:batt2)
                  00001e2a    00000001     (.common:batt3)
                  00001e2b    00000001     (.common:can_CANINTF)
                  00001e2c    00000001     (.common:ch)
                  00001e2d    00000001     (.common:dev)
                  00001e2e    00000001     (.common:i)

.data      0    00001e30    0000007e     UNINITIALIZED
                  00001e30    0000001e     main.obj (.data:batt_current)
                  00001e4e    0000001e     main.obj (.data:batt_temp)
                  00001e6c    0000001e     main.obj (.data:batt_volt)
                  00001e8a    0000001e     main.obj (.data)
                  00001ea8    00000006     can.obj (.data:buf_addr$1)

.stack     0    00005b60    000000a0     UNINITIALIZED
                  00005b60    00000004     rts430x_lc_rd_eabi.lib : boot.obj (.stack)
                  00005b64    0000009c     --HOLE--

.text:_isr 
*          0    00005c00    00000134     
                  00005c00    000000c8     main.obj (.text:_isr:USCI_A3_ISR)
                  00005cc8    0000004a     main.obj (.text:_isr:timer_b0)
                  00005d12    0000001a     rts430x_lc_rd_eabi.lib : boot_special.obj (.text:_isr:_c_int00_noargs_noexit)
                  00005d2c    00000008                            : isr_trap.obj (.text:_isr:__TI_ISR_TRAP)

.cinit     0    00005e9e    00000068     
                  00005e9e    00000044     (.cinit..data.load) [load image, compression = rle]
                  00005ee2    0000000b     (.cinit..bss.load) [load image, compression = rle]
                  00005eed    00000001     --HOLE-- [fill = 0]
                  00005eee    00000008     (__TI_handler_table)
                  00005ef6    00000010     (__TI_cinit_table)

.init_array 
*          0    00005c00    00000000     UNINITIALIZED

.const     0    00005d34    0000016a     
                  00005d34    00000142     main.obj (.const:.string)
                  00005e76    00000014     rts430x_lc_rd_eabi.lib : _printfi_min.obj (.const:.string)
                  00005e8a    0000000b     LTC6803.obj (.const)
                  00005e95    00000001     --HOLE-- [fill = 0]
                  00005e96    00000008     LTC6803.obj (.const:.string:$P$T0$1)

RTC        0    0000ffd2    00000002     
                  0000ffd2    00000002     rts430x_lc_rd_eabi.lib : int41.obj (.int41)

PORT2      0    0000ffd4    00000002     
                  0000ffd4    00000002     rts430x_lc_rd_eabi.lib : int42.obj (.int42)

USCI_B3    0    0000ffd6    00000002     
                  0000ffd6    00000002     rts430x_lc_rd_eabi.lib : int43.obj (.int43)

USCI_A3    0    0000ffd8    00000002     
                  0000ffd8    00000002     main.obj (.int44)

USCI_B1    0    0000ffda    00000002     
                  0000ffda    00000002     rts430x_lc_rd_eabi.lib : int45.obj (.int45)

USCI_A1    0    0000ffdc    00000002     
                  0000ffdc    00000002     rts430x_lc_rd_eabi.lib : int46.obj (.int46)

PORT1      0    0000ffde    00000002     
                  0000ffde    00000002     rts430x_lc_rd_eabi.lib : int47.obj (.int47)

TIMER1_A1 
*          0    0000ffe0    00000002     
                  0000ffe0    00000002     rts430x_lc_rd_eabi.lib : int48.obj (.int48)

TIMER1_A0 
*          0    0000ffe2    00000002     
                  0000ffe2    00000002     rts430x_lc_rd_eabi.lib : int49.obj (.int49)

DMA        0    0000ffe4    00000002     
                  0000ffe4    00000002     rts430x_lc_rd_eabi.lib : int50.obj (.int50)

USCI_B2    0    0000ffe6    00000002     
                  0000ffe6    00000002     rts430x_lc_rd_eabi.lib : int51.obj (.int51)

USCI_A2    0    0000ffe8    00000002     
                  0000ffe8    00000002     rts430x_lc_rd_eabi.lib : int52.obj (.int52)

TIMER0_A1 
*          0    0000ffea    00000002     
                  0000ffea    00000002     rts430x_lc_rd_eabi.lib : int53.obj (.int53)

TIMER0_A0 
*          0    0000ffec    00000002     
                  0000ffec    00000002     rts430x_lc_rd_eabi.lib : int54.obj (.int54)

ADC12      0    0000ffee    00000002     
                  0000ffee    00000002     rts430x_lc_rd_eabi.lib : int55.obj (.int55)

USCI_B0    0    0000fff0    00000002     
                  0000fff0    00000002     rts430x_lc_rd_eabi.lib : int56.obj (.int56)

USCI_A0    0    0000fff2    00000002     
                  0000fff2    00000002     rts430x_lc_rd_eabi.lib : int57.obj (.int57)

WDT        0    0000fff4    00000002     
                  0000fff4    00000002     rts430x_lc_rd_eabi.lib : int58.obj (.int58)

TIMER0_B1 
*          0    0000fff6    00000002     
                  0000fff6    00000002     rts430x_lc_rd_eabi.lib : int59.obj (.int59)

TIMER0_B0 
*          0    0000fff8    00000002     
                  0000fff8    00000002     main.obj (.int60)

UNMI       0    0000fffa    00000002     
                  0000fffa    00000002     rts430x_lc_rd_eabi.lib : int61.obj (.int61)

SYSNMI     0    0000fffc    00000002     
                  0000fffc    00000002     rts430x_lc_rd_eabi.lib : int62.obj (.int62)

.reset     0    0000fffe    00000002     
                  0000fffe    00000002     rts430x_lc_rd_eabi.lib : boot.obj (.reset)

.text      0    00010000    00005310     
                  00010000    000010ec     main.obj (.text:main)
                  000110ec    00000486     rts430x_lc_rd_eabi.lib : frcdivd.obj (.text:__TI_frcdivd)
                  00011572    000002e4                            : frcmpyd.obj (.text:__TI_frcmpyd)
                  00011856    000002d8                            : addd.obj (.text:__mspabi_addd)
                  00011b2e    00000282                            : mpyd.obj (.text:__mspabi_mpyd)
                  00011db0    00000252                            : frcaddd.obj (.text:__TI_frcaddd)
                  00012002    0000023a     can.obj (.text:can_receive)
                  0001223c    00000222     rts430x_lc_rd_eabi.lib : divd.obj (.text:__mspabi_divd)
                  0001245e    00000186     ad7739_func.obj (.text:adc_bus2_init)
                  000125e4    00000174     can.obj (.text:can_transmit)
                  00012758    00000166     ad7739_func.obj (.text:adc_bus1_init)
                  000128be    00000142     can.obj (.text:can_init)
                  00012a00    00000132     rts430x_lc_rd_eabi.lib : _printfi_min.obj (.text:_setfield)
                  00012b32    00000124     LTC6803.obj (.text:LTC1_Read_Voltages)
                  00012c56    00000124     LTC6803.obj (.text:LTC2_Read_Voltages)
                  00012d7a    00000124     LTC6803.obj (.text:LTC3_Read_Voltages)
                  00012e9e    00000118     LTC6803.obj (.text:Calculate_PEC)
                  00012fb6    00000104     ad7739_func.obj (.text:adc_bus2_zselfcal)
                  000130ba    00000104     io_init.obj (.text:io_init)
                  000131be    000000fa     LTC6803.obj (.text:LTC1_Read_Flags)
                  000132b8    000000fa     LTC6803.obj (.text:LTC2_Read_Flags)
                  000133b2    000000fa     LTC6803.obj (.text:LTC3_Read_Flags)
                  000134ac    000000f4     ad7739_func.obj (.text:adc_bus1_zselfcal)
                  000135a0    000000f2     ad7739_func.obj (.text:adc_bus2_read_convert)
                  00013692    000000ea     ad7739_func.obj (.text:adc_bus1_read_convert)
                  0001377c    000000d8     rts430x_lc_rd_eabi.lib : _printfi_min.obj (.text:_pproc_diouxp)
                  00013854    000000d6     LTC6803.obj (.text:LTC1_Read_Config)
                  0001392a    000000d6     LTC6803.obj (.text:LTC2_Read_Config)
                  00013a00    000000d6     LTC6803.obj (.text:LTC3_Read_Config)
                  00013ad6    000000d2     rts430x_lc_rd_eabi.lib : _printfi_min.obj (.text:__TI_printfi_minimal)
                  00013ba8    000000ce     LTC6803.obj (.text:LTC1_Config)
                  00013c76    000000ce     LTC6803.obj (.text:LTC2_Config)
                  00013d44    000000ce     LTC6803.obj (.text:LTC3_Config)
                  00013e12    000000b8     rts430x_lc_rd_eabi.lib : fs_mpy.obj (.text)
                  00013eca    000000b2                            : renormd.obj (.text:__TI_renormd)
                  00013f7c    000000a2     ad7739_func.obj (.text:adc_bus2_contconv_start)
                  0001401e    00000098     ad7739_func.obj (.text:adc_misc_init)
                  000140b6    00000092     ad7739_func.obj (.text:adc_bus1_contconv_start)
                  00014148    0000008c     rts430x_lc_rd_eabi.lib : cvtdf.obj (.text:__mspabi_cvtdf)
                  000141d4    00000082                            : autoinit_wdt.obj (.text:_auto_init_hold_wdt)
                  00014256    00000080                            : fltuld.obj (.text:__mspabi_fltuld)
                  000142d6    0000007c     ad7739_func.obj (.text:adc_misc_read_convert)
                  00014352    0000006e     rts430x_lc_rd_eabi.lib : cvtfd.obj (.text:__mspabi_cvtfd)
                  000143c0    0000006e     LTC6803.obj (.text:get_cell_voltage)
                  0001442e    0000006c     ad7739_func.obj (.text:adc_bus2_reset)
                  0001449a    00000068     rts430x_lc_rd_eabi.lib : copy_decompress_rle.obj (.text:__TI_decompress_rle_core)
                  00014502    00000068                            : fs_toi.obj (.text)
                  0001456a    00000066                            : cpy_tbl.obj (.text:copy_in)
                  000145d0    00000064     ad7739_func.obj (.text:adc_bus1_reset)
                  00014634    00000056     ad7739_func.obj (.text:adc_bus2_idle)
                  0001468a    00000054     clock_init.obj (.text:SetVCoreUp)
                  000146de    00000052     can.obj (.text:can_write_tx)
                  00014730    0000004e     ad7739_func.obj (.text:adc_bus1_idle)
                  0001477e    0000004a     ad7739_func.obj (.text:adc_bus1_selfcal)
                  000147c8    0000004a     ad7739_func.obj (.text:adc_bus2_selfcal)
                  00014812    0000004a     rts430x_lc_rd_eabi.lib : fs_ltof.obj (.text)
                  0001485c    00000048                            : _printfi_min.obj (.text:_pproc_str)
                  000148a4    00000044                            : sprintf.obj (.text:sprintf)
                  000148e8    00000040     ad7739_func.obj (.text:adc_misc_contconv_start)
                  00014928    00000040     can.obj (.text:can_write)
                  00014968    0000003e     can.obj (.text:can_read)
                  000149a6    0000003e     rts430x_lc_rd_eabi.lib : asr32.obj (.text:l_asr_const)
                  000149e4    0000003e                            : lsl32.obj (.text:l_lsl_const)
                  00014a22    0000003e                            : lsr32.obj (.text:l_lsr_const)
                  00014a60    0000003a     clock_init.obj (.text:Clock_XT2_Init)
                  00014a9a    00000038     io_init.obj (.text:delay)
                  00014ad2    00000036     rts430x_lc_rd_eabi.lib : fs_itof.obj (.text)
                  00014b08    00000032     clock_init.obj (.text:Clock_XT1_Init)
                  00014b3a    00000032     LTC6803.obj (.text:LTC1_Start_ADCCV)
                  00014b6c    00000032     LTC6803.obj (.text:LTC2_Start_ADCCV)
                  00014b9e    00000032     LTC6803.obj (.text:LTC3_Start_ADCCV)
                  00014bd0    00000032     rts430x_lc_rd_eabi.lib : subd.obj (.text:__mspabi_subd)
                  00014c02    00000032     can.obj (.text:can_mod)
                  00014c34    00000032     rts430x_lc_rd_eabi.lib : fs_ultof.obj (.text)
                  00014c66    00000030     LTC6803.obj (.text:LTC1_init)
                  00014c96    00000030     LTC6803.obj (.text:LTC2_init)
                  00014cc6    00000030     LTC6803.obj (.text:LTC3_init)
                  00014cf6    0000002e     ad7739_func.obj (.text:adc_misc_selfcal)
                  00014d24    0000002e     can.obj (.text:can_rts)
                  00014d52    0000002c     ad7739_func.obj (.text:adc_misc_reset)
                  00014d7e    0000002c     can.obj (.text:can_flag_check)
                  00014daa    0000002c     rts430x_lc_rd_eabi.lib : div16s.obj (.text)
                  00014dd6    0000002a     RS232.obj (.text:BPS2PC_puts)
                  00014e00    00000028     clock_init.obj (.text:clock_init)
                  00014e28    00000026     clock_init.obj (.text:Port_Init)
                  00014e4e    00000026     adcspi.obj (.text:adc_misc_spi_init)
                  00014e74    00000024     LTCspi.obj (.text:LTC1SPI_init)
                  00014e98    00000024     LTCspi.obj (.text:LTC2SPI_init)
                  00014ebc    00000024     LTCspi.obj (.text:LTC3SPI_init)
                  00014ee0    00000024     ad7739_func.obj (.text:adc_misc_fselfcal)
                  00014f04    00000024     ad7739_func.obj (.text:adc_misc_zselfcal)
                  00014f28    00000024     rts430x_lc_rd_eabi.lib : mult32_f5hw.obj (.text)
                  00014f4c    00000022     RS232.obj (.text:BPS2PC_init)
                  00014f6e    00000022     adcspi.obj (.text:adc_bus1_spi_init)
                  00014f90    00000022     adcspi.obj (.text:adc_bus2_spi_init)
                  00014fb2    00000022     canspi.obj (.text:canspi_init)
                  00014fd4    00000020     rts430x_lc_rd_eabi.lib : sprintf.obj (.text:_outs)
                  00014ff4    0000001e                            : memccpy.obj (.text:memccpy)
                  00015012    0000001c     ad7739_func.obj (.text:adc5_status)
                  0001502e    0000001c     ad7739_func.obj (.text:adc6_status)
                  0001504a    0000001c     ad7739_func.obj (.text:adc_misc_status)
                  00015066    0000001c     can.obj (.text:can_read_status)
                  00015082    0000001c     rts430x_lc_rd_eabi.lib : strcmp.obj (.text:strcmp)
                  0001509e    0000001a     main.obj (.text:timerB_init)
                  000150b8    00000018     RS232.obj (.text:BPS2PC_getchar)
                  000150d0    00000018     ad7739_func.obj (.text:adc1_status)
                  000150e8    00000018     ad7739_func.obj (.text:adc2_status)
                  00015100    00000018     ad7739_func.obj (.text:adc3_status)
                  00015118    00000018     ad7739_func.obj (.text:adc4_status)
                  00015130    00000018     rts430x_lc_rd_eabi.lib : mult16_f5hw.obj (.text)
                  00015148    00000016     can.obj (.text:can_reset)
                  0001515e    00000016     rts430x_lc_rd_eabi.lib : memset.obj (.text:memset)
                  00015174    00000016                            : div16u.obj (.text)
                  0001518a    00000014                            : sprintf.obj (.text:_outc)
                  0001519e    00000014                            : memcpy.obj (.text:memcpy)
                  000151b2    00000012                            : copy_decompress_none.obj (.text:decompress:none:__TI_decompress_none)
                  000151c4    00000010     LTCspi.obj (.text:LTC1_exchange)
                  000151d4    00000010     LTCspi.obj (.text:LTC1_transmit)
                  000151e4    00000010     LTCspi.obj (.text:LTC2_exchange)
                  000151f4    00000010     LTCspi.obj (.text:LTC2_transmit)
                  00015204    00000010     LTCspi.obj (.text:LTC3_exchange)
                  00015214    00000010     LTCspi.obj (.text:LTC3_transmit)
                  00015224    00000010     adcspi.obj (.text:adc_bus1_exchange)
                  00015234    00000010     adcspi.obj (.text:adc_bus1_transmit)
                  00015244    00000010     adcspi.obj (.text:adc_bus2_exchange)
                  00015254    00000010     adcspi.obj (.text:adc_bus2_transmit)
                  00015264    00000010     adcspi.obj (.text:adc_misc_exchange)
                  00015274    00000010     adcspi.obj (.text:adc_misc_transmit)
                  00015284    00000010     canspi.obj (.text:canspi_exchange)
                  00015294    00000010     canspi.obj (.text:canspi_transmit)
                  000152a4    00000010     rts430x_lc_rd_eabi.lib : asr32.obj (.text:l_asr)
                  000152b4    00000010                            : lsl32.obj (.text:l_lsl)
                  000152c4    00000010                            : lsr32.obj (.text:l_lsr)
                  000152d4    0000000e                            : strlen.obj (.text:strlen)
                  000152e2    0000000c     RS232.obj (.text:BPS2PC_putchar)
                  000152ee    0000000a     rts430x_lc_rd_eabi.lib : abs.obj (.text:abs)
                  000152f8    00000006                            : fltud.obj (.text:__mspabi_fltud)
                  000152fe    00000006                            : exit.obj (.text:abort)
                  00015304    00000006                            : copy_decompress_rle.obj (.text:decompress:rle24:__TI_decompress_rle24)
                  0001530a    00000004                            : pre_init.obj (.text:_system_pre_init)
                  0001530e    00000002                            : startup.obj (.text:_system_post_cinit)

MODULE SUMMARY

       Module                     code    ro data   rw data
       ------                     ----    -------   -------
    .\
       main.obj                   4632    326       501    
       LTC6803.obj                3570    19        72     
       ad7739_func.obj            3238    0         78     
       can.obj                    1662    0         34     
       io_init.obj                316     0         0      
       clock_init.obj             270     0         0      
       LTCspi.obj                 204     0         0      
       adcspi.obj                 202     0         0      
       RS232.obj                  112     0         0      
       canspi.obj                 66      0         0      
    +--+--------------------------+-------+---------+---------+
       Total:                     14272   345       685    
                                                           
    C:\ti\ccsv6\tools\compiler\msp430_15.12.3.LTS\lib\rts430x_lc_rd_eabi.lib
       frcdivd.obj                1158    0         0      
       _printfi_min.obj           804     20        0      
       frcmpyd.obj                740     0         0      
       addd.obj                   728     0         0      
       mpyd.obj                   642     0         0      
       frcaddd.obj                594     0         0      
       divd.obj                   546     0         0      
       fs_mpy.obj                 184     0         0      
       renormd.obj                178     0         0      
       cvtdf.obj                  140     0         0      
       autoinit_wdt.obj           130     0         0      
       fltuld.obj                 128     0         0      
       sprintf.obj                120     0         0      
       copy_decompress_rle.obj    110     0         0      
       cvtfd.obj                  110     0         0      
       fs_toi.obj                 104     0         0      
       cpy_tbl.obj                102     0         0      
       asr32.obj                  78      0         0      
       lsl32.obj                  78      0         0      
       lsr32.obj                  78      0         0      
       fs_ltof.obj                74      0         0      
       fs_itof.obj                54      0         0      
       fs_ultof.obj               50      0         0      
       subd.obj                   50      0         0      
       div16s.obj                 44      0         0      
       mult32_f5hw.obj            36      0         0      
       memccpy.obj                30      0         0      
       strcmp.obj                 28      0         0      
       boot_special.obj           26      0         0      
       mult16_f5hw.obj            24      0         0      
       div16u.obj                 22      0         0      
       memset.obj                 22      0         0      
       memcpy.obj                 20      0         0      
       copy_decompress_none.obj   18      0         0      
       strlen.obj                 14      0         0      
       abs.obj                    10      0         0      
       isr_trap.obj               8       0         0      
       exit.obj                   6       0         0      
       fltud.obj                  6       0         0      
       pre_init.obj               4       0         0      
       boot.obj                   0       2         0      
       int41.obj                  0       2         0      
       int42.obj                  0       2         0      
       int43.obj                  0       2         0      
       int45.obj                  0       2         0      
       int46.obj                  0       2         0      
       int47.obj                  0       2         0      
       int48.obj                  0       2         0      
       int49.obj                  0       2         0      
       int50.obj                  0       2         0      
       int51.obj                  0       2         0      
       int52.obj                  0       2         0      
       int53.obj                  0       2         0      
       int54.obj                  0       2         0      
       int55.obj                  0       2         0      
       int56.obj                  0       2         0      
       int57.obj                  0       2         0      
       int58.obj                  0       2         0      
       int59.obj                  0       2         0      
       int61.obj                  0       2         0      
       int62.obj                  0       2         0      
       startup.obj                2       0         0      
    +--+--------------------------+-------+---------+---------+
       Total:                     7300    62        0      
                                                           
       Stack:                     0       0         160    
       Linker Generated:          0       103       0      
    +--+--------------------------+-------+---------+---------+
       Grand Total:               21572   510       845    


LINKER GENERATED COPY TABLES

__TI_cinit_table @ 00005ef6 records: 2, size/record: 8, table size: 16
	.data: load addr=00005e9e, load size=00000044 bytes, run addr=00001e30, run size=0000007e bytes, compression=rle
	.bss: load addr=00005ee2, load size=0000000b bytes, run addr=00001c00, run size=0000022f bytes, compression=rle


LINKER GENERATED HANDLER TABLE

__TI_handler_table @ 00005eee records: 2, size/record: 4, table size: 8
	index: 0, handler: __TI_decompress_rle24
	index: 1, handler: __TI_decompress_none


GLOBAL SYMBOLS: SORTED ALPHABETICALLY BY Name 

address   name                    
-------   ----                    
00001dd6  AC_Serial_No            
00001e24  AC_char0                
00001e25  AC_char1                
00001e26  AC_char2                
00001e27  AC_char3                
00000700  ADC12CTL0               
00000701  ADC12CTL0_H             
00000700  ADC12CTL0_L             
00000702  ADC12CTL1               
00000703  ADC12CTL1_H             
00000702  ADC12CTL1_L             
00000704  ADC12CTL2               
00000705  ADC12CTL2_H             
00000704  ADC12CTL2_L             
0000070c  ADC12IE                 
0000070d  ADC12IE_H               
0000070c  ADC12IE_L               
0000070a  ADC12IFG                
0000070b  ADC12IFG_H              
0000070a  ADC12IFG_L              
0000070e  ADC12IV                 
0000070f  ADC12IV_H               
0000070e  ADC12IV_L               
00000710  ADC12MCTL0              
00000711  ADC12MCTL1              
0000071a  ADC12MCTL10             
0000071b  ADC12MCTL11             
0000071c  ADC12MCTL12             
0000071d  ADC12MCTL13             
0000071e  ADC12MCTL14             
0000071f  ADC12MCTL15             
00000712  ADC12MCTL2              
00000713  ADC12MCTL3              
00000714  ADC12MCTL4              
00000715  ADC12MCTL5              
00000716  ADC12MCTL6              
00000717  ADC12MCTL7              
00000718  ADC12MCTL8              
00000719  ADC12MCTL9              
00000720  ADC12MEM0               
00000721  ADC12MEM0_H             
00000720  ADC12MEM0_L             
00000722  ADC12MEM1               
00000734  ADC12MEM10              
00000735  ADC12MEM10_H            
00000734  ADC12MEM10_L            
00000736  ADC12MEM11              
00000737  ADC12MEM11_H            
00000736  ADC12MEM11_L            
00000738  ADC12MEM12              
00000739  ADC12MEM12_H            
00000738  ADC12MEM12_L            
0000073a  ADC12MEM13              
0000073b  ADC12MEM13_H            
0000073a  ADC12MEM13_L            
0000073c  ADC12MEM14              
0000073d  ADC12MEM14_H            
0000073c  ADC12MEM14_L            
0000073e  ADC12MEM15              
0000073f  ADC12MEM15_H            
0000073e  ADC12MEM15_L            
00000723  ADC12MEM1_H             
00000722  ADC12MEM1_L             
00000724  ADC12MEM2               
00000725  ADC12MEM2_H             
00000724  ADC12MEM2_L             
00000726  ADC12MEM3               
00000727  ADC12MEM3_H             
00000726  ADC12MEM3_L             
00000728  ADC12MEM4               
00000729  ADC12MEM4_H             
00000728  ADC12MEM4_L             
0000072a  ADC12MEM5               
0000072b  ADC12MEM5_H             
0000072a  ADC12MEM5_L             
0000072c  ADC12MEM6               
0000072d  ADC12MEM6_H             
0000072c  ADC12MEM6_L             
0000072e  ADC12MEM7               
0000072f  ADC12MEM7_H             
0000072e  ADC12MEM7_L             
00000730  ADC12MEM8               
00000731  ADC12MEM8_H             
00000730  ADC12MEM8_L             
00000732  ADC12MEM9               
00000733  ADC12MEM9_H             
00000732  ADC12MEM9_L             
000150b8  BPS2PC_getchar          
00014f4c  BPS2PC_init             
000152e2  BPS2PC_putchar          
00014dd6  BPS2PC_puts             
000152fe  C$$EXIT                 
00000150  CRCDI                   
00000152  CRCDIRB                 
00000153  CRCDIRB_H               
00000152  CRCDIRB_L               
00000151  CRCDI_H                 
00000150  CRCDI_L                 
00000154  CRCINIRES               
00000155  CRCINIRES_H             
00000154  CRCINIRES_L             
00000156  CRCRESR                 
00000157  CRCRESR_H               
00000156  CRCRESR_L               
00012e9e  Calculate_PEC           
00014b08  Clock_XT1_Init          
00014a60  Clock_XT2_Init          
00000510  DMA0CTL                 
00000511  DMA0CTL_H               
00000510  DMA0CTL_L               
00000516  DMA0DA                  
00000518  DMA0DAH                 
00000516  DMA0DAL                 
00000512  DMA0SA                  
00000514  DMA0SAH                 
00000512  DMA0SAL                 
0000051a  DMA0SZ                  
00000520  DMA1CTL                 
00000521  DMA1CTL_H               
00000520  DMA1CTL_L               
00000526  DMA1DA                  
00000528  DMA1DAH                 
00000526  DMA1DAL                 
00000522  DMA1SA                  
00000524  DMA1SAH                 
00000522  DMA1SAL                 
0000052a  DMA1SZ                  
00000530  DMA2CTL                 
00000531  DMA2CTL_H               
00000530  DMA2CTL_L               
00000536  DMA2DA                  
00000538  DMA2DAH                 
00000536  DMA2DAL                 
00000532  DMA2SA                  
00000534  DMA2SAH                 
00000532  DMA2SAL                 
0000053a  DMA2SZ                  
00000500  DMACTL0                 
00000501  DMACTL0_H               
00000500  DMACTL0_L               
00000502  DMACTL1                 
00000503  DMACTL1_H               
00000502  DMACTL1_L               
00000504  DMACTL2                 
00000505  DMACTL2_H               
00000504  DMACTL2_L               
00000506  DMACTL3                 
00000507  DMACTL3_H               
00000506  DMACTL3_L               
00000508  DMACTL4                 
00000509  DMACTL4_H               
00000508  DMACTL4_L               
0000050e  DMAIV                   
0000050f  DMAIV_H                 
0000050e  DMAIV_L                 
00000140  FCTL1                   
00000141  FCTL1_H                 
00000140  FCTL1_L                 
00000144  FCTL3                   
00000145  FCTL3_H                 
00000144  FCTL3_L                 
00000146  FCTL4                   
00000147  FCTL4_H                 
00000146  FCTL4_L                 
00014e74  LTC1SPI_init            
00013ba8  LTC1_Config             
00013854  LTC1_Read_Config        
000131be  LTC1_Read_Flags         
00012b32  LTC1_Read_Voltages      
00014b3a  LTC1_Start_ADCCV        
000151c4  LTC1_exchange           
00014c66  LTC1_init               
000151d4  LTC1_transmit           
00014e98  LTC2SPI_init            
00013c76  LTC2_Config             
0001392a  LTC2_Read_Config        
000132b8  LTC2_Read_Flags         
00012c56  LTC2_Read_Voltages      
00014b6c  LTC2_Start_ADCCV        
000151e4  LTC2_exchange           
00014c96  LTC2_init               
000151f4  LTC2_transmit           
00014ebc  LTC3SPI_init            
00013d44  LTC3_Config             
00013a00  LTC3_Read_Config        
000133b2  LTC3_Read_Flags         
00012d7a  LTC3_Read_Voltages      
00014b9e  LTC3_Start_ADCCV        
00015204  LTC3_exchange           
00014cc6  LTC3_init               
00015214  LTC3_transmit           
000004c4  MAC                     
000004da  MAC32H                  
000004db  MAC32H_H                
000004da  MAC32H_L                
000004d8  MAC32L                  
000004d9  MAC32L_H                
000004d8  MAC32L_L                
000004c6  MACS                    
000004de  MACS32H                 
000004df  MACS32H_H               
000004de  MACS32H_L               
000004dc  MACS32L                 
000004dd  MACS32L_H               
000004dc  MACS32L_L               
000004c7  MACS_H                  
000004c6  MACS_L                  
000004c5  MAC_H                   
000004c4  MAC_L                   
00001e9d  MC_Complete             
000004c0  MPY                     
000004ec  MPY32CTL0               
000004ed  MPY32CTL0_H             
000004ec  MPY32CTL0_L             
000004d2  MPY32H                  
000004d3  MPY32H_H                
000004d2  MPY32H_L                
000004d0  MPY32L                  
000004d1  MPY32L_H                
000004d0  MPY32L_L                
000004c2  MPYS                    
000004d6  MPYS32H                 
000004d7  MPYS32H_H               
000004d6  MPYS32H_L               
000004d4  MPYS32L                 
000004d5  MPYS32L_H               
000004d4  MPYS32L_L               
000004c3  MPYS_H                  
000004c2  MPYS_L                  
000004c1  MPY_H                   
000004c0  MPY_L                   
000004c8  OP2                     
000004e2  OP2H                    
000004e3  OP2H_H                  
000004e2  OP2H_L                  
000004e0  OP2L                    
000004e1  OP2L_H                  
000004e0  OP2L_L                  
000004c9  OP2_H                   
000004c8  OP2_L                   
0000020e  P1IV                    
0000021e  P2IV                    
00000204  PADIR                   
00000205  PADIR_H                 
00000204  PADIR_L                 
00000208  PADS                    
00000209  PADS_H                  
00000208  PADS_L                  
0000021a  PAIE                    
00000218  PAIES                   
00000219  PAIES_H                 
00000218  PAIES_L                 
0000021b  PAIE_H                  
0000021a  PAIE_L                  
0000021c  PAIFG                   
0000021d  PAIFG_H                 
0000021c  PAIFG_L                 
00000200  PAIN                    
00000201  PAIN_H                  
00000200  PAIN_L                  
00000202  PAOUT                   
00000203  PAOUT_H                 
00000202  PAOUT_L                 
00000206  PAREN                   
00000207  PAREN_H                 
00000206  PAREN_L                 
0000020a  PASEL                   
0000020b  PASEL_H                 
0000020a  PASEL_L                 
00000224  PBDIR                   
00000225  PBDIR_H                 
00000224  PBDIR_L                 
00000228  PBDS                    
00000229  PBDS_H                  
00000228  PBDS_L                  
00000220  PBIN                    
00000221  PBIN_H                  
00000220  PBIN_L                  
00000222  PBOUT                   
00000223  PBOUT_H                 
00000222  PBOUT_L                 
00000226  PBREN                   
00000227  PBREN_H                 
00000226  PBREN_L                 
0000022a  PBSEL                   
0000022b  PBSEL_H                 
0000022a  PBSEL_L                 
00000244  PCDIR                   
00000245  PCDIR_H                 
00000244  PCDIR_L                 
00000248  PCDS                    
00000249  PCDS_H                  
00000248  PCDS_L                  
00000240  PCIN                    
00000241  PCIN_H                  
00000240  PCIN_L                  
00000242  PCOUT                   
00000243  PCOUT_H                 
00000242  PCOUT_L                 
00000246  PCREN                   
00000247  PCREN_H                 
00000246  PCREN_L                 
0000024a  PCSEL                   
0000024b  PCSEL_H                 
0000024a  PCSEL_L                 
00001e9c  PC_Complete             
00000264  PDDIR                   
00000265  PDDIR_H                 
00000264  PDDIR_L                 
00000268  PDDS                    
00000269  PDDS_H                  
00000268  PDDS_L                  
00000260  PDIN                    
00000261  PDIN_H                  
00000260  PDIN_L                  
00000262  PDOUT                   
00000263  PDOUT_H                 
00000262  PDOUT_L                 
00000266  PDREN                   
00000267  PDREN_H                 
00000266  PDREN_L                 
0000026a  PDSEL                   
0000026b  PDSEL_H                 
0000026a  PDSEL_L                 
00000284  PEDIR                   
00000285  PEDIR_H                 
00000284  PEDIR_L                 
00000288  PEDS                    
00000289  PEDS_H                  
00000288  PEDS_L                  
00000280  PEIN                    
00000281  PEIN_H                  
00000280  PEIN_L                  
00000282  PEOUT                   
00000283  PEOUT_H                 
00000282  PEOUT_L                 
00000286  PEREN                   
00000287  PEREN_H                 
00000286  PEREN_L                 
0000028a  PESEL                   
0000028b  PESEL_H                 
0000028a  PESEL_L                 
000002a4  PFDIR                   
000002a5  PFDIR_H                 
000002a4  PFDIR_L                 
000002a8  PFDS                    
000002a9  PFDS_H                  
000002a8  PFDS_L                  
000002a0  PFIN                    
000002a1  PFIN_H                  
000002a0  PFIN_L                  
000002a2  PFOUT                   
000002a3  PFOUT_H                 
000002a2  PFOUT_L                 
000002a6  PFREN                   
000002a7  PFREN_H                 
000002a6  PFREN_L                 
000002aa  PFSEL                   
000002ab  PFSEL_H                 
000002aa  PFSEL_L                 
00000324  PJDIR                   
00000325  PJDIR_H                 
00000324  PJDIR_L                 
00000328  PJDS                    
00000329  PJDS_H                  
00000328  PJDS_L                  
00000320  PJIN                    
00000321  PJIN_H                  
00000320  PJIN_L                  
00000322  PJOUT                   
00000323  PJOUT_H                 
00000322  PJOUT_L                 
00000326  PJREN                   
00000327  PJREN_H                 
00000326  PJREN_L                 
00000130  PM5CTL0                 
00000131  PM5CTL0_H               
00000130  PM5CTL0_L               
00000120  PMMCTL0                 
00000121  PMMCTL0_H               
00000120  PMMCTL0_L               
00000122  PMMCTL1                 
00000123  PMMCTL1_H               
00000122  PMMCTL1_L               
0000012c  PMMIFG                  
0000012d  PMMIFG_H                
0000012c  PMMIFG_L                
0000012e  PMMRIE                  
0000012f  PMMRIE_H                
0000012e  PMMRIE_L                
00014e28  Port_Init               
00000158  RCCTL0                  
00000159  RCCTL0_H                
00000158  RCCTL0_L                
000001b0  REFCTL0                 
000001b1  REFCTL0_H               
000001b0  REFCTL0_L               
000004e4  RES0                    
000004e5  RES0_H                  
000004e4  RES0_L                  
000004e6  RES1                    
000004e7  RES1_H                  
000004e6  RES1_L                  
000004e8  RES2                    
000004e9  RES2_H                  
000004e8  RES2_L                  
000004ea  RES3                    
000004eb  RES3_H                  
000004ea  RES3_L                  
000004cc  RESHI                   
000004cd  RESHI_H                 
000004cc  RESHI_L                 
000004ca  RESLO                   
000004cb  RESLO_H                 
000004ca  RESLO_L                 
000004ba  RTCADOWDAY              
000004bb  RTCADOWDAY_H            
000004ba  RTCADOWDAY_L            
000004b8  RTCAMINHR               
000004b9  RTCAMINHR_H             
000004b8  RTCAMINHR_L             
000004a0  RTCCTL01                
000004a1  RTCCTL01_H              
000004a0  RTCCTL01_L              
000004a2  RTCCTL23                
000004a3  RTCCTL23_H              
000004a2  RTCCTL23_L              
000004b4  RTCDATE                 
000004b5  RTCDATE_H               
000004b4  RTCDATE_L               
000004ae  RTCIV                   
000004ac  RTCPS                   
000004a8  RTCPS0CTL               
000004a9  RTCPS0CTL_H             
000004a8  RTCPS0CTL_L             
000004aa  RTCPS1CTL               
000004ab  RTCPS1CTL_H             
000004aa  RTCPS1CTL_L             
000004ad  RTCPS_H                 
000004ac  RTCPS_L                 
000004b0  RTCTIM0                 
000004b1  RTCTIM0_H               
000004b0  RTCTIM0_L               
000004b2  RTCTIM1                 
000004b3  RTCTIM1_H               
000004b2  RTCTIM1_L               
000004b6  RTCYEAR                 
000004b7  RTCYEAR_H               
000004b6  RTCYEAR_L               
00000100  SFRIE1                  
00000101  SFRIE1_H                
00000100  SFRIE1_L                
00000102  SFRIFG1                 
00000103  SFRIFG1_H               
00000102  SFRIFG1_L               
00000104  SFRRPCR                 
00000105  SFRRPCR_H               
00000104  SFRRPCR_L               
00001dda  SIG1                    
00001dde  SIG2                    
00001de2  SIG3                    
000004ce  SUMEXT                  
000004cf  SUMEXT_H                
000004ce  SUMEXT_L                
00000124  SVSMHCTL                
00000125  SVSMHCTL_H              
00000124  SVSMHCTL_L              
00000128  SVSMIO                  
00000129  SVSMIO_H                
00000128  SVSMIO_L                
00000126  SVSMLCTL                
00000127  SVSMLCTL_H              
00000126  SVSMLCTL_L              
00000198  SYSBERRIV               
00000199  SYSBERRIV_H             
00000198  SYSBERRIV_L             
00000182  SYSBSLC                 
00000183  SYSBSLC_H               
00000182  SYSBSLC_L               
00000180  SYSCTL                  
00000181  SYSCTL_H                
00000180  SYSCTL_L                
00000186  SYSJMBC                 
00000187  SYSJMBC_H               
00000186  SYSJMBC_L               
00000188  SYSJMBI0                
00000189  SYSJMBI0_H              
00000188  SYSJMBI0_L              
0000018a  SYSJMBI1                
0000018b  SYSJMBI1_H              
0000018a  SYSJMBI1_L              
0000018c  SYSJMBO0                
0000018d  SYSJMBO0_H              
0000018c  SYSJMBO0_L              
0000018e  SYSJMBO1                
0000018f  SYSJMBO1_H              
0000018e  SYSJMBO1_L              
0000019e  SYSRSTIV                
0000019f  SYSRSTIV_H              
0000019e  SYSRSTIV_L              
0000019c  SYSSNIV                 
0000019d  SYSSNIV_H               
0000019c  SYSSNIV_L               
0000019a  SYSUNIV                 
0000019b  SYSUNIV_H               
0000019a  SYSUNIV_L               
0001468a  SetVCoreUp              
00000352  TA0CCR0                 
00000354  TA0CCR1                 
00000356  TA0CCR2                 
00000358  TA0CCR3                 
0000035a  TA0CCR4                 
00000342  TA0CCTL0                
00000344  TA0CCTL1                
00000346  TA0CCTL2                
00000348  TA0CCTL3                
0000034a  TA0CCTL4                
00000340  TA0CTL                  
00000360  TA0EX0                  
0000036e  TA0IV                   
00000350  TA0R                    
00000392  TA1CCR0                 
00000394  TA1CCR1                 
00000396  TA1CCR2                 
00000382  TA1CCTL0                
00000384  TA1CCTL1                
00000386  TA1CCTL2                
00000380  TA1CTL                  
000003a0  TA1EX0                  
000003ae  TA1IV                   
00000390  TA1R                    
000003d2  TB0CCR0                 
000003d4  TB0CCR1                 
000003d6  TB0CCR2                 
000003d8  TB0CCR3                 
000003da  TB0CCR4                 
000003dc  TB0CCR5                 
000003de  TB0CCR6                 
000003c2  TB0CCTL0                
000003c4  TB0CCTL1                
000003c6  TB0CCTL2                
000003c8  TB0CCTL3                
000003ca  TB0CCTL4                
000003cc  TB0CCTL5                
000003ce  TB0CCTL6                
000003c0  TB0CTL                  
000003e0  TB0EX0                  
000003ee  TB0IV                   
000003d0  TB0R                    
000005d0  UCA0ABCTL               
000005c6  UCA0BRW                 
000005c7  UCA0BRW_H               
000005c6  UCA0BRW_L               
000005c0  UCA0CTLW0               
000005c1  UCA0CTLW0_H             
000005c0  UCA0CTLW0_L             
000005dc  UCA0ICTL                
000005dd  UCA0ICTL_H              
000005dc  UCA0ICTL_L              
000005d2  UCA0IRCTL               
000005d3  UCA0IRCTL_H             
000005d2  UCA0IRCTL_L             
000005de  UCA0IV                  
000005c8  UCA0MCTL                
000005cc  UCA0RXBUF               
000005ca  UCA0STAT                
000005ce  UCA0TXBUF               
00000610  UCA1ABCTL               
00000606  UCA1BRW                 
00000607  UCA1BRW_H               
00000606  UCA1BRW_L               
00000600  UCA1CTLW0               
00000601  UCA1CTLW0_H             
00000600  UCA1CTLW0_L             
0000061c  UCA1ICTL                
0000061d  UCA1ICTL_H              
0000061c  UCA1ICTL_L              
00000612  UCA1IRCTL               
00000613  UCA1IRCTL_H             
00000612  UCA1IRCTL_L             
0000061e  UCA1IV                  
00000608  UCA1MCTL                
0000060c  UCA1RXBUF               
0000060a  UCA1STAT                
0000060e  UCA1TXBUF               
00000650  UCA2ABCTL               
00000646  UCA2BRW                 
00000647  UCA2BRW_H               
00000646  UCA2BRW_L               
00000640  UCA2CTLW0               
00000641  UCA2CTLW0_H             
00000640  UCA2CTLW0_L             
0000065c  UCA2ICTL                
0000065d  UCA2ICTL_H              
0000065c  UCA2ICTL_L              
00000652  UCA2IRCTL               
00000653  UCA2IRCTL_H             
00000652  UCA2IRCTL_L             
0000065e  UCA2IV                  
00000648  UCA2MCTL                
0000064c  UCA2RXBUF               
0000064a  UCA2STAT                
0000064e  UCA2TXBUF               
00000690  UCA3ABCTL               
00000686  UCA3BRW                 
00000687  UCA3BRW_H               
00000686  UCA3BRW_L               
00000680  UCA3CTLW0               
00000681  UCA3CTLW0_H             
00000680  UCA3CTLW0_L             
0000069c  UCA3ICTL                
0000069d  UCA3ICTL_H              
0000069c  UCA3ICTL_L              
00000692  UCA3IRCTL               
00000693  UCA3IRCTL_H             
00000692  UCA3IRCTL_L             
0000069e  UCA3IV                  
00000688  UCA3MCTL                
0000068c  UCA3RXBUF               
0000068a  UCA3STAT                
0000068e  UCA3TXBUF               
000005e6  UCB0BRW                 
000005e7  UCB0BRW_H               
000005e6  UCB0BRW_L               
000005e0  UCB0CTLW0               
000005e1  UCB0CTLW0_H             
000005e0  UCB0CTLW0_L             
000005f0  UCB0I2COA               
000005f1  UCB0I2COA_H             
000005f0  UCB0I2COA_L             
000005f2  UCB0I2CSA               
000005f3  UCB0I2CSA_H             
000005f2  UCB0I2CSA_L             
000005fc  UCB0ICTL                
000005fd  UCB0ICTL_H              
000005fc  UCB0ICTL_L              
000005fe  UCB0IV                  
000005ec  UCB0RXBUF               
000005ea  UCB0STAT                
000005ee  UCB0TXBUF               
00000626  UCB1BRW                 
00000627  UCB1BRW_H               
00000626  UCB1BRW_L               
00000620  UCB1CTLW0               
00000621  UCB1CTLW0_H             
00000620  UCB1CTLW0_L             
00000630  UCB1I2COA               
00000631  UCB1I2COA_H             
00000630  UCB1I2COA_L             
00000632  UCB1I2CSA               
00000633  UCB1I2CSA_H             
00000632  UCB1I2CSA_L             
0000063c  UCB1ICTL                
0000063d  UCB1ICTL_H              
0000063c  UCB1ICTL_L              
0000063e  UCB1IV                  
0000062c  UCB1RXBUF               
0000062a  UCB1STAT                
0000062e  UCB1TXBUF               
00000666  UCB2BRW                 
00000667  UCB2BRW_H               
00000666  UCB2BRW_L               
00000660  UCB2CTLW0               
00000661  UCB2CTLW0_H             
00000660  UCB2CTLW0_L             
00000670  UCB2I2COA               
00000671  UCB2I2COA_H             
00000670  UCB2I2COA_L             
00000672  UCB2I2CSA               
00000673  UCB2I2CSA_H             
00000672  UCB2I2CSA_L             
0000067c  UCB2ICTL                
0000067d  UCB2ICTL_H              
0000067c  UCB2ICTL_L              
0000067e  UCB2IV                  
0000066c  UCB2RXBUF               
0000066a  UCB2STAT                
0000066e  UCB2TXBUF               
000006a6  UCB3BRW                 
000006a7  UCB3BRW_H               
000006a6  UCB3BRW_L               
000006a0  UCB3CTLW0               
000006a1  UCB3CTLW0_H             
000006a0  UCB3CTLW0_L             
000006b0  UCB3I2COA               
000006b1  UCB3I2COA_H             
000006b0  UCB3I2COA_L             
000006b2  UCB3I2CSA               
000006b3  UCB3I2CSA_H             
000006b2  UCB3I2CSA_L             
000006bc  UCB3ICTL                
000006bd  UCB3ICTL_H              
000006bc  UCB3ICTL_L              
000006be  UCB3IV                  
000006ac  UCB3RXBUF               
000006aa  UCB3STAT                
000006ae  UCB3TXBUF               
00000160  UCSCTL0                 
00000161  UCSCTL0_H               
00000160  UCSCTL0_L               
00000162  UCSCTL1                 
00000163  UCSCTL1_H               
00000162  UCSCTL1_L               
00000164  UCSCTL2                 
00000165  UCSCTL2_H               
00000164  UCSCTL2_L               
00000166  UCSCTL3                 
00000167  UCSCTL3_H               
00000166  UCSCTL3_L               
00000168  UCSCTL4                 
00000169  UCSCTL4_H               
00000168  UCSCTL4_L               
0000016a  UCSCTL5                 
0000016b  UCSCTL5_H               
0000016a  UCSCTL5_L               
0000016c  UCSCTL6                 
0000016d  UCSCTL6_H               
0000016c  UCSCTL6_L               
0000016e  UCSCTL7                 
0000016f  UCSCTL7_H               
0000016e  UCSCTL7_L               
00000170  UCSCTL8                 
00000171  UCSCTL8_H               
00000170  UCSCTL8_L               
00005c00  USCI_A3_ISR             
0000015c  WDTCTL                  
0000015d  WDTCTL_H                
0000015c  WDTCTL_L                
00005c00  __STACK_END             
000000a0  __STACK_SIZE            
UNDEFED   __TI_BINIT_Base         
UNDEFED   __TI_BINIT_Limit        
00005ef6  __TI_CINIT_Base         
00005f06  __TI_CINIT_Limit        
00005eee  __TI_Handler_Table_Base 
00005ef6  __TI_Handler_Table_Limit
UNDEFED   __TI_INITARRAY_Base     
UNDEFED   __TI_INITARRAY_Limit    
00005d2c  __TI_ISR_TRAP           
000151b2  __TI_decompress_none    
00015304  __TI_decompress_rle24   
00011db0  __TI_frcaddd            
000110ec  __TI_frcdivd            
00011572  __TI_frcmpyd            
0000ffd2  __TI_int41              
0000ffd4  __TI_int42              
0000ffd6  __TI_int43              
0000ffd8  __TI_int44              
0000ffda  __TI_int45              
0000ffdc  __TI_int46              
0000ffde  __TI_int47              
0000ffe0  __TI_int48              
0000ffe2  __TI_int49              
0000ffe4  __TI_int50              
0000ffe6  __TI_int51              
0000ffe8  __TI_int52              
0000ffea  __TI_int53              
0000ffec  __TI_int54              
0000ffee  __TI_int55              
0000fff0  __TI_int56              
0000fff2  __TI_int57              
0000fff4  __TI_int58              
0000fff6  __TI_int59              
0000fff8  __TI_int60              
0000fffa  __TI_int61              
0000fffc  __TI_int62              
ffffffff  __TI_pprof_out_hndl     
00013ad6  __TI_printfi_minimal    
ffffffff  __TI_prof_data_size     
ffffffff  __TI_prof_data_start    
00013eca  __TI_renormd            
ffffffff  __c_args__              
00011856  __mspabi_addd           
00014148  __mspabi_cvtdf          
00014352  __mspabi_cvtfd          
0001223c  __mspabi_divd           
00014daa  __mspabi_divi           
00015174  __mspabi_divu           
00014502  __mspabi_fixfi          
00014ad2  __mspabi_fltif          
00014812  __mspabi_fltlif         
000152f8  __mspabi_fltud          
00014256  __mspabi_fltuld         
00014c34  __mspabi_fltulf         
00011b2e  __mspabi_mpyd           
00013e12  __mspabi_mpyf           
00015130  __mspabi_mpyi_f5hw      
00014f28  __mspabi_mpyl_f5hw      
00014daa  __mspabi_remi           
00015174  __mspabi_remu           
000152b4  __mspabi_slll           
00014a1c  __mspabi_slll_1         
000149f8  __mspabi_slll_10        
000149f4  __mspabi_slll_11        
000149f0  __mspabi_slll_12        
000149ec  __mspabi_slll_13        
000149e8  __mspabi_slll_14        
000149e4  __mspabi_slll_15        
00014a18  __mspabi_slll_2         
00014a14  __mspabi_slll_3         
00014a10  __mspabi_slll_4         
00014a0c  __mspabi_slll_5         
00014a08  __mspabi_slll_6         
00014a04  __mspabi_slll_7         
00014a00  __mspabi_slll_8         
000149fc  __mspabi_slll_9         
000152a4  __mspabi_sral           
000149de  __mspabi_sral_1         
000149ba  __mspabi_sral_10        
000149b6  __mspabi_sral_11        
000149b2  __mspabi_sral_12        
000149ae  __mspabi_sral_13        
000149aa  __mspabi_sral_14        
000149a6  __mspabi_sral_15        
000149da  __mspabi_sral_2         
000149d6  __mspabi_sral_3         
000149d2  __mspabi_sral_4         
000149ce  __mspabi_sral_5         
000149ca  __mspabi_sral_6         
000149c6  __mspabi_sral_7         
000149c2  __mspabi_sral_8         
000149be  __mspabi_sral_9         
000152c4  __mspabi_srll           
00014a5a  __mspabi_srll_1         
00014a36  __mspabi_srll_10        
00014a32  __mspabi_srll_11        
00014a2e  __mspabi_srll_12        
00014a2a  __mspabi_srll_13        
00014a26  __mspabi_srll_14        
00014a22  __mspabi_srll_15        
00014a56  __mspabi_srll_2         
00014a52  __mspabi_srll_3         
00014a4e  __mspabi_srll_4         
00014a4a  __mspabi_srll_5         
00014a46  __mspabi_srll_6         
00014a42  __mspabi_srll_7         
00014a3e  __mspabi_srll_8         
00014a3a  __mspabi_srll_9         
00014bd0  __mspabi_subd           
000141d4  _auto_init_hold_wdt     
00005d12  _c_int00_noargs_noexit  
0000fffe  _reset_vector           
00005b60  _stack                  
0001530e  _system_post_cinit      
0001530a  _system_pre_init        
000152fe  abort                   
000152ee  abs                     
000150d0  adc1_status             
000150e8  adc2_status             
00015100  adc3_status             
00015118  adc4_status             
00015012  adc5_status             
0001502e  adc6_status             
000140b6  adc_bus1_contconv_start 
00015224  adc_bus1_exchange       
00014730  adc_bus1_idle           
00012758  adc_bus1_init           
00013692  adc_bus1_read_convert   
000145d0  adc_bus1_reset          
0001477e  adc_bus1_selfcal        
00014f6e  adc_bus1_spi_init       
00015234  adc_bus1_transmit       
000134ac  adc_bus1_zselfcal       
00013f7c  adc_bus2_contconv_start 
00015244  adc_bus2_exchange       
00014634  adc_bus2_idle           
0001245e  adc_bus2_init           
000135a0  adc_bus2_read_convert   
0001442e  adc_bus2_reset          
000147c8  adc_bus2_selfcal        
00014f90  adc_bus2_spi_init       
00015254  adc_bus2_transmit       
00012fb6  adc_bus2_zselfcal       
000148e8  adc_misc_contconv_start 
00015264  adc_misc_exchange       
00014ee0  adc_misc_fselfcal       
0001401e  adc_misc_init           
000142d6  adc_misc_read_convert   
00014d52  adc_misc_reset          
00014cf6  adc_misc_selfcal        
00014e4e  adc_misc_spi_init       
0001504a  adc_misc_status         
00015274  adc_misc_transmit       
00014f04  adc_misc_zselfcal       
00001de6  bat_voltage             
00001e28  batt1                   
00001e29  batt2                   
00001e2a  batt3                   
00001e90  batt_ERR                
00001e8f  batt_KILL               
00001e30  batt_current            
00001ea1  batt_current_status     
00001e4e  batt_temp               
00001e9f  batt_temp_status        
00001e6c  batt_volt               
00001ea0  batt_volt_status        
00001cee  buff                    
00001dba  buffer                  
00001dca  can                     
00001e2b  can_CANINTF             
00001dea  can_FLAGS               
00001e98  can_err_cnt             
00014d7e  can_flag_check          
000128be  can_init                
00014c02  can_mod                 
00014968  can_read                
00015066  can_read_status         
00012002  can_receive             
00015148  can_reset               
00014d24  can_rts                 
00001e9a  can_start_precharge     
000125e4  can_transmit            
00014928  can_write               
000146de  can_write_tx            
00001e0a  cancheck                
00001e96  cancomm_flag            
00015284  canspi_exchange         
00014fb2  canspi_init             
00015294  canspi_transmit         
00001e2c  ch                      
00014e00  clock_init              
00001d0c  command                 
00001e97  comms_event_count       
00001dee  compare_sig             
0001456a  copy_in                 
00001df2  current                 
00001e2d  dev                     
000143c0  get_cell_voltage        
00001e2e  i                       
000130ba  io_init                 
00001d2a  ltc1_CV                 
00001d42  ltc1_cv                 
00001e8a  ltc1_errflag            
00001d5a  ltc2_CV                 
00001d72  ltc2_cv                 
00001e8b  ltc2_errflag            
00001d8a  ltc3_CV                 
00001da2  ltc3_cv                 
00001e8c  ltc3_errflag            
00001e8d  ltc_error               
00001e0c  ltc_max                 
00001e0e  ltc_min                 
00010000  main                    
00001df6  max_temp                
00001e10  max_temp_idx            
00001e12  max_v_cell              
00001dfa  max_voltage             
00014ff4  memccpy                 
0001519e  memcpy                  
0001515e  memset                  
00001e14  min_v_cell              
00001dfe  min_voltage             
00001e92  mode_count              
00001e9b  precharge_complete      
00001e9e  rs232_count             
00001e95  send_can                
000148a4  sprintf                 
00001e8e  status_flag             
00015082  strcmp                  
000152d4  strlen                  
00001e16  switches_dif_save       
00001e18  switches_new            
00001e1a  switches_out_dif        
00001e1c  switches_out_new        
00001e02  temp                    
00001e1e  temp1                   
00001e20  temp2                   
00001e22  temp3                   
00001e94  temp_flag               
00001c00  temperature_adc         
0001509e  timerB_init             
00005cc8  timer_b0                
00001e06  volt                    


GLOBAL SYMBOLS: SORTED BY Symbol Address 

address   name                    
-------   ----                    
000000a0  __STACK_SIZE            
00000100  SFRIE1                  
00000100  SFRIE1_L                
00000101  SFRIE1_H                
00000102  SFRIFG1                 
00000102  SFRIFG1_L               
00000103  SFRIFG1_H               
00000104  SFRRPCR                 
00000104  SFRRPCR_L               
00000105  SFRRPCR_H               
00000120  PMMCTL0                 
00000120  PMMCTL0_L               
00000121  PMMCTL0_H               
00000122  PMMCTL1                 
00000122  PMMCTL1_L               
00000123  PMMCTL1_H               
00000124  SVSMHCTL                
00000124  SVSMHCTL_L              
00000125  SVSMHCTL_H              
00000126  SVSMLCTL                
00000126  SVSMLCTL_L              
00000127  SVSMLCTL_H              
00000128  SVSMIO                  
00000128  SVSMIO_L                
00000129  SVSMIO_H                
0000012c  PMMIFG                  
0000012c  PMMIFG_L                
0000012d  PMMIFG_H                
0000012e  PMMRIE                  
0000012e  PMMRIE_L                
0000012f  PMMRIE_H                
00000130  PM5CTL0                 
00000130  PM5CTL0_L               
00000131  PM5CTL0_H               
00000140  FCTL1                   
00000140  FCTL1_L                 
00000141  FCTL1_H                 
00000144  FCTL3                   
00000144  FCTL3_L                 
00000145  FCTL3_H                 
00000146  FCTL4                   
00000146  FCTL4_L                 
00000147  FCTL4_H                 
00000150  CRCDI                   
00000150  CRCDI_L                 
00000151  CRCDI_H                 
00000152  CRCDIRB                 
00000152  CRCDIRB_L               
00000153  CRCDIRB_H               
00000154  CRCINIRES               
00000154  CRCINIRES_L             
00000155  CRCINIRES_H             
00000156  CRCRESR                 
00000156  CRCRESR_L               
00000157  CRCRESR_H               
00000158  RCCTL0                  
00000158  RCCTL0_L                
00000159  RCCTL0_H                
0000015c  WDTCTL                  
0000015c  WDTCTL_L                
0000015d  WDTCTL_H                
00000160  UCSCTL0                 
00000160  UCSCTL0_L               
00000161  UCSCTL0_H               
00000162  UCSCTL1                 
00000162  UCSCTL1_L               
00000163  UCSCTL1_H               
00000164  UCSCTL2                 
00000164  UCSCTL2_L               
00000165  UCSCTL2_H               
00000166  UCSCTL3                 
00000166  UCSCTL3_L               
00000167  UCSCTL3_H               
00000168  UCSCTL4                 
00000168  UCSCTL4_L               
00000169  UCSCTL4_H               
0000016a  UCSCTL5                 
0000016a  UCSCTL5_L               
0000016b  UCSCTL5_H               
0000016c  UCSCTL6                 
0000016c  UCSCTL6_L               
0000016d  UCSCTL6_H               
0000016e  UCSCTL7                 
0000016e  UCSCTL7_L               
0000016f  UCSCTL7_H               
00000170  UCSCTL8                 
00000170  UCSCTL8_L               
00000171  UCSCTL8_H               
00000180  SYSCTL                  
00000180  SYSCTL_L                
00000181  SYSCTL_H                
00000182  SYSBSLC                 
00000182  SYSBSLC_L               
00000183  SYSBSLC_H               
00000186  SYSJMBC                 
00000186  SYSJMBC_L               
00000187  SYSJMBC_H               
00000188  SYSJMBI0                
00000188  SYSJMBI0_L              
00000189  SYSJMBI0_H              
0000018a  SYSJMBI1                
0000018a  SYSJMBI1_L              
0000018b  SYSJMBI1_H              
0000018c  SYSJMBO0                
0000018c  SYSJMBO0_L              
0000018d  SYSJMBO0_H              
0000018e  SYSJMBO1                
0000018e  SYSJMBO1_L              
0000018f  SYSJMBO1_H              
00000198  SYSBERRIV               
00000198  SYSBERRIV_L             
00000199  SYSBERRIV_H             
0000019a  SYSUNIV                 
0000019a  SYSUNIV_L               
0000019b  SYSUNIV_H               
0000019c  SYSSNIV                 
0000019c  SYSSNIV_L               
0000019d  SYSSNIV_H               
0000019e  SYSRSTIV                
0000019e  SYSRSTIV_L              
0000019f  SYSRSTIV_H              
000001b0  REFCTL0                 
000001b0  REFCTL0_L               
000001b1  REFCTL0_H               
00000200  PAIN                    
00000200  PAIN_L                  
00000201  PAIN_H                  
00000202  PAOUT                   
00000202  PAOUT_L                 
00000203  PAOUT_H                 
00000204  PADIR                   
00000204  PADIR_L                 
00000205  PADIR_H                 
00000206  PAREN                   
00000206  PAREN_L                 
00000207  PAREN_H                 
00000208  PADS                    
00000208  PADS_L                  
00000209  PADS_H                  
0000020a  PASEL                   
0000020a  PASEL_L                 
0000020b  PASEL_H                 
0000020e  P1IV                    
00000218  PAIES                   
00000218  PAIES_L                 
00000219  PAIES_H                 
0000021a  PAIE                    
0000021a  PAIE_L                  
0000021b  PAIE_H                  
0000021c  PAIFG                   
0000021c  PAIFG_L                 
0000021d  PAIFG_H                 
0000021e  P2IV                    
00000220  PBIN                    
00000220  PBIN_L                  
00000221  PBIN_H                  
00000222  PBOUT                   
00000222  PBOUT_L                 
00000223  PBOUT_H                 
00000224  PBDIR                   
00000224  PBDIR_L                 
00000225  PBDIR_H                 
00000226  PBREN                   
00000226  PBREN_L                 
00000227  PBREN_H                 
00000228  PBDS                    
00000228  PBDS_L                  
00000229  PBDS_H                  
0000022a  PBSEL                   
0000022a  PBSEL_L                 
0000022b  PBSEL_H                 
00000240  PCIN                    
00000240  PCIN_L                  
00000241  PCIN_H                  
00000242  PCOUT                   
00000242  PCOUT_L                 
00000243  PCOUT_H                 
00000244  PCDIR                   
00000244  PCDIR_L                 
00000245  PCDIR_H                 
00000246  PCREN                   
00000246  PCREN_L                 
00000247  PCREN_H                 
00000248  PCDS                    
00000248  PCDS_L                  
00000249  PCDS_H                  
0000024a  PCSEL                   
0000024a  PCSEL_L                 
0000024b  PCSEL_H                 
00000260  PDIN                    
00000260  PDIN_L                  
00000261  PDIN_H                  
00000262  PDOUT                   
00000262  PDOUT_L                 
00000263  PDOUT_H                 
00000264  PDDIR                   
00000264  PDDIR_L                 
00000265  PDDIR_H                 
00000266  PDREN                   
00000266  PDREN_L                 
00000267  PDREN_H                 
00000268  PDDS                    
00000268  PDDS_L                  
00000269  PDDS_H                  
0000026a  PDSEL                   
0000026a  PDSEL_L                 
0000026b  PDSEL_H                 
00000280  PEIN                    
00000280  PEIN_L                  
00000281  PEIN_H                  
00000282  PEOUT                   
00000282  PEOUT_L                 
00000283  PEOUT_H                 
00000284  PEDIR                   
00000284  PEDIR_L                 
00000285  PEDIR_H                 
00000286  PEREN                   
00000286  PEREN_L                 
00000287  PEREN_H                 
00000288  PEDS                    
00000288  PEDS_L                  
00000289  PEDS_H                  
0000028a  PESEL                   
0000028a  PESEL_L                 
0000028b  PESEL_H                 
000002a0  PFIN                    
000002a0  PFIN_L                  
000002a1  PFIN_H                  
000002a2  PFOUT                   
000002a2  PFOUT_L                 
000002a3  PFOUT_H                 
000002a4  PFDIR                   
000002a4  PFDIR_L                 
000002a5  PFDIR_H                 
000002a6  PFREN                   
000002a6  PFREN_L                 
000002a7  PFREN_H                 
000002a8  PFDS                    
000002a8  PFDS_L                  
000002a9  PFDS_H                  
000002aa  PFSEL                   
000002aa  PFSEL_L                 
000002ab  PFSEL_H                 
00000320  PJIN                    
00000320  PJIN_L                  
00000321  PJIN_H                  
00000322  PJOUT                   
00000322  PJOUT_L                 
00000323  PJOUT_H                 
00000324  PJDIR                   
00000324  PJDIR_L                 
00000325  PJDIR_H                 
00000326  PJREN                   
00000326  PJREN_L                 
00000327  PJREN_H                 
00000328  PJDS                    
00000328  PJDS_L                  
00000329  PJDS_H                  
00000340  TA0CTL                  
00000342  TA0CCTL0                
00000344  TA0CCTL1                
00000346  TA0CCTL2                
00000348  TA0CCTL3                
0000034a  TA0CCTL4                
00000350  TA0R                    
00000352  TA0CCR0                 
00000354  TA0CCR1                 
00000356  TA0CCR2                 
00000358  TA0CCR3                 
0000035a  TA0CCR4                 
00000360  TA0EX0                  
0000036e  TA0IV                   
00000380  TA1CTL                  
00000382  TA1CCTL0                
00000384  TA1CCTL1                
00000386  TA1CCTL2                
00000390  TA1R                    
00000392  TA1CCR0                 
00000394  TA1CCR1                 
00000396  TA1CCR2                 
000003a0  TA1EX0                  
000003ae  TA1IV                   
000003c0  TB0CTL                  
000003c2  TB0CCTL0                
000003c4  TB0CCTL1                
000003c6  TB0CCTL2                
000003c8  TB0CCTL3                
000003ca  TB0CCTL4                
000003cc  TB0CCTL5                
000003ce  TB0CCTL6                
000003d0  TB0R                    
000003d2  TB0CCR0                 
000003d4  TB0CCR1                 
000003d6  TB0CCR2                 
000003d8  TB0CCR3                 
000003da  TB0CCR4                 
000003dc  TB0CCR5                 
000003de  TB0CCR6                 
000003e0  TB0EX0                  
000003ee  TB0IV                   
000004a0  RTCCTL01                
000004a0  RTCCTL01_L              
000004a1  RTCCTL01_H              
000004a2  RTCCTL23                
000004a2  RTCCTL23_L              
000004a3  RTCCTL23_H              
000004a8  RTCPS0CTL               
000004a8  RTCPS0CTL_L             
000004a9  RTCPS0CTL_H             
000004aa  RTCPS1CTL               
000004aa  RTCPS1CTL_L             
000004ab  RTCPS1CTL_H             
000004ac  RTCPS                   
000004ac  RTCPS_L                 
000004ad  RTCPS_H                 
000004ae  RTCIV                   
000004b0  RTCTIM0                 
000004b0  RTCTIM0_L               
000004b1  RTCTIM0_H               
000004b2  RTCTIM1                 
000004b2  RTCTIM1_L               
000004b3  RTCTIM1_H               
000004b4  RTCDATE                 
000004b4  RTCDATE_L               
000004b5  RTCDATE_H               
000004b6  RTCYEAR                 
000004b6  RTCYEAR_L               
000004b7  RTCYEAR_H               
000004b8  RTCAMINHR               
000004b8  RTCAMINHR_L             
000004b9  RTCAMINHR_H             
000004ba  RTCADOWDAY              
000004ba  RTCADOWDAY_L            
000004bb  RTCADOWDAY_H            
000004c0  MPY                     
000004c0  MPY_L                   
000004c1  MPY_H                   
000004c2  MPYS                    
000004c2  MPYS_L                  
000004c3  MPYS_H                  
000004c4  MAC                     
000004c4  MAC_L                   
000004c5  MAC_H                   
000004c6  MACS                    
000004c6  MACS_L                  
000004c7  MACS_H                  
000004c8  OP2                     
000004c8  OP2_L                   
[...]
0000050e  DMAIV                   
0000050e  DMAIV_L                 
0000050f  DMAIV_H                 
00000510  DMA0CTL                 
00000510  DMA0CTL_L               
00000511  DMA0CTL_H               
00000512  DMA0SA                  
00000512  DMA0SAL                 
00000514  DMA0SAH                 
00000516  DMA0DA                  
00000516  DMA0DAL                 
00000518  DMA0DAH                 
0000051a  DMA0SZ                  
00000520  DMA1CTL                 
00000520  DMA1CTL_L               
00000521  DMA1CTL_H               
00000522  DMA1SA                  
00000522  DMA1SAL                 
00000524  DMA1SAH                 
00000526  DMA1DA                  
00000526  DMA1DAL                 
00000528  DMA1DAH                 
0000052a  DMA1SZ                  
00000530  DMA2CTL                 
00000530  DMA2CTL_L               
00000531  DMA2CTL_H               
00000532  DMA2SA                  
00000532  DMA2SAL                 
00000534  DMA2SAH                 
00000536  DMA2DA                  
00000536  DMA2DAL                 
00000538  DMA2DAH                 
0000053a  DMA2SZ                  
000005c0  UCA0CTLW0               
000005c0  UCA0CTLW0_L             
000005c1  UCA0CTLW0_H             
000005c6  UCA0BRW                 
000005c6  UCA0BRW_L               
000005c7  UCA0BRW_H               
000005c8  UCA0MCTL                
000005ca  UCA0STAT                
000005cc  UCA0RXBUF               
000005ce  UCA0TXBUF               
000005d0  UCA0ABCTL               
000005d2  UCA0IRCTL               
000005d2  UCA0IRCTL_L             
000005d3  UCA0IRCTL_H             
000005dc  UCA0ICTL                
000005dc  UCA0ICTL_L              
000005dd  UCA0ICTL_H              
000005de  UCA0IV                  
000005e0  UCB0CTLW0               
000005e0  UCB0CTLW0_L             
000005e1  UCB0CTLW0_H             
000005e6  UCB0BRW                 
000005e6  UCB0BRW_L               
000005e7  UCB0BRW_H               
000005ea  UCB0STAT                
000005ec  UCB0RXBUF               
000005ee  UCB0TXBUF               
000005f0  UCB0I2COA               
000005f0  UCB0I2COA_L             
000005f1  UCB0I2COA_H             
000005f2  UCB0I2CSA               
000005f2  UCB0I2CSA_L             
000005f3  UCB0I2CSA_H             
000005fc  UCB0ICTL                
000005fc  UCB0ICTL_L              
000005fd  UCB0ICTL_H              
000005fe  UCB0IV                  
00000600  UCA1CTLW0               
00000600  UCA1CTLW0_L             
00000601  UCA1CTLW0_H             
00000606  UCA1BRW                 
00000606  UCA1BRW_L               
00000607  UCA1BRW_H               
00000608  UCA1MCTL                
0000060a  UCA1STAT                
0000060c  UCA1RXBUF               
0000060e  UCA1TXBUF               
00000610  UCA1ABCTL               
00000612  UCA1IRCTL               
00000612  UCA1IRCTL_L             
00000613  UCA1IRCTL_H             
0000061c  UCA1ICTL                
0000061c  UCA1ICTL_L              
0000061d  UCA1ICTL_H              
0000061e  UCA1IV                  
00000620  UCB1CTLW0               
00000620  UCB1CTLW0_L             
00000621  UCB1CTLW0_H             
00000626  UCB1BRW                 
00000626  UCB1BRW_L               
00000627  UCB1BRW_H               
0000062a  UCB1STAT                
0000062c  UCB1RXBUF               
0000062e  UCB1TXBUF               
00000630  UCB1I2COA               
00000630  UCB1I2COA_L             
00000631  UCB1I2COA_H             
00000632  UCB1I2CSA               
00000632  UCB1I2CSA_L             
00000633  UCB1I2CSA_H             
0000063c  UCB1ICTL                
0000063c  UCB1ICTL_L              
0000063d  UCB1ICTL_H              
0000063e  UCB1IV                  
00000640  UCA2CTLW0               
00000640  UCA2CTLW0_L             
00000641  UCA2CTLW0_H             
00000646  UCA2BRW                 
00000646  UCA2BRW_L               
00000647  UCA2BRW_H               
00000648  UCA2MCTL                
0000064a  UCA2STAT                
0000064c  UCA2RXBUF               
0000064e  UCA2TXBUF               
00000650  UCA2ABCTL               
00000652  UCA2IRCTL               
00000652  UCA2IRCTL_L             
00000653  UCA2IRCTL_H             
0000065c  UCA2ICTL                
0000065c  UCA2ICTL_L              
0000065d  UCA2ICTL_H              
0000065e  UCA2IV                  
00000660  UCB2CTLW0               
00000660  UCB2CTLW0_L             
00000661  UCB2CTLW0_H             
00000666  UCB2BRW                 
00000666  UCB2BRW_L               
00000667  UCB2BRW_H               
0000066a  UCB2STAT                
0000066c  UCB2RXBUF               
0000066e  UCB2TXBUF               
00000670  UCB2I2COA               
00000670  UCB2I2COA_L             
00000671  UCB2I2COA_H             
00000672  UCB2I2CSA               
00000672  UCB2I2CSA_L             
00000673  UCB2I2CSA_H             
0000067c  UCB2ICTL                
0000067c  UCB2ICTL_L              
0000067d  UCB2ICTL_H              
0000067e  UCB2IV                  
00000680  UCA3CTLW0               
00000680  UCA3CTLW0_L             
00000681  UCA3CTLW0_H             
00000686  UCA3BRW                 
00000686  UCA3BRW_L               
00000687  UCA3BRW_H               
00000688  UCA3MCTL                
0000068a  UCA3STAT                
0000068c  UCA3RXBUF               
0000068e  UCA3TXBUF               
00000690  UCA3ABCTL               
00000692  UCA3IRCTL               
00000692  UCA3IRCTL_L             
00000693  UCA3IRCTL_H             
0000069c  UCA3ICTL                
0000069c  UCA3ICTL_L              
0000069d  UCA3ICTL_H              
0000069e  UCA3IV                  
000006a0  UCB3CTLW0               
000006a0  UCB3CTLW0_L             
000006a1  UCB3CTLW0_H             
000006a6  UCB3BRW                 
000006a6  UCB3BRW_L               
000006a7  UCB3BRW_H               
000006aa  UCB3STAT                
000006ac  UCB3RXBUF               
000006ae  UCB3TXBUF               
000006b0  UCB3I2COA               
000006b0  UCB3I2COA_L             
000006b1  UCB3I2COA_H             
000006b2  UCB3I2CSA               
000006b2  UCB3I2CSA_L             
000006b3  UCB3I2CSA_H             
000006bc  UCB3ICTL                
000006bc  UCB3ICTL_L              
000006bd  UCB3ICTL_H              
000006be  UCB3IV                  
00000700  ADC12CTL0               
00000700  ADC12CTL0_L             
00000701  ADC12CTL0_H             
00000702  ADC12CTL1               
00000702  ADC12CTL1_L             
00000703  ADC12CTL1_H             
00000704  ADC12CTL2               
00000704  ADC12CTL2_L             
00000705  ADC12CTL2_H             
0000070a  ADC12IFG                
0000070a  ADC12IFG_L              
0000070b  ADC12IFG_H              
0000070c  ADC12IE                 
0000070c  ADC12IE_L               
0000070d  ADC12IE_H               
0000070e  ADC12IV                 
0000070e  ADC12IV_L               
0000070f  ADC12IV_H               
00000710  ADC12MCTL0              
00000711  ADC12MCTL1              
00000712  ADC12MCTL2              
00000713  ADC12MCTL3              
00000714  ADC12MCTL4              
00000715  ADC12MCTL5              
00000716  ADC12MCTL6              
00000717  ADC12MCTL7              
00000718  ADC12MCTL8              
00000719  ADC12MCTL9              
0000071a  ADC12MCTL10             
0000071b  ADC12MCTL11             
0000071c  ADC12MCTL12             
0000071d  ADC12MCTL13             
0000071e  ADC12MCTL14             
0000071f  ADC12MCTL15             
00000720  ADC12MEM0               
00000720  ADC12MEM0_L             
00000721  ADC12MEM0_H             
00000722  ADC12MEM1               
00000722  ADC12MEM1_L             
00000723  ADC12MEM1_H             
00000724  ADC12MEM2               
00000724  ADC12MEM2_L             
00000725  ADC12MEM2_H             
00000726  ADC12MEM3               
00000726  ADC12MEM3_L             
00000727  ADC12MEM3_H             
00000728  ADC12MEM4               
00000728  ADC12MEM4_L             
00000729  ADC12MEM4_H             
0000072a  ADC12MEM5               
0000072a  ADC12MEM5_L             
0000072b  ADC12MEM5_H             
0000072c  ADC12MEM6               
0000072c  ADC12MEM6_L             
0000072d  ADC12MEM6_H             
0000072e  ADC12MEM7               
0000072e  ADC12MEM7_L             
0000072f  ADC12MEM7_H             
00000730  ADC12MEM8               
00000730  ADC12MEM8_L             
00000731  ADC12MEM8_H             
00000732  ADC12MEM9               
00000732  ADC12MEM9_L             
00000733  ADC12MEM9_H             
00000734  ADC12MEM10              
00000734  ADC12MEM10_L            
00000735  ADC12MEM10_H            
00000736  ADC12MEM11              
00000736  ADC12MEM11_L            
00000737  ADC12MEM11_H            
00000738  ADC12MEM12              
00000738  ADC12MEM12_L            
00000739  ADC12MEM12_H            
0000073a  ADC12MEM13              
0000073a  ADC12MEM13_L            
0000073b  ADC12MEM13_H            
0000073c  ADC12MEM14              
0000073c  ADC12MEM14_L            
0000073d  ADC12MEM14_H            
0000073e  ADC12MEM15              
0000073e  ADC12MEM15_L            
0000073f  ADC12MEM15_H            
00001c00  temperature_adc         
00001cee  buff                    
00001d0c  command                 
00001d2a  ltc1_CV                 
00001d42  ltc1_cv                 
00001d5a  ltc2_CV                 
00001d72  ltc2_cv                 
00001d8a  ltc3_CV                 
00001da2  ltc3_cv                 
00001dba  buffer                  
00001dca  can                     
00001dd6  AC_Serial_No            
00001dda  SIG1                    
00001dde  SIG2                    
00001de2  SIG3                    
00001de6  bat_voltage             
00001dea  can_FLAGS               
00001dee  compare_sig             
00001df2  current                 
00001df6  max_temp                
00001dfa  max_voltage             
00001dfe  min_voltage             
00001e02  temp                    
00001e06  volt                    
00001e0a  cancheck                
00001e0c  ltc_max                 
00001e0e  ltc_min                 
00001e10  max_temp_idx            
00001e12  max_v_cell              
00001e14  min_v_cell              
00001e16  switches_dif_save       
00001e18  switches_new            
00001e1a  switches_out_dif        
00001e1c  switches_out_new        
00001e1e  temp1                   
00001e20  temp2                   
00001e22  temp3                   
00001e24  AC_char0                
00001e25  AC_char1                
00001e26  AC_char2                
00001e27  AC_char3                
00001e28  batt1                   
00001e29  batt2                   
00001e2a  batt3                   
00001e2b  can_CANINTF             
00001e2c  ch                      
00001e2d  dev                     
00001e2e  i                       
00001e30  batt_current            
00001e4e  batt_temp               
00001e6c  batt_volt               
00001e8a  ltc1_errflag            
00001e8b  ltc2_errflag            
00001e8c  ltc3_errflag            
00001e8d  ltc_error               
00001e8e  status_flag             
00001e8f  batt_KILL               
00001e90  batt_ERR                
00001e92  mode_count              
00001e94  temp_flag               
00001e95  send_can                
00001e96  cancomm_flag            
00001e97  comms_event_count       
00001e98  can_err_cnt             
00001e9a  can_start_precharge     
00001e9b  precharge_complete      
00001e9c  PC_Complete             
00001e9d  MC_Complete             
00001e9e  rs232_count             
00001e9f  batt_temp_status        
00001ea0  batt_volt_status        
00001ea1  batt_current_status     
00005b60  _stack                  
00005c00  USCI_A3_ISR             
00005c00  __STACK_END             
00005cc8  timer_b0                
00005d12  _c_int00_noargs_noexit  
00005d2c  __TI_ISR_TRAP           
00005eee  __TI_Handler_Table_Base 
00005ef6  __TI_CINIT_Base         
00005ef6  __TI_Handler_Table_Limit
00005f06  __TI_CINIT_Limit        
0000ffd2  __TI_int41              
0000ffd4  __TI_int42              
0000ffd6  __TI_int43              
0000ffd8  __TI_int44              
0000ffda  __TI_int45              
0000ffdc  __TI_int46              
0000ffde  __TI_int47              
0000ffe0  __TI_int48              
0000ffe2  __TI_int49              
0000ffe4  __TI_int50              
0000ffe6  __TI_int51              
0000ffe8  __TI_int52              
0000ffea  __TI_int53              
0000ffec  __TI_int54              
0000ffee  __TI_int55              
0000fff0  __TI_int56              
0000fff2  __TI_int57              
0000fff4  __TI_int58              
0000fff6  __TI_int59              
0000fff8  __TI_int60              
0000fffa  __TI_int61              
0000fffc  __TI_int62              
0000fffe  _reset_vector           
00010000  main                    
000110ec  __TI_frcdivd            
00011572  __TI_frcmpyd            
00011856  __mspabi_addd           
00011b2e  __mspabi_mpyd           
00011db0  __TI_frcaddd            
00012002  can_receive             
0001223c  __mspabi_divd           
0001245e  adc_bus2_init           
000125e4  can_transmit            
00012758  adc_bus1_init           
000128be  can_init                
00012b32  LTC1_Read_Voltages      
00012c56  LTC2_Read_Voltages      
00012d7a  LTC3_Read_Voltages      
00012e9e  Calculate_PEC           
00012fb6  adc_bus2_zselfcal       
000130ba  io_init                 
000131be  LTC1_Read_Flags         
000132b8  LTC2_Read_Flags         
000133b2  LTC3_Read_Flags         
000134ac  adc_bus1_zselfcal       
000135a0  adc_bus2_read_convert   
00013692  adc_bus1_read_convert   
00013854  LTC1_Read_Config        
0001392a  LTC2_Read_Config        
00013a00  LTC3_Read_Config        
00013ad6  __TI_printfi_minimal    
00013ba8  LTC1_Config             
00013c76  LTC2_Config             
00013d44  LTC3_Config             
00013e12  __mspabi_mpyf           
00013eca  __TI_renormd            
00013f7c  adc_bus2_contconv_start 
0001401e  adc_misc_init           
000140b6  adc_bus1_contconv_start 
00014148  __mspabi_cvtdf          
000141d4  _auto_init_hold_wdt     
00014256  __mspabi_fltuld         
000142d6  adc_misc_read_convert   
00014352  __mspabi_cvtfd          
000143c0  get_cell_voltage        
0001442e  adc_bus2_reset          
00014502  __mspabi_fixfi          
0001456a  copy_in                 
000145d0  adc_bus1_reset          
00014634  adc_bus2_idle           
0001468a  SetVCoreUp              
000146de  can_write_tx            
00014730  adc_bus1_idle           
0001477e  adc_bus1_selfcal        
000147c8  adc_bus2_selfcal        
00014812  __mspabi_fltlif         
000148a4  sprintf                 
000148e8  adc_misc_contconv_start 
00014928  can_write               
00014968  can_read                
000149a6  __mspabi_sral_15        
000149aa  __mspabi_sral_14        
000149ae  __mspabi_sral_13        
000149b2  __mspabi_sral_12        
000149b6  __mspabi_sral_11        
000149ba  __mspabi_sral_10        
000149be  __mspabi_sral_9         
000149c2  __mspabi_sral_8         
000149c6  __mspabi_sral_7         
000149ca  __mspabi_sral_6         
000149ce  __mspabi_sral_5         
000149d2  __mspabi_sral_4         
000149d6  __mspabi_sral_3         
000149da  __mspabi_sral_2         
000149de  __mspabi_sral_1         
000149e4  __mspabi_slll_15        
000149e8  __mspabi_slll_14        
000149ec  __mspabi_slll_13        
000149f0  __mspabi_slll_12        
000149f4  __mspabi_slll_11        
000149f8  __mspabi_slll_10        
000149fc  __mspabi_slll_9         
00014a00  __mspabi_slll_8         
00014a04  __mspabi_slll_7         
00014a08  __mspabi_slll_6         
00014a0c  __mspabi_slll_5         
00014a10  __mspabi_slll_4         
00014a14  __mspabi_slll_3         
00014a18  __mspabi_slll_2         
00014a1c  __mspabi_slll_1         
00014a22  __mspabi_srll_15        
00014a26  __mspabi_srll_14        
00014a2a  __mspabi_srll_13        
00014a2e  __mspabi_srll_12        
00014a32  __mspabi_srll_11        
00014a36  __mspabi_srll_10        
00014a3a  __mspabi_srll_9         
00014a3e  __mspabi_srll_8         
00014a42  __mspabi_srll_7         
00014a46  __mspabi_srll_6         
00014a4a  __mspabi_srll_5         
00014a4e  __mspabi_srll_4         
00014a52  __mspabi_srll_3         
00014a56  __mspabi_srll_2         
00014a5a  __mspabi_srll_1         
00014a60  Clock_XT2_Init          
00014ad2  __mspabi_fltif          
00014b08  Clock_XT1_Init          
00014b3a  LTC1_Start_ADCCV        
00014b6c  LTC2_Start_ADCCV        
00014b9e  LTC3_Start_ADCCV        
00014bd0  __mspabi_subd           
00014c02  can_mod                 
00014c34  __mspabi_fltulf         
00014c66  LTC1_init               
00014c96  LTC2_init               
00014cc6  LTC3_init               
00014cf6  adc_misc_selfcal        
00014d24  can_rts                 
00014d52  adc_misc_reset          
00014d7e  can_flag_check          
00014daa  __mspabi_divi           
00014daa  __mspabi_remi           
00014dd6  BPS2PC_puts             
00014e00  clock_init              
00014e28  Port_Init               
00014e4e  adc_misc_spi_init       
00014e74  LTC1SPI_init            
00014e98  LTC2SPI_init            
00014ebc  LTC3SPI_init            
00014ee0  adc_misc_fselfcal       
00014f04  adc_misc_zselfcal       
00014f28  __mspabi_mpyl_f5hw      
00014f4c  BPS2PC_init             
00014f6e  adc_bus1_spi_init       
00014f90  adc_bus2_spi_init       
00014fb2  canspi_init             
00014ff4  memccpy                 
00015012  adc5_status             
0001502e  adc6_status             
0001504a  adc_misc_status         
00015066  can_read_status         
00015082  strcmp                  
0001509e  timerB_init             
000150b8  BPS2PC_getchar          
000150d0  adc1_status             
000150e8  adc2_status             
00015100  adc3_status             
00015118  adc4_status             
00015130  __mspabi_mpyi_f5hw      
00015148  can_reset               
0001515e  memset                  
00015174  __mspabi_divu           
00015174  __mspabi_remu           
0001519e  memcpy                  
000151b2  __TI_decompress_none    
000151c4  LTC1_exchange           
000151d4  LTC1_transmit           
000151e4  LTC2_exchange           
000151f4  LTC2_transmit           
00015204  LTC3_exchange           
00015214  LTC3_transmit           
00015224  adc_bus1_exchange       
00015234  adc_bus1_transmit       
00015244  adc_bus2_exchange       
00015254  adc_bus2_transmit       
00015264  adc_misc_exchange       
00015274  adc_misc_transmit       
00015284  canspi_exchange         
00015294  canspi_transmit         
000152a4  __mspabi_sral           
000152b4  __mspabi_slll           
000152c4  __mspabi_srll           
000152d4  strlen                  
000152e2  BPS2PC_putchar          
000152ee  abs                     
000152f8  __mspabi_fltud          
000152fe  C$$EXIT                 
000152fe  abort                   
00015304  __TI_decompress_rle24   
0001530a  _system_pre_init        
0001530e  _system_post_cinit      
ffffffff  __TI_pprof_out_hndl     
ffffffff  __TI_prof_data_size     
ffffffff  __TI_prof_data_start    
ffffffff  __c_args__              
UNDEFED   __TI_BINIT_Base         
UNDEFED   __TI_BINIT_Limit        
UNDEFED   __TI_INITARRAY_Base     
UNDEFED   __TI_INITARRAY_Limit    

[973 symbols]
